Copyright 1986-2022 Xilinx, Inc. All Rights Reserved.
------------------------------------------------------------------------------------
| Tool Version : Vivado v.2022.2 (lin64) Build 3671981 Fri Oct 14 04:59:54 MDT 2022
| Date         : Sat Jan 11 00:19:38 2025
| Host         : karpuz running 64-bit Ubuntu 22.04.5 LTS
| Command      : report_control_sets -verbose -file air_soc_control_sets_placed.rpt
| Design       : air_soc
| Device       : xc7z045
------------------------------------------------------------------------------------

Control Set Information

Table of Contents
-----------------
1. Summary
2. Histogram
3. Flip-Flop Distribution
4. Detailed Control Set Information

1. Summary
----------

+----------------------------------------------------------+-------+
|                          Status                          | Count |
+----------------------------------------------------------+-------+
| Total control sets                                       |   206 |
|    Minimum number of control sets                        |   206 |
|    Addition due to synthesis replication                 |     0 |
|    Addition due to physical synthesis replication        |     0 |
| Unused register locations in slices containing registers |   160 |
+----------------------------------------------------------+-------+
* Control sets can be merged at opt_design using control_set_merge or merge_equivalent_drivers
** Run report_qor_suggestions for automated merging and remapping suggestions


2. Histogram
------------

+--------------------+-------+
|       Fanout       | Count |
+--------------------+-------+
| Total control sets |   206 |
| >= 0 to < 4        |     2 |
| >= 4 to < 6        |     8 |
| >= 6 to < 8        |     6 |
| >= 8 to < 10       |    95 |
| >= 10 to < 12      |     0 |
| >= 12 to < 14      |     1 |
| >= 14 to < 16      |     0 |
| >= 16              |    94 |
+--------------------+-------+
* Control sets can be remapped at either synth_design or opt_design


3. Flip-Flop Distribution
-------------------------

+--------------+-----------------------+------------------------+-----------------+--------------+
| Clock Enable | Synchronous Set/Reset | Asynchronous Set/Reset | Total Registers | Total Slices |
+--------------+-----------------------+------------------------+-----------------+--------------+
| No           | No                    | No                     |             101 |           41 |
| No           | No                    | Yes                    |             124 |           66 |
| No           | Yes                   | No                     |            1154 |          676 |
| Yes          | No                    | No                     |             192 |           72 |
| Yes          | No                    | Yes                    |            1957 |          845 |
| Yes          | Yes                   | No                     |             632 |          168 |
+--------------+-----------------------+------------------------+-----------------+--------------+


4. Detailed Control Set Information
-----------------------------------

+----------------------------------------------------------------------------------------------+--------------------------------------------------------------------------------------------------------+-------------------------------------------------------+------------------+----------------+--------------+
|                                         Clock Signal                                         |                                              Enable Signal                                             |                    Set/Reset Signal                   | Slice Load Count | Bel Load Count | Bels / Slice |
+----------------------------------------------------------------------------------------------+--------------------------------------------------------------------------------------------------------+-------------------------------------------------------+------------------+----------------+--------------+
| ~dutclk/inst/clk_out1                                                                        |                                                                                                        |                                                       |                1 |              1 |         1.00 |
|  cv32e40p_core_ip/core_i/sleep_unit_i/core_clock_gate_i/clk_gate_i/bbstub_clk_out1           |                                                                                                        |                                                       |                1 |              1 |         1.00 |
|  dutclk/inst/clk_out1                                                                        | uart/uart_iface_dut/uart_tx_dut/uart_clk_pulse                                                         | main_memory/prog_sys_rst_n_reg_0                      |                1 |              4 |         4.00 |
|  dutclk/inst/clk_out1                                                                        | main_memory/simpleuart/recv_buf_valid_reg_1[0]                                                         | main_memory/simpleuart/SR[0]                          |                2 |              4 |         2.00 |
|  dutclk/inst/clk_out1                                                                        | main_memory/simpleuart/recv_state_0                                                                    | main_memory/simpleuart/SR[0]                          |                1 |              4 |         4.00 |
|  core_i/clk                                                                                  | cv32e40p_core_ip/core_i/ex_stage_i/mult_i/FSM_sequential_mulh_CS_reg[2]_3[0]                           | main_memory/prog_sys_rst_n_reg_0                      |                2 |              4 |         2.00 |
|  dutclk/inst/clk_out1                                                                        | main_memory/rvalid_o_reg_3                                                                             | main_memory/prog_sys_rst_n_reg_0                      |                4 |              5 |         1.25 |
|  core_i/clk                                                                                  | cv32e40p_core_ip/core_i/id_stage_i/regfile_we_ex_o_reg_1[0]                                            | main_memory/prog_sys_rst_n_reg_0                      |                1 |              5 |         5.00 |
|  core_i/clk                                                                                  | cv32e40p_core_ip/core_i/if_stage_i/instr_rdata_id_o_reg[0]_0[0]                                        | main_memory/prog_sys_rst_n_reg_0                      |                1 |              5 |         5.00 |
|  core_i/clk                                                                                  | cv32e40p_core_ip/core_i/ex_stage_i/mult_i/FSM_sequential_mulh_CS_reg[1]_3[0]                           | main_memory/prog_sys_rst_n_reg_0                      |                1 |              5 |         5.00 |
|  core_i/clk                                                                                  | cv32e40p_core_ip/core_i/id_stage_i/controller_i/E[0]                                                   | main_memory/prog_sys_rst_n_reg_0                      |                3 |              6 |         2.00 |
|  core_i/clk                                                                                  | obi_demux_dut/E[0]                                                                                     | main_memory/prog_sys_rst_n_reg_0                      |                2 |              6 |         3.00 |
|  core_i/clk                                                                                  | cv32e40p_core_ip/core_i/id_stage_i/controller_i/debug_mode_q_reg_1[0]                                  | main_memory/prog_sys_rst_n_reg_0                      |                3 |              6 |         2.00 |
|  core_i/clk                                                                                  | cv32e40p_core_ip/core_i/ex_stage_i/alu_i/alu_div_i/Cnt_DP[5]_i_1_n_0                                   | main_memory/prog_sys_rst_n_reg_0                      |                4 |              6 |         1.50 |
|  dutclk/inst/clk_out1                                                                        | main_memory/simpleuart/FSM_onehot_state_prog_reg[2]_0[0]                                               | main_memory/simpleuart/SR[0]                          |                3 |              6 |         2.00 |
|  core_i/clk                                                                                  | cv32e40p_core_ip/core_i/ex_stage_i/mult_i/E[0]                                                         | main_memory/prog_sys_rst_n_reg_0                      |                7 |              7 |         1.00 |
|  dutclk/inst/clk_out1                                                                        | dcache/way0/lines[0][15]_i_1__0_n_0                                                                    | main_memory/prog_sys_rst_n_reg_0                      |                3 |              8 |         2.67 |
|  dutclk/inst/clk_out1                                                                        | dcache/way1/lines[0][31]_i_1_n_0                                                                       | main_memory/prog_sys_rst_n_reg_0                      |                2 |              8 |         4.00 |
|  dutclk/inst/clk_out1                                                                        | dcache/way1/lines[0][39]_i_1_n_0                                                                       | main_memory/prog_sys_rst_n_reg_0                      |                1 |              8 |         8.00 |
|  dutclk/inst/clk_out1                                                                        | dcache/way1/lines[2][23]_i_1_n_0                                                                       | main_memory/prog_sys_rst_n_reg_0                      |                2 |              8 |         4.00 |
|  dutclk/inst/clk_out1                                                                        | dcache/way1/lines[0][47]_i_1_n_0                                                                       | main_memory/prog_sys_rst_n_reg_0                      |                5 |              8 |         1.60 |
|  dutclk/inst/clk_out1                                                                        | dcache/way1/lines[2][15]_i_1_n_0                                                                       | main_memory/prog_sys_rst_n_reg_0                      |                3 |              8 |         2.67 |
|  dutclk/inst/clk_out1                                                                        | dcache/way0/lines[0][31]_i_1__0_n_0                                                                    | main_memory/prog_sys_rst_n_reg_0                      |                3 |              8 |         2.67 |
|  dutclk/inst/clk_out1                                                                        | dcache/way0/lines[0][39]_i_1__0_n_0                                                                    | main_memory/prog_sys_rst_n_reg_0                      |                2 |              8 |         4.00 |
|  dutclk/inst/clk_out1                                                                        | dcache/way0/lines[0][7]_i_1__0_n_0                                                                     | main_memory/prog_sys_rst_n_reg_0                      |                3 |              8 |         2.67 |
|  dutclk/inst/clk_out1                                                                        | dcache/way0/lines[1][39]_i_1__0_n_0                                                                    | main_memory/prog_sys_rst_n_reg_0                      |                2 |              8 |         4.00 |
|  dutclk/inst/clk_out1                                                                        | dcache/way1/lines[1][47]_i_1_n_0                                                                       | main_memory/prog_sys_rst_n_reg_0                      |                5 |              8 |         1.60 |
|  dutclk/inst/clk_out1                                                                        | dcache/way0/lines[0][63]_i_1__0_n_0                                                                    | main_memory/prog_sys_rst_n_reg_0                      |                3 |              8 |         2.67 |
|  dutclk/inst/clk_out1                                                                        | dcache/way0/lines[0][55]_i_1__0_n_0                                                                    | main_memory/prog_sys_rst_n_reg_0                      |                3 |              8 |         2.67 |
|  dutclk/inst/clk_out1                                                                        | dcache/way1/lines[1][7]_i_1_n_0                                                                        | main_memory/prog_sys_rst_n_reg_0                      |                2 |              8 |         4.00 |
|  dutclk/inst/clk_out1                                                                        | dcache/way1/lines[2][47]_i_1_n_0                                                                       | main_memory/prog_sys_rst_n_reg_0                      |                4 |              8 |         2.00 |
|  dutclk/inst/clk_out1                                                                        | dcache/way0/lines[1][7]_i_1__0_n_0                                                                     | main_memory/prog_sys_rst_n_reg_0                      |                3 |              8 |         2.67 |
|  dutclk/inst/clk_out1                                                                        | dcache/way0/lines[1][47]_i_1__0_n_0                                                                    | main_memory/prog_sys_rst_n_reg_0                      |                2 |              8 |         4.00 |
|  dutclk/inst/clk_out1                                                                        | dcache/way0/lines[1][63]_i_1__0_n_0                                                                    | main_memory/prog_sys_rst_n_reg_0                      |                5 |              8 |         1.60 |
|  dutclk/inst/clk_out1                                                                        | dcache/way0/lines[1][23]_i_1__0_n_0                                                                    | main_memory/prog_sys_rst_n_reg_0                      |                2 |              8 |         4.00 |
|  dutclk/inst/clk_out1                                                                        | dcache/way1/lines[1][55]_i_1_n_0                                                                       | main_memory/prog_sys_rst_n_reg_0                      |                2 |              8 |         4.00 |
|  dutclk/inst/clk_out1                                                                        | dcache/way1/lines[3][15]_i_1_n_0                                                                       | main_memory/prog_sys_rst_n_reg_0                      |                2 |              8 |         4.00 |
|  dutclk/inst/clk_out1                                                                        | dcache/way1/lines[3][23]_i_1_n_0                                                                       | main_memory/prog_sys_rst_n_reg_0                      |                2 |              8 |         4.00 |
|  dutclk/inst/clk_out1                                                                        | dcache/way1/lines[3][31]_i_1_n_0                                                                       | main_memory/prog_sys_rst_n_reg_0                      |                2 |              8 |         4.00 |
|  dutclk/inst/clk_out1                                                                        | dcache/way1/lines[3][39]_i_1_n_0                                                                       | main_memory/prog_sys_rst_n_reg_0                      |                4 |              8 |         2.00 |
|  dutclk/inst/clk_out1                                                                        | dcache/way1/lines[3][47]_i_1_n_0                                                                       | main_memory/prog_sys_rst_n_reg_0                      |                3 |              8 |         2.67 |
|  dutclk/inst/clk_out1                                                                        | dcache/way1/lines[3][55]_i_1_n_0                                                                       | main_memory/prog_sys_rst_n_reg_0                      |                3 |              8 |         2.67 |
|  dutclk/inst/clk_out1                                                                        | dcache/way1/lines[2][55]_i_1_n_0                                                                       | main_memory/prog_sys_rst_n_reg_0                      |                5 |              8 |         1.60 |
|  dutclk/inst/clk_out1                                                                        | dcache/way1/lines[3][63]_i_1_n_0                                                                       | main_memory/prog_sys_rst_n_reg_0                      |                2 |              8 |         4.00 |
|  dutclk/inst/clk_out1                                                                        | dcache/way1/lines[3][7]_i_1_n_0                                                                        | main_memory/prog_sys_rst_n_reg_0                      |                1 |              8 |         8.00 |
|  dutclk/inst/clk_out1                                                                        | dcache/way1/lines[2][63]_i_1_n_0                                                                       | main_memory/prog_sys_rst_n_reg_0                      |                5 |              8 |         1.60 |
|  dutclk/inst/clk_out1                                                                        | dcache/way1/lines[2][39]_i_1_n_0                                                                       | main_memory/prog_sys_rst_n_reg_0                      |                4 |              8 |         2.00 |
|  dutclk/inst/clk_out1                                                                        | dcache/way1/lines[1][63]_i_1_n_0                                                                       | main_memory/prog_sys_rst_n_reg_0                      |                5 |              8 |         1.60 |
|  dutclk/inst/clk_out1                                                                        | dcache/way1/lines[1][23]_i_1_n_0                                                                       | main_memory/prog_sys_rst_n_reg_0                      |                2 |              8 |         4.00 |
|  dutclk/inst/clk_out1                                                                        | dcache/way1/lines[2][7]_i_1_n_0                                                                        | main_memory/prog_sys_rst_n_reg_0                      |                2 |              8 |         4.00 |
|  dutclk/inst/clk_out1                                                                        | dcache/way1/lines[0][15]_i_1_n_0                                                                       | main_memory/prog_sys_rst_n_reg_0                      |                3 |              8 |         2.67 |
|  dutclk/inst/clk_out1                                                                        | dcache/way1/lines[0][23]_i_1_n_0                                                                       | main_memory/prog_sys_rst_n_reg_0                      |                4 |              8 |         2.00 |
|  dutclk/inst/clk_out1                                                                        | dcache/way1/lines[0][55]_i_1_n_0                                                                       | main_memory/prog_sys_rst_n_reg_0                      |                3 |              8 |         2.67 |
|  dutclk/inst/clk_out1                                                                        | dcache/way1/lines[1][39]_i_1_n_0                                                                       | main_memory/prog_sys_rst_n_reg_0                      |                5 |              8 |         1.60 |
|  dutclk/inst/clk_out1                                                                        | dcache/way1/lines[2][31]_i_1_n_0                                                                       | main_memory/prog_sys_rst_n_reg_0                      |                2 |              8 |         4.00 |
|  dutclk/inst/clk_out1                                                                        | obi_demux_dut/data_addr_reg[4]_2[0]                                                                    | main_memory/prog_sys_rst_n_reg_0                      |                3 |              8 |         2.67 |
|  dutclk/inst/clk_out1                                                                        | obi_demux_dut/data_addr_reg[3]_1[2]                                                                    | main_memory/prog_sys_rst_n_reg_0                      |                2 |              8 |         4.00 |
|  dutclk/inst/clk_out1                                                                        | obi_demux_dut/data_addr_reg[3]_1[3]                                                                    | main_memory/prog_sys_rst_n_reg_0                      |                2 |              8 |         4.00 |
|  dutclk/inst/clk_out1                                                                        | obi_demux_dut/data_addr_reg[3]_2[0]                                                                    | main_memory/prog_sys_rst_n_reg_0                      |                2 |              8 |         4.00 |
|  dutclk/inst/clk_out1                                                                        | obi_demux_dut/data_addr_reg[3]_2[1]                                                                    | main_memory/prog_sys_rst_n_reg_0                      |                2 |              8 |         4.00 |
|  dutclk/inst/clk_out1                                                                        | obi_demux_dut/data_addr_reg[3]_2[2]                                                                    | main_memory/prog_sys_rst_n_reg_0                      |                2 |              8 |         4.00 |
|  dutclk/inst/clk_out1                                                                        | obi_demux_dut/data_addr_reg[3]_2[3]                                                                    | main_memory/prog_sys_rst_n_reg_0                      |                1 |              8 |         8.00 |
|  dutclk/inst/clk_out1                                                                        | obi_demux_dut/data_addr_reg[4]_0[0]                                                                    | main_memory/prog_sys_rst_n_reg_0                      |                1 |              8 |         8.00 |
|  dutclk/inst/clk_out1                                                                        | obi_demux_dut/data_addr_reg[4]_0[1]                                                                    | main_memory/prog_sys_rst_n_reg_0                      |                2 |              8 |         4.00 |
|  dutclk/inst/clk_out1                                                                        | obi_demux_dut/data_addr_reg[4]_0[2]                                                                    | main_memory/prog_sys_rst_n_reg_0                      |                3 |              8 |         2.67 |
|  dutclk/inst/clk_out1                                                                        | obi_demux_dut/data_addr_reg[4]_0[3]                                                                    | main_memory/prog_sys_rst_n_reg_0                      |                3 |              8 |         2.67 |
|  dutclk/inst/clk_out1                                                                        | obi_demux_dut/data_addr_reg[3]_1[1]                                                                    | main_memory/prog_sys_rst_n_reg_0                      |                4 |              8 |         2.00 |
|  dutclk/inst/clk_out1                                                                        | obi_demux_dut/data_addr_reg[4]_2[1]                                                                    | main_memory/prog_sys_rst_n_reg_0                      |                1 |              8 |         8.00 |
|  dutclk/inst/clk_out1                                                                        | obi_demux_dut/data_addr_reg[4]_2[2]                                                                    | main_memory/prog_sys_rst_n_reg_0                      |                2 |              8 |         4.00 |
|  dutclk/inst/clk_out1                                                                        | obi_demux_dut/data_addr_reg[4]_2[3]                                                                    | main_memory/prog_sys_rst_n_reg_0                      |                2 |              8 |         4.00 |
|  dutclk/inst/clk_out1                                                                        | obi_demux_dut/data_addr_reg[4]_3[0]                                                                    | main_memory/prog_sys_rst_n_reg_0                      |                2 |              8 |         4.00 |
|  dutclk/inst/clk_out1                                                                        | obi_demux_dut/data_addr_reg[4]_3[1]                                                                    | main_memory/prog_sys_rst_n_reg_0                      |                1 |              8 |         8.00 |
|  dutclk/inst/clk_out1                                                                        | obi_demux_dut/data_addr_reg[4]_3[2]                                                                    | main_memory/prog_sys_rst_n_reg_0                      |                3 |              8 |         2.67 |
|  dutclk/inst/clk_out1                                                                        | obi_demux_dut/data_addr_reg[4]_3[3]                                                                    | main_memory/prog_sys_rst_n_reg_0                      |                1 |              8 |         8.00 |
|  dutclk/inst/clk_out1                                                                        | main_memory/simpleuart/p_2_in                                                                          | main_memory/simpleuart/SR[0]                          |                2 |              8 |         4.00 |
|  dutclk/inst/clk_out1                                                                        | main_memory/simpleuart/recv_pattern[7]_i_1_n_0                                                         | main_memory/simpleuart/SR[0]                          |                2 |              8 |         4.00 |
|  dutclk/inst/clk_out1                                                                        | obi_demux_dut/data_addr_reg[0]_0[0]                                                                    | main_memory/prog_sys_rst_n_reg_0                      |                2 |              8 |         4.00 |
|  dutclk/inst/clk_out1                                                                        | dcache/way0/lines[2][7]_i_1__0_n_0                                                                     | main_memory/prog_sys_rst_n_reg_0                      |                2 |              8 |         4.00 |
|  dutclk/inst/clk_out1                                                                        | dcache/way0/lines[3][23]_i_1__0_n_0                                                                    | main_memory/prog_sys_rst_n_reg_0                      |                3 |              8 |         2.67 |
|  dutclk/inst/clk_out1                                                                        | dcache/way0/lines[2][47]_i_1__0_n_0                                                                    | main_memory/prog_sys_rst_n_reg_0                      |                2 |              8 |         4.00 |
|  dutclk/inst/clk_out1                                                                        | dcache/way0/lines[2][55]_i_1__0_n_0                                                                    | main_memory/prog_sys_rst_n_reg_0                      |                1 |              8 |         8.00 |
|  dutclk/inst/clk_out1                                                                        | dcache/way0/lines[2][31]_i_1__0_n_0                                                                    | main_memory/prog_sys_rst_n_reg_0                      |                3 |              8 |         2.67 |
|  dutclk/inst/clk_out1                                                                        | dcache/way0/lines[3][39]_i_1__0_n_0                                                                    | main_memory/prog_sys_rst_n_reg_0                      |                5 |              8 |         1.60 |
|  dutclk/inst/clk_out1                                                                        | dcache/way0/lines[3][55]_i_1__0_n_0                                                                    | main_memory/prog_sys_rst_n_reg_0                      |                2 |              8 |         4.00 |
|  dutclk/inst/clk_out1                                                                        | dcache/way0/lines[3][63]_i_1__0_n_0                                                                    | main_memory/prog_sys_rst_n_reg_0                      |                3 |              8 |         2.67 |
|  dutclk/inst/clk_out1                                                                        | dcache/way0/lines[3][15]_i_1__0_n_0                                                                    | main_memory/prog_sys_rst_n_reg_0                      |                5 |              8 |         1.60 |
|  dutclk/inst/clk_out1                                                                        | dcache/way0/lines[2][15]_i_1__0_n_0                                                                    | main_memory/prog_sys_rst_n_reg_0                      |                2 |              8 |         4.00 |
|  dutclk/inst/clk_out1                                                                        | obi_demux_dut/data_addr_reg[0]_0[1]                                                                    | main_memory/prog_sys_rst_n_reg_0                      |                2 |              8 |         4.00 |
|  dutclk/inst/clk_out1                                                                        | obi_demux_dut/data_addr_reg[0]_0[2]                                                                    | main_memory/prog_sys_rst_n_reg_0                      |                3 |              8 |         2.67 |
|  dutclk/inst/clk_out1                                                                        | obi_demux_dut/data_addr_reg[0]_0[3]                                                                    | main_memory/prog_sys_rst_n_reg_0                      |                2 |              8 |         4.00 |
|  dutclk/inst/clk_out1                                                                        | obi_demux_dut/data_addr_reg[2]_0[0]                                                                    | main_memory/prog_sys_rst_n_reg_0                      |                1 |              8 |         8.00 |
|  dutclk/inst/clk_out1                                                                        | obi_demux_dut/data_addr_reg[2]_0[1]                                                                    | main_memory/prog_sys_rst_n_reg_0                      |                3 |              8 |         2.67 |
|  dutclk/inst/clk_out1                                                                        | obi_demux_dut/data_addr_reg[2]_0[2]                                                                    | main_memory/prog_sys_rst_n_reg_0                      |                4 |              8 |         2.00 |
|  dutclk/inst/clk_out1                                                                        | obi_demux_dut/data_addr_reg[2]_0[3]                                                                    | main_memory/prog_sys_rst_n_reg_0                      |                2 |              8 |         4.00 |
|  dutclk/inst/clk_out1                                                                        | obi_demux_dut/data_addr_reg[3]_0[0]                                                                    |                                                       |                2 |              8 |         4.00 |
|  dutclk/inst/clk_out1                                                                        | obi_demux_dut/data_addr_reg[3]_1[0]                                                                    | main_memory/prog_sys_rst_n_reg_0                      |                3 |              8 |         2.67 |
|  dutclk/inst/clk_out1                                                                        | dcache/way1/lines[0][63]_i_1_n_0                                                                       | main_memory/prog_sys_rst_n_reg_0                      |                4 |              8 |         2.00 |
|  dutclk/inst/clk_out1                                                                        | dcache/way0/lines[0][23]_i_1__0_n_0                                                                    | main_memory/prog_sys_rst_n_reg_0                      |                6 |              8 |         1.33 |
|  dutclk/inst/clk_out1                                                                        | dcache/way0/lines[0][47]_i_1__0_n_0                                                                    | main_memory/prog_sys_rst_n_reg_0                      |                3 |              8 |         2.67 |
|  dutclk/inst/clk_out1                                                                        | dcache/way0/lines[1][31]_i_1__0_n_0                                                                    | main_memory/prog_sys_rst_n_reg_0                      |                3 |              8 |         2.67 |
|  dutclk/inst/clk_out1                                                                        | dcache/way0/lines[1][55]_i_1__0_n_0                                                                    | main_memory/prog_sys_rst_n_reg_0                      |                2 |              8 |         4.00 |
|  dutclk/inst/clk_out1                                                                        | dcache/way0/lines[2][39]_i_1__0_n_0                                                                    | main_memory/prog_sys_rst_n_reg_0                      |                6 |              8 |         1.33 |
|  dutclk/inst/clk_out1                                                                        | dcache/way0/lines[2][63]_i_1__0_n_0                                                                    | main_memory/prog_sys_rst_n_reg_0                      |                3 |              8 |         2.67 |
|  dutclk/inst/clk_out1                                                                        | dcache/way0/lines[3][47]_i_1__0_n_0                                                                    | main_memory/prog_sys_rst_n_reg_0                      |                4 |              8 |         2.00 |
|  dutclk/inst/clk_out1                                                                        | dcache/way1/lines[1][15]_i_1_n_0                                                                       | main_memory/prog_sys_rst_n_reg_0                      |                3 |              8 |         2.67 |
|  dutclk/inst/clk_out1                                                                        | dcache/way0/lines[1][15]_i_1__0_n_0                                                                    | main_memory/prog_sys_rst_n_reg_0                      |                4 |              8 |         2.00 |
|  dutclk/inst/clk_out1                                                                        | dcache/way0/lines[2][23]_i_1__0_n_0                                                                    | main_memory/prog_sys_rst_n_reg_0                      |                4 |              8 |         2.00 |
|  dutclk/inst/clk_out1                                                                        | dcache/way0/lines[3][31]_i_1__0_n_0                                                                    | main_memory/prog_sys_rst_n_reg_0                      |                4 |              8 |         2.00 |
|  dutclk/inst/clk_out1                                                                        | dcache/way1/lines[0][7]_i_1_n_0                                                                        | main_memory/prog_sys_rst_n_reg_0                      |                2 |              8 |         4.00 |
|  dutclk/inst/clk_out1                                                                        | dcache/way1/lines[1][31]_i_1_n_0                                                                       | main_memory/prog_sys_rst_n_reg_0                      |                3 |              8 |         2.67 |
|  dutclk/inst/clk_out1                                                                        | dcache/way0/lines[3][7]_i_1__0_n_0                                                                     | main_memory/prog_sys_rst_n_reg_0                      |                4 |              8 |         2.00 |
|  dutclk/inst/clk_out1                                                                        | uart/uart_iface_dut/uart_tx_dut/queue_reg_0_1_0_5_i_1_n_0                                              |                                                       |                2 |             12 |         6.00 |
|  dutclk/inst/clk_out1                                                                        |                                                                                                        | uart/uart_iface_dut/uart_tx_dut/counter[0]_i_1__0_n_0 |                4 |             16 |         4.00 |
|  core_i/clk                                                                                  | cv32e40p_core_ip/core_i/id_stage_i/csr_op_ex_o_reg[1]_2[0]                                             | main_memory/prog_sys_rst_n_reg_0                      |                7 |             16 |         2.29 |
|  core_i/clk                                                                                  | cv32e40p_core_ip/core_i/if_stage_i/prefetch_buffer_i/instruction_obi_i/gen_no_trans_stable.obi_addr_q0 | main_memory/prog_sys_rst_n_reg_0                      |               15 |             17 |         1.13 |
|  core_i/clk                                                                                  | cv32e40p_core_ip/core_i/if_stage_i/prefetch_buffer_i/prefetch_controller_i/trans_addr_q0               | main_memory/prog_sys_rst_n_reg_0                      |                8 |             17 |         2.12 |
|  dutclk/inst/clk_out1                                                                        | main_memory/prog_addr0                                                                                 | main_memory/prog_addr[0]_i_1_n_0                      |                5 |             17 |         3.40 |
|  core_i/clk                                                                                  | cv32e40p_core_ip/core_i/id_stage_i/controller_i/ctrl_fsm_cs_reg[1]_12[0]                               | main_memory/prog_sys_rst_n_reg_0                      |                7 |             18 |         2.57 |
|  core_i/clk                                                                                  | cv32e40p_core_ip/core_i/id_stage_i/alu_operand_b_ex_o_reg[6]_2[0]                                      | main_memory/prog_sys_rst_n_reg_0                      |               10 |             19 |         1.90 |
|  dutclk/inst/clk_out1                                                                        | obi_demux_dut/data_addr_reg[3]_0[0]                                                                    | obi_demux_dut/data_addr_reg[3]_3                      |                7 |             24 |         3.43 |
|  core_i/clk                                                                                  | cv32e40p_core_ip/core_i/id_stage_i/controller_i/ctrl_fsm_cs_reg[2]_2[0]                                | main_memory/prog_sys_rst_n_reg_0                      |                8 |             24 |         3.00 |
|  dutclk/inst/clk_out1                                                                        | dcache/way0/tags[0][26]_i_1__0_n_0                                                                     | main_memory/prog_sys_rst_n_reg_0                      |               12 |             27 |         2.25 |
|  dutclk/inst/clk_out1                                                                        | dcache/way0/tags[1][26]_i_1__0_n_0                                                                     | main_memory/prog_sys_rst_n_reg_0                      |               13 |             27 |         2.08 |
|  dutclk/inst/clk_out1                                                                        | dcache/way0/tags[2][26]_i_1__0_n_0                                                                     | main_memory/prog_sys_rst_n_reg_0                      |               11 |             27 |         2.45 |
|  dutclk/inst/clk_out1                                                                        | dcache/way0/tags                                                                                       | main_memory/prog_sys_rst_n_reg_0                      |               10 |             27 |         2.70 |
|  dutclk/inst/clk_out1                                                                        | dcache/way1/tags[2][26]_i_1_n_0                                                                        | main_memory/prog_sys_rst_n_reg_0                      |               12 |             27 |         2.25 |
|  dutclk/inst/clk_out1                                                                        | dcache/way1/tags[3][26]_i_1_n_0                                                                        | main_memory/prog_sys_rst_n_reg_0                      |               13 |             27 |         2.08 |
|  dutclk/inst/clk_out1                                                                        | dcache/way1/tags[1][26]_i_1_n_0                                                                        | main_memory/prog_sys_rst_n_reg_0                      |               11 |             27 |         2.45 |
|  dutclk/inst/clk_out1                                                                        | dcache/way1/tags[0][26]_i_1_n_0                                                                        | main_memory/prog_sys_rst_n_reg_0                      |                9 |             27 |         3.00 |
|  core_i/clk                                                                                  | cv32e40p_core_ip/core_i/id_stage_i/controller_i/csr_op_ex_o_reg[0]_0[0]                                | main_memory/prog_sys_rst_n_reg_0                      |               15 |             31 |         2.07 |
|  core_i/id_stage_i/register_file_i/clk_int                                                   |                                                                                                        | main_memory/prog_sys_rst_n_reg_0                      |               10 |             31 |         3.10 |
|  cv32e40p_core_ip/core_i/sleep_unit_i/core_clock_gate_i/clk_gate_i/clk_en_reg_1              |                                                                                                        |                                                       |               12 |             31 |         2.58 |
|  core_i/clk                                                                                  | cv32e40p_core_ip/core_i/if_stage_i/aligner_i/pc_q                                                      | main_memory/prog_sys_rst_n_reg_0                      |               13 |             31 |         2.38 |
|  core_i/clk                                                                                  | cv32e40p_core_ip/core_i/id_stage_i/controller_i/debug_mode_q_reg_2[0]                                  | main_memory/prog_sys_rst_n_reg_0                      |               17 |             31 |         1.82 |
|  cv32e40p_core_ip/core_i/id_stage_i/register_file_i/CG_WE_GLOBAL/clk_gate_i/clk_en_reg_7[0]  |                                                                                                        | main_memory/prog_sys_rst_n_reg_0                      |               20 |             32 |         1.60 |
|  cv32e40p_core_ip/core_i/id_stage_i/register_file_i/CG_WE_GLOBAL/clk_gate_i/clk_en_reg_5[0]  |                                                                                                        | main_memory/prog_sys_rst_n_reg_0                      |               18 |             32 |         1.78 |
|  cv32e40p_core_ip/core_i/id_stage_i/register_file_i/CG_WE_GLOBAL/clk_gate_i/clk_en_reg_6[0]  |                                                                                                        | main_memory/prog_sys_rst_n_reg_0                      |               19 |             32 |         1.68 |
|  cv32e40p_core_ip/core_i/id_stage_i/register_file_i/CG_WE_GLOBAL/clk_gate_i/clk_en_reg_0[0]  |                                                                                                        | main_memory/prog_sys_rst_n_reg_0                      |               20 |             32 |         1.60 |
|  cv32e40p_core_ip/core_i/id_stage_i/register_file_i/CG_WE_GLOBAL/clk_gate_i/clk_en_reg_8[0]  |                                                                                                        | main_memory/prog_sys_rst_n_reg_0                      |               18 |             32 |         1.78 |
|  cv32e40p_core_ip/core_i/id_stage_i/register_file_i/CG_WE_GLOBAL/clk_gate_i/clk_en_reg_9[0]  |                                                                                                        | main_memory/prog_sys_rst_n_reg_0                      |               21 |             32 |         1.52 |
|  cv32e40p_core_ip/core_i/id_stage_i/register_file_i/CG_WE_GLOBAL/clk_gate_i/clk_en_reg_15[0] |                                                                                                        | main_memory/prog_sys_rst_n_reg_0                      |               21 |             32 |         1.52 |
|  core_i/clk                                                                                  | cv32e40p_core_ip/core_i/id_stage_i/controller_i/prepost_useincr_ex_o_reg[0]                            | main_memory/prog_sys_rst_n_reg_0                      |               22 |             32 |         1.45 |
|  dutclk/inst/clk_out1                                                                        | timer/timer_iface_dut/TIM_ENA[0]                                                                       | timer/timer_iface_dut/tt/counter[63]_i_1_n_0          |                6 |             32 |         5.33 |
|  core_i/clk                                                                                  | cv32e40p_core_ip/core_i/id_stage_i/controller_i/branch_in_ex_o_reg_1[0]                                | main_memory/prog_sys_rst_n_reg_0                      |               23 |             32 |         1.39 |
|  core_i/clk                                                                                  | cv32e40p_core_ip/core_i/id_stage_i/controller_i/csr_access_ex_o_reg[0]                                 | main_memory/prog_sys_rst_n_reg_0                      |               10 |             32 |         3.20 |
|  cv32e40p_core_ip/core_i/id_stage_i/register_file_i/CG_WE_GLOBAL/clk_gate_i/clk_en_reg_1[0]  |                                                                                                        | main_memory/prog_sys_rst_n_reg_0                      |               21 |             32 |         1.52 |
|  dutclk/inst/clk_out1                                                                        | uart/uart_iface_dut/E[0]                                                                               | main_memory/prog_sys_rst_n_reg_0                      |               10 |             32 |         3.20 |
|  cv32e40p_core_ip/core_i/id_stage_i/register_file_i/CG_WE_GLOBAL/clk_gate_i/clk_en_reg_12[0] |                                                                                                        | main_memory/prog_sys_rst_n_reg_0                      |               19 |             32 |         1.68 |
|  dutclk/inst/clk_out1                                                                        | timer/timer_iface_dut/E[0]                                                                             | main_memory/prog_sys_rst_n_reg_0                      |               10 |             32 |         3.20 |
|  dutclk/inst/clk_out1                                                                        | timer/timer_iface_dut/tt/TIM_EVN_NEXT_R                                                                | timer/timer_iface_dut/tt/TIM_EVN_R[31]_i_1_n_0        |                6 |             32 |         5.33 |
|  cv32e40p_core_ip/core_i/id_stage_i/register_file_i/CG_WE_GLOBAL/clk_gate_i/clk_en_reg_10[0] |                                                                                                        | main_memory/prog_sys_rst_n_reg_0                      |               21 |             32 |         1.52 |
|  dutclk/inst/clk_out1                                                                        | main_memory/simpleuart/recv_buf_valid_reg_3[0]                                                         | main_memory/simpleuart/SR[0]                          |                8 |             32 |         4.00 |
|  cv32e40p_core_ip/core_i/id_stage_i/register_file_i/CG_WE_GLOBAL/clk_gate_i/clk_en_reg_11[0] |                                                                                                        | main_memory/prog_sys_rst_n_reg_0                      |               18 |             32 |         1.78 |
|  dutclk/inst/clk_out1                                                                        | main_memory/simpleuart/FSM_onehot_state_prog_reg[3]_0[0]                                               | main_memory/simpleuart/SR[0]                          |                9 |             32 |         3.56 |
|  dutclk/inst/clk_out1                                                                        | main_memory/simpleuart/FSM_onehot_state_prog_reg[3][0]                                                 | main_memory/simpleuart/SR[0]                          |                8 |             32 |         4.00 |
|  dutclk/inst/clk_out1                                                                        | main_memory/simpleuart/FSM_onehot_state_prog_reg[4][0]                                                 | main_memory/simpleuart/SR[0]                          |               11 |             32 |         2.91 |
|  cv32e40p_core_ip/core_i/id_stage_i/register_file_i/CG_WE_GLOBAL/clk_gate_i/clk_en_reg_4[0]  |                                                                                                        | main_memory/prog_sys_rst_n_reg_0                      |               18 |             32 |         1.78 |
|  cv32e40p_core_ip/core_i/id_stage_i/register_file_i/CG_WE_GLOBAL/clk_gate_i/clk_en_reg_13[0] |                                                                                                        | main_memory/prog_sys_rst_n_reg_0                      |               20 |             32 |         1.60 |
|  cv32e40p_core_ip/core_i/id_stage_i/register_file_i/CG_WE_GLOBAL/clk_gate_i/clk_en_reg_14[0] |                                                                                                        | main_memory/prog_sys_rst_n_reg_0                      |               19 |             32 |         1.68 |
|  cv32e40p_core_ip/core_i/id_stage_i/register_file_i/CG_WE_GLOBAL/clk_gate_i/clk_en_reg_16[0] |                                                                                                        | main_memory/prog_sys_rst_n_reg_0                      |               19 |             32 |         1.68 |
|  cv32e40p_core_ip/core_i/id_stage_i/register_file_i/CG_WE_GLOBAL/clk_gate_i/clk_en_reg_17[0] |                                                                                                        | main_memory/prog_sys_rst_n_reg_0                      |               21 |             32 |         1.52 |
|  cv32e40p_core_ip/core_i/id_stage_i/register_file_i/CG_WE_GLOBAL/clk_gate_i/clk_en_reg_18[0] |                                                                                                        | main_memory/prog_sys_rst_n_reg_0                      |               19 |             32 |         1.68 |
|  cv32e40p_core_ip/core_i/id_stage_i/register_file_i/CG_WE_GLOBAL/clk_gate_i/clk_en_reg_2[0]  |                                                                                                        | main_memory/prog_sys_rst_n_reg_0                      |               18 |             32 |         1.78 |
|  cv32e40p_core_ip/core_i/id_stage_i/register_file_i/CG_WE_GLOBAL/clk_gate_i/clk_en_reg_29[0] |                                                                                                        | main_memory/prog_sys_rst_n_reg_0                      |               20 |             32 |         1.60 |
|  cv32e40p_core_ip/core_i/id_stage_i/register_file_i/CG_WE_GLOBAL/clk_gate_i/clk_en_reg_3[0]  |                                                                                                        | main_memory/prog_sys_rst_n_reg_0                      |               18 |             32 |         1.78 |
|  core_i/id_stage_i/register_file_i/p_54_in                                                   |                                                                                                        | main_memory/prog_sys_rst_n_reg_0                      |               23 |             32 |         1.39 |
|  core_i/clk                                                                                  | cv32e40p_core_ip/core_i/if_stage_i/prefetch_buffer_i/fifo_i/mem_q                                      | main_memory/prog_sys_rst_n_reg_0                      |               14 |             32 |         2.29 |
|  core_i/clk                                                                                  | cv32e40p_core_ip/core_i/if_stage_i/prefetch_buffer_i/fifo_i/mem_q[0][31]_i_1_n_0                       | main_memory/prog_sys_rst_n_reg_0                      |               14 |             32 |         2.29 |
|  core_i/clk                                                                                  | cv32e40p_core_ip/core_i/ex_stage_i/mult_i/FSM_sequential_mulh_CS_reg[1]_2[0]                           | main_memory/prog_sys_rst_n_reg_0                      |               18 |             32 |         1.78 |
|  core_i/id_stage_i/register_file_i/p_51_in                                                   |                                                                                                        | main_memory/prog_sys_rst_n_reg_0                      |               20 |             32 |         1.60 |
|  core_i/id_stage_i/register_file_i/clk_int                                                   | cv32e40p_core_ip/core_i/ex_stage_i/regfile_we_wb                                                       | main_memory/prog_sys_rst_n_reg_0                      |               13 |             32 |         2.46 |
|  core_i/id_stage_i/register_file_i/clk_int                                                   | cv32e40p_core_ip/core_i/id_stage_i/regfile_alu_we_ex_o_reg_0                                           | main_memory/prog_sys_rst_n_reg_0                      |               12 |             32 |         2.67 |
|  core_i/id_stage_i/register_file_i/p_52_in                                                   |                                                                                                        | main_memory/prog_sys_rst_n_reg_0                      |               15 |             32 |         2.13 |
|  core_i/id_stage_i/register_file_i/p_53_in                                                   |                                                                                                        | main_memory/prog_sys_rst_n_reg_0                      |               20 |             32 |         1.60 |
|  core_i/clk                                                                                  | obi_demux_dut/data_we_q_reg[0]                                                                         | main_memory/prog_sys_rst_n_reg_0                      |               20 |             32 |         1.60 |
|  core_i/id_stage_i/register_file_i/p_55_in                                                   |                                                                                                        | main_memory/prog_sys_rst_n_reg_0                      |               21 |             32 |         1.52 |
|  core_i/id_stage_i/register_file_i/p_56_in                                                   |                                                                                                        | main_memory/prog_sys_rst_n_reg_0                      |               23 |             32 |         1.39 |
|  core_i/id_stage_i/register_file_i/p_57_in                                                   |                                                                                                        | main_memory/prog_sys_rst_n_reg_0                      |               20 |             32 |         1.60 |
|  core_i/id_stage_i/register_file_i/p_58_in                                                   |                                                                                                        | main_memory/prog_sys_rst_n_reg_0                      |               23 |             32 |         1.39 |
|  core_i/id_stage_i/register_file_i/p_59_in                                                   |                                                                                                        | main_memory/prog_sys_rst_n_reg_0                      |               23 |             32 |         1.39 |
|  core_i/id_stage_i/register_file_i/p_60_in                                                   |                                                                                                        | main_memory/prog_sys_rst_n_reg_0                      |               23 |             32 |         1.39 |
|  dutclk/inst/clk_out1                                                                        |                                                                                                        | obi_demux_dut/SR[0]                                   |               21 |             32 |         1.52 |
|  cv32e40p_core_ip/core_i/id_stage_i/register_file_i/CG_WE_GLOBAL/clk_gate_i/E[0]             |                                                                                                        | main_memory/prog_sys_rst_n_reg_0                      |               23 |             32 |         1.39 |
|  core_i/clk                                                                                  | cv32e40p_core_ip/core_i/id_stage_i/mhpmevent_minstret_o_reg_0[1]                                       | main_memory/prog_sys_rst_n_reg_0                      |                7 |             32 |         4.57 |
|  core_i/clk                                                                                  | cv32e40p_core_ip/core_i/ex_stage_i/mult_i/FSM_sequential_mulh_CS_reg[2]_2[0]                           | main_memory/prog_sys_rst_n_reg_0                      |               16 |             32 |         2.00 |
|  core_i/clk                                                                                  | cv32e40p_core_ip/core_i/ex_stage_i/alu_i/alu_div_i/ARegEn_S                                            | main_memory/prog_sys_rst_n_reg_0                      |                8 |             32 |         4.00 |
|  core_i/clk                                                                                  | cv32e40p_core_ip/core_i/id_stage_i/alu_operand_b_ex_o_reg[6]_0[0]                                      | main_memory/prog_sys_rst_n_reg_0                      |               15 |             32 |         2.13 |
|  core_i/clk                                                                                  | cv32e40p_core_ip/core_i/id_stage_i/csr_op_ex_o_reg[0]_0[0]                                             | main_memory/prog_sys_rst_n_reg_0                      |               13 |             32 |         2.46 |
|  core_i/clk                                                                                  | cv32e40p_core_ip/core_i/id_stage_i/csr_op_ex_o_reg[1]_0[0]                                             | main_memory/prog_sys_rst_n_reg_0                      |               15 |             32 |         2.13 |
|  core_i/clk                                                                                  | cv32e40p_core_ip/core_i/id_stage_i/csr_op_ex_o_reg[1]_0[1]                                             | main_memory/prog_sys_rst_n_reg_0                      |               10 |             32 |         3.20 |
|  core_i/clk                                                                                  | cv32e40p_core_ip/core_i/id_stage_i/csr_op_ex_o_reg[1]_1[0]                                             | main_memory/prog_sys_rst_n_reg_0                      |               13 |             32 |         2.46 |
|  core_i/clk                                                                                  | cv32e40p_core_ip/core_i/id_stage_i/gen_mcountinhibit[0].gen_implemented.mcountinhibit_q_reg[0][0]      | main_memory/prog_sys_rst_n_reg_0                      |               10 |             32 |         3.20 |
|  core_i/clk                                                                                  | cv32e40p_core_ip/core_i/id_stage_i/gen_mcountinhibit[0].gen_implemented.mcountinhibit_q_reg[0][1]      | main_memory/prog_sys_rst_n_reg_0                      |               13 |             32 |         2.46 |
|  core_i/clk                                                                                  | cv32e40p_core_ip/core_i/id_stage_i/mhpmevent_minstret_o_reg_0[0]                                       | main_memory/prog_sys_rst_n_reg_0                      |               14 |             32 |         2.29 |
|  dutclk/inst/clk_out1                                                                        |                                                                                                        | main_memory/simpleuart/SR[0]                          |               11 |             37 |         3.36 |
|  dutclk/inst/clk_out1                                                                        |                                                                                                        | main_memory/prog_sys_rst_n_reg_0                      |               21 |             45 |         2.14 |
|  core_i/clk                                                                                  |                                                                                                        | main_memory/prog_sys_rst_n_reg_0                      |               41 |             61 |         1.49 |
|  core_i/clk                                                                                  | cv32e40p_core_ip/core_i/ex_stage_i/alu_i/alu_div_i/BReg_DP[31]_i_1_n_0                                 | main_memory/prog_sys_rst_n_reg_0                      |               28 |             64 |         2.29 |
|  dutclk/inst/clk_out1                                                                        |                                                                                                        | timer/timer_iface_dut/tt/counter[63]_i_1_n_0          |               12 |             64 |         5.33 |
|  dutclk/inst/clk_out1                                                                        | obi_demux_dut/FSM_sequential_state_reg_inv_0[0]                                                        | main_memory/prog_sys_rst_n_reg_0                      |               26 |             66 |         2.54 |
|  core_i/clk                                                                                  | cv32e40p_core_ip/core_i/ex_stage_i/mult_i/FSM_sequential_mulh_CS_reg[2]_1[0]                           | main_memory/prog_sys_rst_n_reg_0                      |               34 |             67 |         1.97 |
|  dutclk/inst/clk_out1                                                                        |                                                                                                        |                                                       |               27 |             68 |         2.52 |
|  dutclk/inst/clk_out1                                                                        | obi_demux_dut/data_we_0                                                                                | main_memory/prog_sys_rst_n_reg_0                      |               24 |             69 |         2.88 |
|  core_i/clk                                                                                  | cv32e40p_core_ip/core_i/if_stage_i/aligner_i/instr_valid_id_o0                                         | main_memory/prog_sys_rst_n_reg_0                      |               39 |             69 |         1.77 |
|  dutclk/inst/clk_out1                                                                        | main_memory/simpleuart/E[0]                                                                            | main_memory/simpleuart/SR[0]                          |               12 |             72 |         6.00 |
|  dutclk/inst/clk_out1                                                                        | main_memory/E[0]                                                                                       |                                                       |               70 |            184 |         2.63 |
+----------------------------------------------------------------------------------------------+--------------------------------------------------------------------------------------------------------+-------------------------------------------------------+------------------+----------------+--------------+


