Copyright 1986-2022 Xilinx, Inc. All Rights Reserved.
------------------------------------------------------------------------------------------------------------
| Tool Version : Vivado v.2022.2 (lin64) Build 3671981 Fri Oct 14 04:59:54 MDT 2022
| Date         : Sat Jan 11 15:59:17 2025
| Host         : karpuz running 64-bit Ubuntu 22.04.5 LTS
| Command      : report_drc -file air_soc_drc_opted.rpt -pb air_soc_drc_opted.pb -rpx air_soc_drc_opted.rpx
| Design       : air_soc
| Device       : xc7z045ffg900-2
| Speed File   : -2
| Design State : Synthesized
------------------------------------------------------------------------------------------------------------

Report DRC

Table of Contents
-----------------
1. REPORT SUMMARY
2. REPORT DETAILS

1. REPORT SUMMARY
-----------------
            Netlist: netlist
          Floorplan: design_1
      Design limits: <entire design considered>
           Ruledeck: default
             Max violations: <unlimited>
             Violations found: 69
+-----------+----------+----------------------------------------------------+------------+
| Rule      | Severity | Description                                        | Violations |
+-----------+----------+----------------------------------------------------+------------+
| CHECK-3   | Warning  | Report rule limit reached                          | 1          |
| DPIP-1    | Warning  | Input pipelining                                   | 8          |
| DPOP-1    | Warning  | PREG Output pipelining                             | 4          |
| DPOP-2    | Warning  | MREG Output pipelining                             | 3          |
| REQP-101  | Warning  | enum_NUM_CE_1_connects_CE2_ACTIVE_connects_CE2_GND | 16         |
| REQP-1580 | Warning  | Phase alignment                                    | 16         |
| REQP-1839 | Warning  | RAMB36 async control check                         | 20         |
| ZPS7-1    | Warning  | PS7 block required                                 | 1          |
+-----------+----------+----------------------------------------------------+------------+

2. REPORT DETAILS
-----------------
CHECK-3#1 Warning
Report rule limit reached  
REQP-1839 rule limit reached: 20 violations have been found.
Related violations: <none>

DPIP-1#1 Warning
Input pipelining  
DSP cv32e40p_core_ip/core_i/ex_stage_i/mult_i/ input cv32e40p_core_ip/core_i/ex_stage_i/mult_i//A[29:0] is not pipelined. Pipelining DSP48 input will improve performance.
Related violations: <none>

DPIP-1#2 Warning
Input pipelining  
DSP cv32e40p_core_ip/core_i/ex_stage_i/mult_i/ input cv32e40p_core_ip/core_i/ex_stage_i/mult_i//B[17:0] is not pipelined. Pipelining DSP48 input will improve performance.
Related violations: <none>

DPIP-1#3 Warning
Input pipelining  
DSP cv32e40p_core_ip/core_i/ex_stage_i/mult_i/__0 input cv32e40p_core_ip/core_i/ex_stage_i/mult_i/__0/A[29:0] is not pipelined. Pipelining DSP48 input will improve performance.
Related violations: <none>

DPIP-1#4 Warning
Input pipelining  
DSP cv32e40p_core_ip/core_i/ex_stage_i/mult_i/__0 input cv32e40p_core_ip/core_i/ex_stage_i/mult_i/__0/B[17:0] is not pipelined. Pipelining DSP48 input will improve performance.
Related violations: <none>

DPIP-1#5 Warning
Input pipelining  
DSP cv32e40p_core_ip/core_i/ex_stage_i/mult_i/__1 input cv32e40p_core_ip/core_i/ex_stage_i/mult_i/__1/B[17:0] is not pipelined. Pipelining DSP48 input will improve performance.
Related violations: <none>

DPIP-1#6 Warning
Input pipelining  
DSP cv32e40p_core_ip/core_i/ex_stage_i/mult_i/short_mac input cv32e40p_core_ip/core_i/ex_stage_i/mult_i/short_mac/C[47:0] is not pipelined. Pipelining DSP48 input will improve performance.
Related violations: <none>

DPIP-1#7 Warning
Input pipelining  
DSP cv32e40p_core_ip/core_i/ex_stage_i/mult_i/short_mul input cv32e40p_core_ip/core_i/ex_stage_i/mult_i/short_mul/A[29:0] is not pipelined. Pipelining DSP48 input will improve performance.
Related violations: <none>

DPIP-1#8 Warning
Input pipelining  
DSP cv32e40p_core_ip/core_i/ex_stage_i/mult_i/short_mul input cv32e40p_core_ip/core_i/ex_stage_i/mult_i/short_mul/B[17:0] is not pipelined. Pipelining DSP48 input will improve performance.
Related violations: <none>

DPOP-1#1 Warning
PREG Output pipelining  
DSP cv32e40p_core_ip/core_i/ex_stage_i/mult_i/ output cv32e40p_core_ip/core_i/ex_stage_i/mult_i//P[47:0] is not pipelined (PREG=0). Pipelining the DSP48 output will improve performance and often saves power so it is suggested whenever possible to fully pipeline this function.  If this DSP48 function was inferred, it is suggested to describe an additional register stage after this function.  If the DSP48 was instantiated in the design, it is suggested to set the PREG attribute to 1.
Related violations: <none>

DPOP-1#2 Warning
PREG Output pipelining  
DSP cv32e40p_core_ip/core_i/ex_stage_i/mult_i/__0 output cv32e40p_core_ip/core_i/ex_stage_i/mult_i/__0/P[47:0] is not pipelined (PREG=0). Pipelining the DSP48 output will improve performance and often saves power so it is suggested whenever possible to fully pipeline this function.  If this DSP48 function was inferred, it is suggested to describe an additional register stage after this function.  If the DSP48 was instantiated in the design, it is suggested to set the PREG attribute to 1.
Related violations: <none>

DPOP-1#3 Warning
PREG Output pipelining  
DSP cv32e40p_core_ip/core_i/ex_stage_i/mult_i/__1 output cv32e40p_core_ip/core_i/ex_stage_i/mult_i/__1/P[47:0] is not pipelined (PREG=0). Pipelining the DSP48 output will improve performance and often saves power so it is suggested whenever possible to fully pipeline this function.  If this DSP48 function was inferred, it is suggested to describe an additional register stage after this function.  If the DSP48 was instantiated in the design, it is suggested to set the PREG attribute to 1.
Related violations: <none>

DPOP-1#4 Warning
PREG Output pipelining  
DSP cv32e40p_core_ip/core_i/ex_stage_i/mult_i/short_mac output cv32e40p_core_ip/core_i/ex_stage_i/mult_i/short_mac/P[47:0] is not pipelined (PREG=0). Pipelining the DSP48 output will improve performance and often saves power so it is suggested whenever possible to fully pipeline this function.  If this DSP48 function was inferred, it is suggested to describe an additional register stage after this function.  If the DSP48 was instantiated in the design, it is suggested to set the PREG attribute to 1.
Related violations: <none>

DPOP-2#1 Warning
MREG Output pipelining  
DSP cv32e40p_core_ip/core_i/ex_stage_i/mult_i/ multiplier stage cv32e40p_core_ip/core_i/ex_stage_i/mult_i//P[47:0] is not pipelined (MREG=0). Pipelining the multiplier function will improve performance and will save significant power so it is suggested whenever possible to fully pipeline this function.  If this multiplier was inferred, it is suggested to describe an additional register stage after this function.  If there is no registered adder/accumulator following the multiply function, two pipeline stages are suggested to allow both the MREG and PREG registers to be used.  If the DSP48 was instantiated in the design, it is suggested to set both the MREG and PREG attributes to 1 when performing multiply functions.
Related violations: <none>

DPOP-2#2 Warning
MREG Output pipelining  
DSP cv32e40p_core_ip/core_i/ex_stage_i/mult_i/__0 multiplier stage cv32e40p_core_ip/core_i/ex_stage_i/mult_i/__0/P[47:0] is not pipelined (MREG=0). Pipelining the multiplier function will improve performance and will save significant power so it is suggested whenever possible to fully pipeline this function.  If this multiplier was inferred, it is suggested to describe an additional register stage after this function.  If there is no registered adder/accumulator following the multiply function, two pipeline stages are suggested to allow both the MREG and PREG registers to be used.  If the DSP48 was instantiated in the design, it is suggested to set both the MREG and PREG attributes to 1 when performing multiply functions.
Related violations: <none>

DPOP-2#3 Warning
MREG Output pipelining  
DSP cv32e40p_core_ip/core_i/ex_stage_i/mult_i/__1 multiplier stage cv32e40p_core_ip/core_i/ex_stage_i/mult_i/__1/P[47:0] is not pipelined (MREG=0). Pipelining the multiplier function will improve performance and will save significant power so it is suggested whenever possible to fully pipeline this function.  If this multiplier was inferred, it is suggested to describe an additional register stage after this function.  If there is no registered adder/accumulator following the multiply function, two pipeline stages are suggested to allow both the MREG and PREG registers to be used.  If the DSP48 was instantiated in the design, it is suggested to set both the MREG and PREG attributes to 1 when performing multiply functions.
Related violations: <none>

REQP-101#1 Warning
enum_NUM_CE_1_connects_CE2_ACTIVE_connects_CE2_GND  
dram_dut/dram_iface_dut/ddr3_controller_inst/u_phy/u_serdes_dq_in0: Useless CE2 input pin. With NUM_CE set 1, the CE2 input pin is being ignored.
Related violations: <none>

REQP-101#2 Warning
enum_NUM_CE_1_connects_CE2_ACTIVE_connects_CE2_GND  
dram_dut/dram_iface_dut/ddr3_controller_inst/u_phy/u_serdes_dq_in10: Useless CE2 input pin. With NUM_CE set 1, the CE2 input pin is being ignored.
Related violations: <none>

REQP-101#3 Warning
enum_NUM_CE_1_connects_CE2_ACTIVE_connects_CE2_GND  
dram_dut/dram_iface_dut/ddr3_controller_inst/u_phy/u_serdes_dq_in11: Useless CE2 input pin. With NUM_CE set 1, the CE2 input pin is being ignored.
Related violations: <none>

REQP-101#4 Warning
enum_NUM_CE_1_connects_CE2_ACTIVE_connects_CE2_GND  
dram_dut/dram_iface_dut/ddr3_controller_inst/u_phy/u_serdes_dq_in12: Useless CE2 input pin. With NUM_CE set 1, the CE2 input pin is being ignored.
Related violations: <none>

REQP-101#5 Warning
enum_NUM_CE_1_connects_CE2_ACTIVE_connects_CE2_GND  
dram_dut/dram_iface_dut/ddr3_controller_inst/u_phy/u_serdes_dq_in13: Useless CE2 input pin. With NUM_CE set 1, the CE2 input pin is being ignored.
Related violations: <none>

REQP-101#6 Warning
enum_NUM_CE_1_connects_CE2_ACTIVE_connects_CE2_GND  
dram_dut/dram_iface_dut/ddr3_controller_inst/u_phy/u_serdes_dq_in14: Useless CE2 input pin. With NUM_CE set 1, the CE2 input pin is being ignored.
Related violations: <none>

REQP-101#7 Warning
enum_NUM_CE_1_connects_CE2_ACTIVE_connects_CE2_GND  
dram_dut/dram_iface_dut/ddr3_controller_inst/u_phy/u_serdes_dq_in15: Useless CE2 input pin. With NUM_CE set 1, the CE2 input pin is being ignored.
Related violations: <none>

REQP-101#8 Warning
enum_NUM_CE_1_connects_CE2_ACTIVE_connects_CE2_GND  
dram_dut/dram_iface_dut/ddr3_controller_inst/u_phy/u_serdes_dq_in1: Useless CE2 input pin. With NUM_CE set 1, the CE2 input pin is being ignored.
Related violations: <none>

REQP-101#9 Warning
enum_NUM_CE_1_connects_CE2_ACTIVE_connects_CE2_GND  
dram_dut/dram_iface_dut/ddr3_controller_inst/u_phy/u_serdes_dq_in2: Useless CE2 input pin. With NUM_CE set 1, the CE2 input pin is being ignored.
Related violations: <none>

REQP-101#10 Warning
enum_NUM_CE_1_connects_CE2_ACTIVE_connects_CE2_GND  
dram_dut/dram_iface_dut/ddr3_controller_inst/u_phy/u_serdes_dq_in3: Useless CE2 input pin. With NUM_CE set 1, the CE2 input pin is being ignored.
Related violations: <none>

REQP-101#11 Warning
enum_NUM_CE_1_connects_CE2_ACTIVE_connects_CE2_GND  
dram_dut/dram_iface_dut/ddr3_controller_inst/u_phy/u_serdes_dq_in4: Useless CE2 input pin. With NUM_CE set 1, the CE2 input pin is being ignored.
Related violations: <none>

REQP-101#12 Warning
enum_NUM_CE_1_connects_CE2_ACTIVE_connects_CE2_GND  
dram_dut/dram_iface_dut/ddr3_controller_inst/u_phy/u_serdes_dq_in5: Useless CE2 input pin. With NUM_CE set 1, the CE2 input pin is being ignored.
Related violations: <none>

REQP-101#13 Warning
enum_NUM_CE_1_connects_CE2_ACTIVE_connects_CE2_GND  
dram_dut/dram_iface_dut/ddr3_controller_inst/u_phy/u_serdes_dq_in6: Useless CE2 input pin. With NUM_CE set 1, the CE2 input pin is being ignored.
Related violations: <none>

REQP-101#14 Warning
enum_NUM_CE_1_connects_CE2_ACTIVE_connects_CE2_GND  
dram_dut/dram_iface_dut/ddr3_controller_inst/u_phy/u_serdes_dq_in7: Useless CE2 input pin. With NUM_CE set 1, the CE2 input pin is being ignored.
Related violations: <none>

REQP-101#15 Warning
enum_NUM_CE_1_connects_CE2_ACTIVE_connects_CE2_GND  
dram_dut/dram_iface_dut/ddr3_controller_inst/u_phy/u_serdes_dq_in8: Useless CE2 input pin. With NUM_CE set 1, the CE2 input pin is being ignored.
Related violations: <none>

REQP-101#16 Warning
enum_NUM_CE_1_connects_CE2_ACTIVE_connects_CE2_GND  
dram_dut/dram_iface_dut/ddr3_controller_inst/u_phy/u_serdes_dq_in9: Useless CE2 input pin. With NUM_CE set 1, the CE2 input pin is being ignored.
Related violations: <none>

REQP-1580#1 Warning
Phase alignment  
Unsupported clocking topology used for ISERDESE2 dram_dut/dram_iface_dut/ddr3_controller_inst/u_phy/u_serdes_dq_in0. This can result in corrupted data. The dram_dut/dram_iface_dut/ddr3_controller_inst/u_phy/u_serdes_dq_in0/OCLK / dram_dut/dram_iface_dut/ddr3_controller_inst/u_phy/u_serdes_dq_in0/CLKDIV pins should be driven by the same source through the same buffer type or by a BUFIO / BUFR combination in order to have a proper phase relationship and the dram_dut/dram_iface_dut/ddr3_controller_inst/u_phy/u_serdes_dq_in0/CLK pin should be driven similarly to the dram_dut/dram_iface_dut/ddr3_controller_inst/u_phy/u_serdes_dq_in0/OCLK pin. Please refer to the Select I/O User Guide for supported clocking topologies of the chosen INTERFACE_TYPE mode.
Related violations: <none>

REQP-1580#2 Warning
Phase alignment  
Unsupported clocking topology used for ISERDESE2 dram_dut/dram_iface_dut/ddr3_controller_inst/u_phy/u_serdes_dq_in1. This can result in corrupted data. The dram_dut/dram_iface_dut/ddr3_controller_inst/u_phy/u_serdes_dq_in1/OCLK / dram_dut/dram_iface_dut/ddr3_controller_inst/u_phy/u_serdes_dq_in1/CLKDIV pins should be driven by the same source through the same buffer type or by a BUFIO / BUFR combination in order to have a proper phase relationship and the dram_dut/dram_iface_dut/ddr3_controller_inst/u_phy/u_serdes_dq_in1/CLK pin should be driven similarly to the dram_dut/dram_iface_dut/ddr3_controller_inst/u_phy/u_serdes_dq_in1/OCLK pin. Please refer to the Select I/O User Guide for supported clocking topologies of the chosen INTERFACE_TYPE mode.
Related violations: <none>

REQP-1580#3 Warning
Phase alignment  
Unsupported clocking topology used for ISERDESE2 dram_dut/dram_iface_dut/ddr3_controller_inst/u_phy/u_serdes_dq_in10. This can result in corrupted data. The dram_dut/dram_iface_dut/ddr3_controller_inst/u_phy/u_serdes_dq_in10/OCLK / dram_dut/dram_iface_dut/ddr3_controller_inst/u_phy/u_serdes_dq_in10/CLKDIV pins should be driven by the same source through the same buffer type or by a BUFIO / BUFR combination in order to have a proper phase relationship and the dram_dut/dram_iface_dut/ddr3_controller_inst/u_phy/u_serdes_dq_in10/CLK pin should be driven similarly to the dram_dut/dram_iface_dut/ddr3_controller_inst/u_phy/u_serdes_dq_in10/OCLK pin. Please refer to the Select I/O User Guide for supported clocking topologies of the chosen INTERFACE_TYPE mode.
Related violations: <none>

REQP-1580#4 Warning
Phase alignment  
Unsupported clocking topology used for ISERDESE2 dram_dut/dram_iface_dut/ddr3_controller_inst/u_phy/u_serdes_dq_in11. This can result in corrupted data. The dram_dut/dram_iface_dut/ddr3_controller_inst/u_phy/u_serdes_dq_in11/OCLK / dram_dut/dram_iface_dut/ddr3_controller_inst/u_phy/u_serdes_dq_in11/CLKDIV pins should be driven by the same source through the same buffer type or by a BUFIO / BUFR combination in order to have a proper phase relationship and the dram_dut/dram_iface_dut/ddr3_controller_inst/u_phy/u_serdes_dq_in11/CLK pin should be driven similarly to the dram_dut/dram_iface_dut/ddr3_controller_inst/u_phy/u_serdes_dq_in11/OCLK pin. Please refer to the Select I/O User Guide for supported clocking topologies of the chosen INTERFACE_TYPE mode.
Related violations: <none>

REQP-1580#5 Warning
Phase alignment  
Unsupported clocking topology used for ISERDESE2 dram_dut/dram_iface_dut/ddr3_controller_inst/u_phy/u_serdes_dq_in12. This can result in corrupted data. The dram_dut/dram_iface_dut/ddr3_controller_inst/u_phy/u_serdes_dq_in12/OCLK / dram_dut/dram_iface_dut/ddr3_controller_inst/u_phy/u_serdes_dq_in12/CLKDIV pins should be driven by the same source through the same buffer type or by a BUFIO / BUFR combination in order to have a proper phase relationship and the dram_dut/dram_iface_dut/ddr3_controller_inst/u_phy/u_serdes_dq_in12/CLK pin should be driven similarly to the dram_dut/dram_iface_dut/ddr3_controller_inst/u_phy/u_serdes_dq_in12/OCLK pin. Please refer to the Select I/O User Guide for supported clocking topologies of the chosen INTERFACE_TYPE mode.
Related violations: <none>

REQP-1580#6 Warning
Phase alignment  
Unsupported clocking topology used for ISERDESE2 dram_dut/dram_iface_dut/ddr3_controller_inst/u_phy/u_serdes_dq_in13. This can result in corrupted data. The dram_dut/dram_iface_dut/ddr3_controller_inst/u_phy/u_serdes_dq_in13/OCLK / dram_dut/dram_iface_dut/ddr3_controller_inst/u_phy/u_serdes_dq_in13/CLKDIV pins should be driven by the same source through the same buffer type or by a BUFIO / BUFR combination in order to have a proper phase relationship and the dram_dut/dram_iface_dut/ddr3_controller_inst/u_phy/u_serdes_dq_in13/CLK pin should be driven similarly to the dram_dut/dram_iface_dut/ddr3_controller_inst/u_phy/u_serdes_dq_in13/OCLK pin. Please refer to the Select I/O User Guide for supported clocking topologies of the chosen INTERFACE_TYPE mode.
Related violations: <none>

REQP-1580#7 Warning
Phase alignment  
Unsupported clocking topology used for ISERDESE2 dram_dut/dram_iface_dut/ddr3_controller_inst/u_phy/u_serdes_dq_in14. This can result in corrupted data. The dram_dut/dram_iface_dut/ddr3_controller_inst/u_phy/u_serdes_dq_in14/OCLK / dram_dut/dram_iface_dut/ddr3_controller_inst/u_phy/u_serdes_dq_in14/CLKDIV pins should be driven by the same source through the same buffer type or by a BUFIO / BUFR combination in order to have a proper phase relationship and the dram_dut/dram_iface_dut/ddr3_controller_inst/u_phy/u_serdes_dq_in14/CLK pin should be driven similarly to the dram_dut/dram_iface_dut/ddr3_controller_inst/u_phy/u_serdes_dq_in14/OCLK pin. Please refer to the Select I/O User Guide for supported clocking topologies of the chosen INTERFACE_TYPE mode.
Related violations: <none>

REQP-1580#8 Warning
Phase alignment  
Unsupported clocking topology used for ISERDESE2 dram_dut/dram_iface_dut/ddr3_controller_inst/u_phy/u_serdes_dq_in15. This can result in corrupted data. The dram_dut/dram_iface_dut/ddr3_controller_inst/u_phy/u_serdes_dq_in15/OCLK / dram_dut/dram_iface_dut/ddr3_controller_inst/u_phy/u_serdes_dq_in15/CLKDIV pins should be driven by the same source through the same buffer type or by a BUFIO / BUFR combination in order to have a proper phase relationship and the dram_dut/dram_iface_dut/ddr3_controller_inst/u_phy/u_serdes_dq_in15/CLK pin should be driven similarly to the dram_dut/dram_iface_dut/ddr3_controller_inst/u_phy/u_serdes_dq_in15/OCLK pin. Please refer to the Select I/O User Guide for supported clocking topologies of the chosen INTERFACE_TYPE mode.
Related violations: <none>

REQP-1580#9 Warning
Phase alignment  
Unsupported clocking topology used for ISERDESE2 dram_dut/dram_iface_dut/ddr3_controller_inst/u_phy/u_serdes_dq_in2. This can result in corrupted data. The dram_dut/dram_iface_dut/ddr3_controller_inst/u_phy/u_serdes_dq_in2/OCLK / dram_dut/dram_iface_dut/ddr3_controller_inst/u_phy/u_serdes_dq_in2/CLKDIV pins should be driven by the same source through the same buffer type or by a BUFIO / BUFR combination in order to have a proper phase relationship and the dram_dut/dram_iface_dut/ddr3_controller_inst/u_phy/u_serdes_dq_in2/CLK pin should be driven similarly to the dram_dut/dram_iface_dut/ddr3_controller_inst/u_phy/u_serdes_dq_in2/OCLK pin. Please refer to the Select I/O User Guide for supported clocking topologies of the chosen INTERFACE_TYPE mode.
Related violations: <none>

REQP-1580#10 Warning
Phase alignment  
Unsupported clocking topology used for ISERDESE2 dram_dut/dram_iface_dut/ddr3_controller_inst/u_phy/u_serdes_dq_in3. This can result in corrupted data. The dram_dut/dram_iface_dut/ddr3_controller_inst/u_phy/u_serdes_dq_in3/OCLK / dram_dut/dram_iface_dut/ddr3_controller_inst/u_phy/u_serdes_dq_in3/CLKDIV pins should be driven by the same source through the same buffer type or by a BUFIO / BUFR combination in order to have a proper phase relationship and the dram_dut/dram_iface_dut/ddr3_controller_inst/u_phy/u_serdes_dq_in3/CLK pin should be driven similarly to the dram_dut/dram_iface_dut/ddr3_controller_inst/u_phy/u_serdes_dq_in3/OCLK pin. Please refer to the Select I/O User Guide for supported clocking topologies of the chosen INTERFACE_TYPE mode.
Related violations: <none>

REQP-1580#11 Warning
Phase alignment  
Unsupported clocking topology used for ISERDESE2 dram_dut/dram_iface_dut/ddr3_controller_inst/u_phy/u_serdes_dq_in4. This can result in corrupted data. The dram_dut/dram_iface_dut/ddr3_controller_inst/u_phy/u_serdes_dq_in4/OCLK / dram_dut/dram_iface_dut/ddr3_controller_inst/u_phy/u_serdes_dq_in4/CLKDIV pins should be driven by the same source through the same buffer type or by a BUFIO / BUFR combination in order to have a proper phase relationship and the dram_dut/dram_iface_dut/ddr3_controller_inst/u_phy/u_serdes_dq_in4/CLK pin should be driven similarly to the dram_dut/dram_iface_dut/ddr3_controller_inst/u_phy/u_serdes_dq_in4/OCLK pin. Please refer to the Select I/O User Guide for supported clocking topologies of the chosen INTERFACE_TYPE mode.
Related violations: <none>

REQP-1580#12 Warning
Phase alignment  
Unsupported clocking topology used for ISERDESE2 dram_dut/dram_iface_dut/ddr3_controller_inst/u_phy/u_serdes_dq_in5. This can result in corrupted data. The dram_dut/dram_iface_dut/ddr3_controller_inst/u_phy/u_serdes_dq_in5/OCLK / dram_dut/dram_iface_dut/ddr3_controller_inst/u_phy/u_serdes_dq_in5/CLKDIV pins should be driven by the same source through the same buffer type or by a BUFIO / BUFR combination in order to have a proper phase relationship and the dram_dut/dram_iface_dut/ddr3_controller_inst/u_phy/u_serdes_dq_in5/CLK pin should be driven similarly to the dram_dut/dram_iface_dut/ddr3_controller_inst/u_phy/u_serdes_dq_in5/OCLK pin. Please refer to the Select I/O User Guide for supported clocking topologies of the chosen INTERFACE_TYPE mode.
Related violations: <none>

REQP-1580#13 Warning
Phase alignment  
Unsupported clocking topology used for ISERDESE2 dram_dut/dram_iface_dut/ddr3_controller_inst/u_phy/u_serdes_dq_in6. This can result in corrupted data. The dram_dut/dram_iface_dut/ddr3_controller_inst/u_phy/u_serdes_dq_in6/OCLK / dram_dut/dram_iface_dut/ddr3_controller_inst/u_phy/u_serdes_dq_in6/CLKDIV pins should be driven by the same source through the same buffer type or by a BUFIO / BUFR combination in order to have a proper phase relationship and the dram_dut/dram_iface_dut/ddr3_controller_inst/u_phy/u_serdes_dq_in6/CLK pin should be driven similarly to the dram_dut/dram_iface_dut/ddr3_controller_inst/u_phy/u_serdes_dq_in6/OCLK pin. Please refer to the Select I/O User Guide for supported clocking topologies of the chosen INTERFACE_TYPE mode.
Related violations: <none>

REQP-1580#14 Warning
Phase alignment  
Unsupported clocking topology used for ISERDESE2 dram_dut/dram_iface_dut/ddr3_controller_inst/u_phy/u_serdes_dq_in7. This can result in corrupted data. The dram_dut/dram_iface_dut/ddr3_controller_inst/u_phy/u_serdes_dq_in7/OCLK / dram_dut/dram_iface_dut/ddr3_controller_inst/u_phy/u_serdes_dq_in7/CLKDIV pins should be driven by the same source through the same buffer type or by a BUFIO / BUFR combination in order to have a proper phase relationship and the dram_dut/dram_iface_dut/ddr3_controller_inst/u_phy/u_serdes_dq_in7/CLK pin should be driven similarly to the dram_dut/dram_iface_dut/ddr3_controller_inst/u_phy/u_serdes_dq_in7/OCLK pin. Please refer to the Select I/O User Guide for supported clocking topologies of the chosen INTERFACE_TYPE mode.
Related violations: <none>

REQP-1580#15 Warning
Phase alignment  
Unsupported clocking topology used for ISERDESE2 dram_dut/dram_iface_dut/ddr3_controller_inst/u_phy/u_serdes_dq_in8. This can result in corrupted data. The dram_dut/dram_iface_dut/ddr3_controller_inst/u_phy/u_serdes_dq_in8/OCLK / dram_dut/dram_iface_dut/ddr3_controller_inst/u_phy/u_serdes_dq_in8/CLKDIV pins should be driven by the same source through the same buffer type or by a BUFIO / BUFR combination in order to have a proper phase relationship and the dram_dut/dram_iface_dut/ddr3_controller_inst/u_phy/u_serdes_dq_in8/CLK pin should be driven similarly to the dram_dut/dram_iface_dut/ddr3_controller_inst/u_phy/u_serdes_dq_in8/OCLK pin. Please refer to the Select I/O User Guide for supported clocking topologies of the chosen INTERFACE_TYPE mode.
Related violations: <none>

REQP-1580#16 Warning
Phase alignment  
Unsupported clocking topology used for ISERDESE2 dram_dut/dram_iface_dut/ddr3_controller_inst/u_phy/u_serdes_dq_in9. This can result in corrupted data. The dram_dut/dram_iface_dut/ddr3_controller_inst/u_phy/u_serdes_dq_in9/OCLK / dram_dut/dram_iface_dut/ddr3_controller_inst/u_phy/u_serdes_dq_in9/CLKDIV pins should be driven by the same source through the same buffer type or by a BUFIO / BUFR combination in order to have a proper phase relationship and the dram_dut/dram_iface_dut/ddr3_controller_inst/u_phy/u_serdes_dq_in9/CLK pin should be driven similarly to the dram_dut/dram_iface_dut/ddr3_controller_inst/u_phy/u_serdes_dq_in9/OCLK pin. Please refer to the Select I/O User Guide for supported clocking topologies of the chosen INTERFACE_TYPE mode.
Related violations: <none>

REQP-1839#1 Warning
RAMB36 async control check  
The RAMB36E1 main_memory/ram_reg_0_0_0 has an input control pin main_memory/ram_reg_0_0_0/ADDRARDADDR[15] (net: main_memory/wr_addr_ram[15]) which is driven by a register (cv32e40p_core_ip/core_i/cs_registers_i/gen_trigger_regs.tmatch_control_exec_q_reg) that has an active asychronous set or reset. This may cause corruption of the memory contents and/or read values when the set/reset is asserted and is not analyzed by the default static timing analysis. It is suggested to eliminate the use of a set/reset to registers driving this RAMB pin or else use a synchronous reset in which the assertion of the reset is timed by default.
Related violations: <none>

REQP-1839#2 Warning
RAMB36 async control check  
The RAMB36E1 main_memory/ram_reg_0_0_0 has an input control pin main_memory/ram_reg_0_0_0/ADDRARDADDR[15] (net: main_memory/wr_addr_ram[15]) which is driven by a register (cv32e40p_core_ip/core_i/cs_registers_i/gen_trigger_regs.tmatch_value_q_reg[1]) that has an active asychronous set or reset. This may cause corruption of the memory contents and/or read values when the set/reset is asserted and is not analyzed by the default static timing analysis. It is suggested to eliminate the use of a set/reset to registers driving this RAMB pin or else use a synchronous reset in which the assertion of the reset is timed by default.
Related violations: <none>

REQP-1839#3 Warning
RAMB36 async control check  
The RAMB36E1 main_memory/ram_reg_0_0_0 has an input control pin main_memory/ram_reg_0_0_0/ADDRARDADDR[15] (net: main_memory/wr_addr_ram[15]) which is driven by a register (cv32e40p_core_ip/core_i/cs_registers_i/gen_trigger_regs.tmatch_value_q_reg[22]) that has an active asychronous set or reset. This may cause corruption of the memory contents and/or read values when the set/reset is asserted and is not analyzed by the default static timing analysis. It is suggested to eliminate the use of a set/reset to registers driving this RAMB pin or else use a synchronous reset in which the assertion of the reset is timed by default.
Related violations: <none>

REQP-1839#4 Warning
RAMB36 async control check  
The RAMB36E1 main_memory/ram_reg_0_0_0 has an input control pin main_memory/ram_reg_0_0_0/ADDRARDADDR[15] (net: main_memory/wr_addr_ram[15]) which is driven by a register (cv32e40p_core_ip/core_i/cs_registers_i/gen_trigger_regs.tmatch_value_q_reg[23]) that has an active asychronous set or reset. This may cause corruption of the memory contents and/or read values when the set/reset is asserted and is not analyzed by the default static timing analysis. It is suggested to eliminate the use of a set/reset to registers driving this RAMB pin or else use a synchronous reset in which the assertion of the reset is timed by default.
Related violations: <none>

REQP-1839#5 Warning
RAMB36 async control check  
The RAMB36E1 main_memory/ram_reg_0_0_0 has an input control pin main_memory/ram_reg_0_0_0/ADDRARDADDR[15] (net: main_memory/wr_addr_ram[15]) which is driven by a register (cv32e40p_core_ip/core_i/cs_registers_i/gen_trigger_regs.tmatch_value_q_reg[24]) that has an active asychronous set or reset. This may cause corruption of the memory contents and/or read values when the set/reset is asserted and is not analyzed by the default static timing analysis. It is suggested to eliminate the use of a set/reset to registers driving this RAMB pin or else use a synchronous reset in which the assertion of the reset is timed by default.
Related violations: <none>

REQP-1839#6 Warning
RAMB36 async control check  
The RAMB36E1 main_memory/ram_reg_0_0_0 has an input control pin main_memory/ram_reg_0_0_0/ADDRARDADDR[15] (net: main_memory/wr_addr_ram[15]) which is driven by a register (cv32e40p_core_ip/core_i/cs_registers_i/gen_trigger_regs.tmatch_value_q_reg[25]) that has an active asychronous set or reset. This may cause corruption of the memory contents and/or read values when the set/reset is asserted and is not analyzed by the default static timing analysis. It is suggested to eliminate the use of a set/reset to registers driving this RAMB pin or else use a synchronous reset in which the assertion of the reset is timed by default.
Related violations: <none>

REQP-1839#7 Warning
RAMB36 async control check  
The RAMB36E1 main_memory/ram_reg_0_0_0 has an input control pin main_memory/ram_reg_0_0_0/ADDRARDADDR[15] (net: main_memory/wr_addr_ram[15]) which is driven by a register (cv32e40p_core_ip/core_i/cs_registers_i/gen_trigger_regs.tmatch_value_q_reg[26]) that has an active asychronous set or reset. This may cause corruption of the memory contents and/or read values when the set/reset is asserted and is not analyzed by the default static timing analysis. It is suggested to eliminate the use of a set/reset to registers driving this RAMB pin or else use a synchronous reset in which the assertion of the reset is timed by default.
Related violations: <none>

REQP-1839#8 Warning
RAMB36 async control check  
The RAMB36E1 main_memory/ram_reg_0_0_0 has an input control pin main_memory/ram_reg_0_0_0/ADDRARDADDR[15] (net: main_memory/wr_addr_ram[15]) which is driven by a register (cv32e40p_core_ip/core_i/cs_registers_i/gen_trigger_regs.tmatch_value_q_reg[27]) that has an active asychronous set or reset. This may cause corruption of the memory contents and/or read values when the set/reset is asserted and is not analyzed by the default static timing analysis. It is suggested to eliminate the use of a set/reset to registers driving this RAMB pin or else use a synchronous reset in which the assertion of the reset is timed by default.
Related violations: <none>

REQP-1839#9 Warning
RAMB36 async control check  
The RAMB36E1 main_memory/ram_reg_0_0_0 has an input control pin main_memory/ram_reg_0_0_0/ADDRARDADDR[15] (net: main_memory/wr_addr_ram[15]) which is driven by a register (cv32e40p_core_ip/core_i/cs_registers_i/gen_trigger_regs.tmatch_value_q_reg[3]) that has an active asychronous set or reset. This may cause corruption of the memory contents and/or read values when the set/reset is asserted and is not analyzed by the default static timing analysis. It is suggested to eliminate the use of a set/reset to registers driving this RAMB pin or else use a synchronous reset in which the assertion of the reset is timed by default.
Related violations: <none>

REQP-1839#10 Warning
RAMB36 async control check  
The RAMB36E1 main_memory/ram_reg_0_0_0 has an input control pin main_memory/ram_reg_0_0_0/ADDRARDADDR[15] (net: main_memory/wr_addr_ram[15]) which is driven by a register (cv32e40p_core_ip/core_i/cs_registers_i/mtvec_q_reg[9]) that has an active asychronous set or reset. This may cause corruption of the memory contents and/or read values when the set/reset is asserted and is not analyzed by the default static timing analysis. It is suggested to eliminate the use of a set/reset to registers driving this RAMB pin or else use a synchronous reset in which the assertion of the reset is timed by default.
Related violations: <none>

REQP-1839#11 Warning
RAMB36 async control check  
The RAMB36E1 main_memory/ram_reg_0_0_0 has an input control pin main_memory/ram_reg_0_0_0/ADDRARDADDR[15] (net: main_memory/wr_addr_ram[15]) which is driven by a register (cv32e40p_core_ip/core_i/id_stage_i/controller_i/ctrl_fsm_cs_reg[0]) that has an active asychronous set or reset. This may cause corruption of the memory contents and/or read values when the set/reset is asserted and is not analyzed by the default static timing analysis. It is suggested to eliminate the use of a set/reset to registers driving this RAMB pin or else use a synchronous reset in which the assertion of the reset is timed by default.
Related violations: <none>

REQP-1839#12 Warning
RAMB36 async control check  
The RAMB36E1 main_memory/ram_reg_0_0_0 has an input control pin main_memory/ram_reg_0_0_0/ADDRARDADDR[15] (net: main_memory/wr_addr_ram[15]) which is driven by a register (cv32e40p_core_ip/core_i/id_stage_i/controller_i/ctrl_fsm_cs_reg[1]) that has an active asychronous set or reset. This may cause corruption of the memory contents and/or read values when the set/reset is asserted and is not analyzed by the default static timing analysis. It is suggested to eliminate the use of a set/reset to registers driving this RAMB pin or else use a synchronous reset in which the assertion of the reset is timed by default.
Related violations: <none>

REQP-1839#13 Warning
RAMB36 async control check  
The RAMB36E1 main_memory/ram_reg_0_0_0 has an input control pin main_memory/ram_reg_0_0_0/ADDRARDADDR[15] (net: main_memory/wr_addr_ram[15]) which is driven by a register (cv32e40p_core_ip/core_i/id_stage_i/controller_i/ctrl_fsm_cs_reg[2]) that has an active asychronous set or reset. This may cause corruption of the memory contents and/or read values when the set/reset is asserted and is not analyzed by the default static timing analysis. It is suggested to eliminate the use of a set/reset to registers driving this RAMB pin or else use a synchronous reset in which the assertion of the reset is timed by default.
Related violations: <none>

REQP-1839#14 Warning
RAMB36 async control check  
The RAMB36E1 main_memory/ram_reg_0_0_0 has an input control pin main_memory/ram_reg_0_0_0/ADDRARDADDR[15] (net: main_memory/wr_addr_ram[15]) which is driven by a register (cv32e40p_core_ip/core_i/id_stage_i/controller_i/ctrl_fsm_cs_reg[3]) that has an active asychronous set or reset. This may cause corruption of the memory contents and/or read values when the set/reset is asserted and is not analyzed by the default static timing analysis. It is suggested to eliminate the use of a set/reset to registers driving this RAMB pin or else use a synchronous reset in which the assertion of the reset is timed by default.
Related violations: <none>

REQP-1839#15 Warning
RAMB36 async control check  
The RAMB36E1 main_memory/ram_reg_0_0_0 has an input control pin main_memory/ram_reg_0_0_0/ADDRARDADDR[15] (net: main_memory/wr_addr_ram[15]) which is driven by a register (cv32e40p_core_ip/core_i/id_stage_i/controller_i/debug_mode_q_reg) that has an active asychronous set or reset. This may cause corruption of the memory contents and/or read values when the set/reset is asserted and is not analyzed by the default static timing analysis. It is suggested to eliminate the use of a set/reset to registers driving this RAMB pin or else use a synchronous reset in which the assertion of the reset is timed by default.
Related violations: <none>

REQP-1839#16 Warning
RAMB36 async control check  
The RAMB36E1 main_memory/ram_reg_0_0_0 has an input control pin main_memory/ram_reg_0_0_0/ADDRARDADDR[15] (net: main_memory/wr_addr_ram[15]) which is driven by a register (cv32e40p_core_ip/core_i/id_stage_i/controller_i/illegal_insn_q_reg) that has an active asychronous set or reset. This may cause corruption of the memory contents and/or read values when the set/reset is asserted and is not analyzed by the default static timing analysis. It is suggested to eliminate the use of a set/reset to registers driving this RAMB pin or else use a synchronous reset in which the assertion of the reset is timed by default.
Related violations: <none>

REQP-1839#17 Warning
RAMB36 async control check  
The RAMB36E1 main_memory/ram_reg_0_0_0 has an input control pin main_memory/ram_reg_0_0_0/ADDRARDADDR[15] (net: main_memory/wr_addr_ram[15]) which is driven by a register (cv32e40p_core_ip/core_i/id_stage_i/controller_i/jump_done_q_reg) that has an active asychronous set or reset. This may cause corruption of the memory contents and/or read values when the set/reset is asserted and is not analyzed by the default static timing analysis. It is suggested to eliminate the use of a set/reset to registers driving this RAMB pin or else use a synchronous reset in which the assertion of the reset is timed by default.
Related violations: <none>

REQP-1839#18 Warning
RAMB36 async control check  
The RAMB36E1 main_memory/ram_reg_0_0_0 has an input control pin main_memory/ram_reg_0_0_0/ADDRARDADDR[15] (net: main_memory/wr_addr_ram[15]) which is driven by a register (dcache/cpu_addr_q_reg[6]) that has an active asychronous set or reset. This may cause corruption of the memory contents and/or read values when the set/reset is asserted and is not analyzed by the default static timing analysis. It is suggested to eliminate the use of a set/reset to registers driving this RAMB pin or else use a synchronous reset in which the assertion of the reset is timed by default.
Related violations: <none>

REQP-1839#19 Warning
RAMB36 async control check  
The RAMB36E1 main_memory/ram_reg_0_0_0 has an input control pin main_memory/ram_reg_0_0_0/ADDRARDADDR[15] (net: main_memory/wr_addr_ram[15]) which is driven by a register (dcache/cpu_addr_q_reg[7]) that has an active asychronous set or reset. This may cause corruption of the memory contents and/or read values when the set/reset is asserted and is not analyzed by the default static timing analysis. It is suggested to eliminate the use of a set/reset to registers driving this RAMB pin or else use a synchronous reset in which the assertion of the reset is timed by default.
Related violations: <none>

REQP-1839#20 Warning
RAMB36 async control check  
The RAMB36E1 main_memory/ram_reg_0_0_0 has an input control pin main_memory/ram_reg_0_0_0/ADDRARDADDR[15] (net: main_memory/wr_addr_ram[15]) which is driven by a register (dcache/way1_valid_q_reg[1]) that has an active asychronous set or reset. This may cause corruption of the memory contents and/or read values when the set/reset is asserted and is not analyzed by the default static timing analysis. It is suggested to eliminate the use of a set/reset to registers driving this RAMB pin or else use a synchronous reset in which the assertion of the reset is timed by default.
Related violations: <none>

ZPS7-1#1 Warning
PS7 block required  
The PS7 cell must be used in this Zynq design in order to enable correct default configuration.
Related violations: <none>


