Copyright 1986-2022 Xilinx, Inc. All Rights Reserved.
-------------------------------------------------------------------------------------
| Tool Version : Vivado v.2022.2 (lin64) Build 3671981 Fri Oct 14 04:59:54 MDT 2022
| Date         : Sat Jan 11 05:00:55 2025
| Host         : karpuz running 64-bit Ubuntu 22.04.5 LTS
| Command      : report_clock_utilization -file air_soc_clock_utilization_routed.rpt
| Design       : air_soc
| Device       : 7z045-ffg900
| Speed File   : -2  PRODUCTION 1.12 2019-11-22
| Design State : Routed
-------------------------------------------------------------------------------------

Clock Utilization Report

Table of Contents
-----------------
1. Clock Primitive Utilization
2. Global Clock Resources
3. Global Clock Source Details
4. Local Clock Details
5. Clock Regions: Key Resource Utilization
6. Clock Regions : Global Clock Summary
7. Device Cell Placement Summary for Global Clock g0
8. Device Cell Placement Summary for Global Clock g1
9. Device Cell Placement Summary for Global Clock g2
10. Device Cell Placement Summary for Global Clock g3
11. Device Cell Placement Summary for Global Clock g4
12. Device Cell Placement Summary for Global Clock g5
13. Device Cell Placement Summary for Global Clock g6
14. Device Cell Placement Summary for Global Clock g7
15. Device Cell Placement Summary for Global Clock g8
16. Device Cell Placement Summary for Global Clock g9
17. Device Cell Placement Summary for Global Clock g10
18. Device Cell Placement Summary for Global Clock g11
19. Device Cell Placement Summary for Global Clock g12
20. Device Cell Placement Summary for Global Clock g13
21. Device Cell Placement Summary for Global Clock g14
22. Device Cell Placement Summary for Global Clock g15
23. Device Cell Placement Summary for Global Clock g16
24. Device Cell Placement Summary for Global Clock g17
25. Clock Region Cell Placement per Global Clock: Region X0Y2
26. Clock Region Cell Placement per Global Clock: Region X1Y2
27. Clock Region Cell Placement per Global Clock: Region X0Y3
28. Clock Region Cell Placement per Global Clock: Region X1Y3
29. Clock Region Cell Placement per Global Clock: Region X0Y4
30. Clock Region Cell Placement per Global Clock: Region X1Y4
31. Clock Region Cell Placement per Global Clock: Region X1Y5
32. Clock Region Cell Placement per Global Clock: Region X1Y6

1. Clock Primitive Utilization
------------------------------

+----------+------+-----------+-----+--------------+--------+
| Type     | Used | Available | LOC | Clock Region | Pblock |
+----------+------+-----------+-----+--------------+--------+
| BUFGCTRL |   18 |        32 |   0 |            0 |      0 |
| BUFH     |    0 |       168 |   0 |            0 |      0 |
| BUFIO    |    0 |        32 |   0 |            0 |      0 |
| BUFMR    |    0 |        16 |   0 |            0 |      0 |
| BUFR     |    0 |        32 |   0 |            0 |      0 |
| MMCM     |    1 |         8 |   0 |            0 |      0 |
| PLL      |    0 |         8 |   0 |            0 |      0 |
+----------+------+-----------+-----+--------------+--------+


2. Global Clock Resources
-------------------------

+-----------+-----------+-----------------+------------+----------------+--------------+-------------------+-------------+-----------------+--------------+----------------------+--------------------------------+-------------------------------------------+
| Global Id | Source Id | Driver Type/Pin | Constraint | Site           | Clock Region | Load Clock Region | Clock Loads | Non-Clock Loads | Clock Period | Clock                | Driver Pin                     | Net                                       |
+-----------+-----------+-----------------+------------+----------------+--------------+-------------------+-------------+-----------------+--------------+----------------------+--------------------------------+-------------------------------------------+
| g0        | src0      | BUFG/O          | None       | BUFGCTRL_X0Y20 | n/a          |                 6 |        2299 |              35 |       20.000 | clk_out5_clk_wiz_1_1 | u_pll/inst/clkout5_buf/O       | u_pll/inst/clk_out5                       |
| g1        | src0      | BUFG/O          | None       | BUFGCTRL_X0Y0  | n/a          |                 2 |        1094 |               0 |       20.000 | clk_out5_clk_wiz_1_1 | cnt_q_reg[1]_i_2/O             | core_i/clk                                |
| g2        | src1      | BUFG/O          | None       | BUFGCTRL_X0Y16 | n/a          |                 3 |         515 |               1 |       10.000 | clk_out1_clk_wiz_1_1 | u_pll/inst/clkout1_buf/O       | u_pll/inst/clk_out1                       |
| g3        | src0      | BUFG/O          | None       | BUFGCTRL_X0Y1  | n/a          |                 2 |          95 |               0 |       20.000 | clk_out5_clk_wiz_1_1 | waddr_onehot_b_q_reg[31]_i_2/O | core_i/id_stage_i/register_file_i/clk_int |
| g4        | src2      | BUFG/O          | None       | BUFGCTRL_X0Y17 | n/a          |                 1 |          34 |               0 |        2.500 | clk_out2_clk_wiz_1_1 | u_pll/inst/clkout2_buf/O       | u_pll/inst/clk_out2                       |
| g5        | src0      | BUFG/O          | None       | BUFGCTRL_X0Y3  | n/a          |                 1 |          32 |               0 |       20.000 | clk_out5_clk_wiz_1_1 | mem_reg[11][31]_i_2/O          | core_i/id_stage_i/register_file_i/p_51_in |
| g6        | src0      | BUFG/O          | None       | BUFGCTRL_X0Y2  | n/a          |                 1 |          32 |               0 |       20.000 | clk_out5_clk_wiz_1_1 | mem_reg[10][31]_i_2/O          | core_i/id_stage_i/register_file_i/p_52_in |
| g7        | src0      | BUFG/O          | None       | BUFGCTRL_X0Y11 | n/a          |                 2 |          32 |               0 |       20.000 | clk_out5_clk_wiz_1_1 | mem_reg[9][31]_i_2/O           | core_i/id_stage_i/register_file_i/p_53_in |
| g8        | src0      | BUFG/O          | None       | BUFGCTRL_X0Y10 | n/a          |                 2 |          32 |               0 |       20.000 | clk_out5_clk_wiz_1_1 | mem_reg[8][31]_i_2/O           | core_i/id_stage_i/register_file_i/p_54_in |
| g9        | src0      | BUFG/O          | None       | BUFGCTRL_X0Y9  | n/a          |                 1 |          32 |               0 |       20.000 | clk_out5_clk_wiz_1_1 | mem_reg[7][31]_i_2/O           | core_i/id_stage_i/register_file_i/p_55_in |
| g10       | src0      | BUFG/O          | None       | BUFGCTRL_X0Y8  | n/a          |                 1 |          32 |               0 |       20.000 | clk_out5_clk_wiz_1_1 | mem_reg[6][31]_i_2/O           | core_i/id_stage_i/register_file_i/p_56_in |
| g11       | src0      | BUFG/O          | None       | BUFGCTRL_X0Y7  | n/a          |                 1 |          32 |               0 |       20.000 | clk_out5_clk_wiz_1_1 | mem_reg[5][31]_i_2/O           | core_i/id_stage_i/register_file_i/p_57_in |
| g12       | src0      | BUFG/O          | None       | BUFGCTRL_X0Y6  | n/a          |                 1 |          32 |               0 |       20.000 | clk_out5_clk_wiz_1_1 | mem_reg[4][31]_i_2/O           | core_i/id_stage_i/register_file_i/p_58_in |
| g13       | src0      | BUFG/O          | None       | BUFGCTRL_X0Y5  | n/a          |                 1 |          32 |               0 |       20.000 | clk_out5_clk_wiz_1_1 | mem_reg[3][31]_i_2/O           | core_i/id_stage_i/register_file_i/p_59_in |
| g14       | src0      | BUFG/O          | None       | BUFGCTRL_X0Y4  | n/a          |                 2 |          32 |               0 |       20.000 | clk_out5_clk_wiz_1_1 | mem_reg[2][31]_i_2/O           | core_i/id_stage_i/register_file_i/p_60_in |
| g15       | src3      | BUFG/O          | None       | BUFGCTRL_X0Y18 | n/a          |                 1 |           2 |               0 |        2.500 | clk_out4_clk_wiz_1_1 | u_pll/inst/clkout4_buf/O       | u_pll/inst/clk_out4                       |
| g16       | src4      | BUFG/O          | None       | BUFGCTRL_X0Y19 | n/a          |                 1 |           1 |               0 |        5.000 | clk_out3_clk_wiz_1_1 | u_pll/inst/clkout3_buf/O       | u_pll/inst/clk_out3                       |
| g17       | src5      | BUFG/O          | None       | BUFGCTRL_X0Y21 | n/a          |                 1 |           1 |               0 |        5.000 | clkfbout_clk_wiz_1_1 | u_pll/inst/clkf_buf/O          | u_pll/inst/clkfbout_buf_clk_wiz_1         |
+-----------+-----------+-----------------+------------+----------------+--------------+-------------------+-------------+-----------------+--------------+----------------------+--------------------------------+-------------------------------------------+
* Clock Loads column represents cell count of net connects that connect to a clock pin. Internal cell leaf pins are not considered
** Non-Clock Loads column represents cell count of non-clock pin loads


3. Global Clock Source Details
------------------------------

+-----------+-----------+---------------------+------------+-----------------+--------------+-------------+-----------------+---------------------+----------------------+--------------------------------------------------------------------------------------------------+------------------------------------------------------------------------------------------+
| Source Id | Global Id | Driver Type/Pin     | Constraint | Site            | Clock Region | Clock Loads | Non-Clock Loads | Source Clock Period | Source Clock         | Driver Pin                                                                                       | Net                                                                                      |
+-----------+-----------+---------------------+------------+-----------------+--------------+-------------+-----------------+---------------------+----------------------+--------------------------------------------------------------------------------------------------+------------------------------------------------------------------------------------------+
| src0      | g0        | MMCME2_ADV/CLKOUT4  | None       | MMCME2_ADV_X1Y5 | X1Y5         |           1 |               0 |              20.000 | clk_out5_clk_wiz_1_1 | u_pll/inst/mmcm_adv_inst/CLKOUT4                                                                 | u_pll/inst/clk_out5_clk_wiz_1                                                            |
| src0      | g1        | LUT2/O              | None       | SLICE_X90Y146   | X1Y2         |           1 |               0 |              20.000 | clk_out5_clk_wiz_1_1 | cv32e40p_core_ip/core_i/sleep_unit_i/core_clock_gate_i/clk_gate_i/cnt_q[1]_i_5/O                 | cv32e40p_core_ip/core_i/sleep_unit_i/core_clock_gate_i/clk_gate_i/clk_en_reg_2           |
| src0      | g3        | LUT3/O              | None       | SLICE_X90Y146   | X1Y2         |           1 |               0 |              20.000 | clk_out5_clk_wiz_1_1 | cv32e40p_core_ip/core_i/sleep_unit_i/core_clock_gate_i/clk_gate_i/waddr_onehot_b_q[31]_i_3/O     | cv32e40p_core_ip/core_i/sleep_unit_i/core_clock_gate_i/clk_gate_i/clk_en_reg_0           |
| src0      | g5        | LUT4/O              | None       | SLICE_X90Y146   | X1Y2         |           1 |               0 |              20.000 | clk_out5_clk_wiz_1_1 | cv32e40p_core_ip/core_i/id_stage_i/register_file_i/CG_WE_GLOBAL/clk_gate_i/mem_reg[11][31]_i_3/O | cv32e40p_core_ip/core_i/id_stage_i/register_file_i/CG_WE_GLOBAL/clk_gate_i/clk_en_reg_19 |
| src0      | g6        | LUT4/O              | None       | SLICE_X90Y146   | X1Y2         |           1 |               0 |              20.000 | clk_out5_clk_wiz_1_1 | cv32e40p_core_ip/core_i/id_stage_i/register_file_i/CG_WE_GLOBAL/clk_gate_i/mem_reg[10][31]_i_3/O | cv32e40p_core_ip/core_i/id_stage_i/register_file_i/CG_WE_GLOBAL/clk_gate_i/clk_en_reg_20 |
| src0      | g7        | LUT4/O              | None       | SLICE_X90Y147   | X1Y2         |           1 |               0 |              20.000 | clk_out5_clk_wiz_1_1 | cv32e40p_core_ip/core_i/id_stage_i/register_file_i/CG_WE_GLOBAL/clk_gate_i/mem_reg[9][31]_i_3/O  | cv32e40p_core_ip/core_i/id_stage_i/register_file_i/CG_WE_GLOBAL/clk_gate_i/clk_en_reg_21 |
| src0      | g8        | LUT4/O              | None       | SLICE_X90Y147   | X1Y2         |           1 |               0 |              20.000 | clk_out5_clk_wiz_1_1 | cv32e40p_core_ip/core_i/id_stage_i/register_file_i/CG_WE_GLOBAL/clk_gate_i/mem_reg[8][31]_i_3/O  | cv32e40p_core_ip/core_i/id_stage_i/register_file_i/CG_WE_GLOBAL/clk_gate_i/clk_en_reg_22 |
| src0      | g9        | LUT4/O              | None       | SLICE_X90Y147   | X1Y2         |           1 |               0 |              20.000 | clk_out5_clk_wiz_1_1 | cv32e40p_core_ip/core_i/id_stage_i/register_file_i/CG_WE_GLOBAL/clk_gate_i/mem_reg[7][31]_i_3/O  | cv32e40p_core_ip/core_i/id_stage_i/register_file_i/CG_WE_GLOBAL/clk_gate_i/clk_en_reg_23 |
| src0      | g10       | LUT4/O              | None       | SLICE_X90Y147   | X1Y2         |           1 |               0 |              20.000 | clk_out5_clk_wiz_1_1 | cv32e40p_core_ip/core_i/id_stage_i/register_file_i/CG_WE_GLOBAL/clk_gate_i/mem_reg[6][31]_i_3/O  | cv32e40p_core_ip/core_i/id_stage_i/register_file_i/CG_WE_GLOBAL/clk_gate_i/clk_en_reg_24 |
| src0      | g11       | LUT4/O              | None       | SLICE_X90Y147   | X1Y2         |           1 |               0 |              20.000 | clk_out5_clk_wiz_1_1 | cv32e40p_core_ip/core_i/id_stage_i/register_file_i/CG_WE_GLOBAL/clk_gate_i/mem_reg[5][31]_i_3/O  | cv32e40p_core_ip/core_i/id_stage_i/register_file_i/CG_WE_GLOBAL/clk_gate_i/clk_en_reg_25 |
| src0      | g12       | LUT4/O              | None       | SLICE_X90Y147   | X1Y2         |           1 |               0 |              20.000 | clk_out5_clk_wiz_1_1 | cv32e40p_core_ip/core_i/id_stage_i/register_file_i/CG_WE_GLOBAL/clk_gate_i/mem_reg[4][31]_i_3/O  | cv32e40p_core_ip/core_i/id_stage_i/register_file_i/CG_WE_GLOBAL/clk_gate_i/clk_en_reg_26 |
| src0      | g13       | LUT4/O              | None       | SLICE_X90Y146   | X1Y2         |           1 |               0 |              20.000 | clk_out5_clk_wiz_1_1 | cv32e40p_core_ip/core_i/id_stage_i/register_file_i/CG_WE_GLOBAL/clk_gate_i/mem_reg[3][31]_i_3/O  | cv32e40p_core_ip/core_i/id_stage_i/register_file_i/CG_WE_GLOBAL/clk_gate_i/clk_en_reg_27 |
| src0      | g14       | LUT4/O              | None       | SLICE_X90Y146   | X1Y2         |           1 |               0 |              20.000 | clk_out5_clk_wiz_1_1 | cv32e40p_core_ip/core_i/id_stage_i/register_file_i/CG_WE_GLOBAL/clk_gate_i/mem_reg[2][31]_i_3/O  | cv32e40p_core_ip/core_i/id_stage_i/register_file_i/CG_WE_GLOBAL/clk_gate_i/clk_en_reg_28 |
| src1      | g2        | MMCME2_ADV/CLKOUT0  | None       | MMCME2_ADV_X1Y5 | X1Y5         |           1 |               0 |              10.000 | clk_out1_clk_wiz_1_1 | u_pll/inst/mmcm_adv_inst/CLKOUT0                                                                 | u_pll/inst/clk_out1_clk_wiz_1                                                            |
| src2      | g4        | MMCME2_ADV/CLKOUT1  | None       | MMCME2_ADV_X1Y5 | X1Y5         |           1 |               0 |               2.500 | clk_out2_clk_wiz_1_1 | u_pll/inst/mmcm_adv_inst/CLKOUT1                                                                 | u_pll/inst/clk_out2_clk_wiz_1                                                            |
| src3      | g15       | MMCME2_ADV/CLKOUT3  | None       | MMCME2_ADV_X1Y5 | X1Y5         |           1 |               0 |               2.500 | clk_out4_clk_wiz_1_1 | u_pll/inst/mmcm_adv_inst/CLKOUT3                                                                 | u_pll/inst/clk_out4_clk_wiz_1                                                            |
| src4      | g16       | MMCME2_ADV/CLKOUT2  | None       | MMCME2_ADV_X1Y5 | X1Y5         |           1 |               0 |               5.000 | clk_out3_clk_wiz_1_1 | u_pll/inst/mmcm_adv_inst/CLKOUT2                                                                 | u_pll/inst/clk_out3_clk_wiz_1                                                            |
| src5      | g17       | MMCME2_ADV/CLKFBOUT | None       | MMCME2_ADV_X1Y5 | X1Y5         |           1 |               0 |               5.000 | clkfbout_clk_wiz_1_1 | u_pll/inst/mmcm_adv_inst/CLKFBOUT                                                                | u_pll/inst/clkfbout_clk_wiz_1                                                            |
+-----------+-----------+---------------------+------------+-----------------+--------------+-------------+-----------------+---------------------+----------------------+--------------------------------------------------------------------------------------------------+------------------------------------------------------------------------------------------+
* Clock Loads column represents cell count of net connects that connect to a clock pin. Internal cell leaf pins are not considered
** Non-Clock Loads column represents cell count of non-clock pin loads


4. Local Clock Details
----------------------

+----------+------------------+---------------+------------------------+--------------+-------------+-----------------+--------------+-------+---------------------------------------------------------------+---------------------------------------------------------+
| Local Id | Driver Type/Pin  | Constraint    | Site/BEL               | Clock Region | Clock Loads | Non-Clock Loads | Clock Period | Clock | Driver Pin                                                    | Net                                                     |
+----------+------------------+---------------+------------------------+--------------+-------------+-----------------+--------------+-------+---------------------------------------------------------------+---------------------------------------------------------+
| 0        | IDELAYE2/DATAOUT | IDELAY_X1Y244 | IDELAY_X1Y244/IDELAYE2 | X1Y4         |           8 |               0 |              |       | dram_dut/dram_iface_dut/controller/u_phy/u_dqs_delay0/DATAOUT | dram_dut/dram_iface_dut/controller/u_phy/u_dqs_delay0_0 |
| 1        | IDELAYE2/DATAOUT | IDELAY_X1Y232 | IDELAY_X1Y232/IDELAYE2 | X1Y4         |           8 |               0 |              |       | dram_dut/dram_iface_dut/controller/u_phy/u_dqs_delay1/DATAOUT | dram_dut/dram_iface_dut/controller/u_phy/u_dqs_delay1_0 |
+----------+------------------+---------------+------------------------+--------------+-------------+-----------------+--------------+-------+---------------------------------------------------------------+---------------------------------------------------------+
* Local Clocks in this context represents only clocks driven by non-global buffers
** Clock Loads column represents cell count of net connects that connect to a clock pin. Internal cell leaf pins are not considered
*** Non-Clock Loads column represents cell count of non-clock pin loads


5. Clock Regions: Key Resource Utilization
------------------------------------------

+-------------------+--------------+--------------+--------------+--------------+--------------+--------------+--------------+--------------+--------------+--------------+--------------+--------------+--------------+--------------+--------------+
|                   | Global Clock |     BUFRs    |    BUFMRs    |    BUFIOs    |     MMCM     |      PLL     |      GT      |      PCI     |    ILOGIC    |    OLOGIC    |      FF      |     LUTM     |    RAMB18    |    RAMB36    |    DSP48E2   |
+-------------------+------+-------+------+-------+------+-------+------+-------+------+-------+------+-------+------+-------+------+-------+------+-------+------+-------+------+-------+------+-------+------+-------+------+-------+------+-------+
| Clock Region Name | Used | Avail | Used | Avail | Used | Avail | Used | Avail | Used | Avail | Used | Avail | Used | Avail | Used | Avail | Used | Avail | Used | Avail | Used | Avail | Used | Avail | Used | Avail | Used | Avail | Used | Avail |
+-------------------+------+-------+------+-------+------+-------+------+-------+------+-------+------+-------+------+-------+------+-------+------+-------+------+-------+------+-------+------+-------+------+-------+------+-------+------+-------+
| X0Y0              |    0 |    12 |    0 |     4 |    0 |     2 |    0 |     4 |    0 |     1 |    0 |     1 |    0 |     0 |    0 |     0 |    0 |    50 |    0 |    50 |    0 |  4500 |    0 |  1600 |    0 |    80 |    0 |    40 |    0 |    80 |
| X1Y0              |    0 |    12 |    0 |     0 |    0 |     0 |    0 |     0 |    0 |     0 |    0 |     0 |    0 |     4 |    0 |     0 |    0 |     0 |    0 |     0 |    0 |  3700 |    0 |  1050 |    0 |    80 |    0 |    40 |    0 |    60 |
| X0Y1              |    0 |    12 |    0 |     4 |    0 |     2 |    0 |     4 |    0 |     1 |    0 |     1 |    0 |     0 |    0 |     0 |    0 |    50 |    0 |    50 |    0 |  4500 |    0 |  1600 |    0 |    80 |    0 |    40 |    0 |    80 |
| X1Y1              |    0 |    12 |    0 |     0 |    0 |     0 |    0 |     0 |    0 |     0 |    0 |     0 |    0 |     4 |    0 |     0 |    0 |     0 |    0 |     0 |    0 |  3700 |    0 |  1050 |    0 |    80 |    0 |    40 |    0 |    60 |
| X0Y2              |    1 |    12 |    0 |     4 |    0 |     2 |    0 |     4 |    0 |     1 |    0 |     1 |    0 |     0 |    0 |     0 |    0 |    50 |    0 |    50 |    0 |  4500 |    0 |  1600 |    0 |    80 |    3 |    40 |    0 |    80 |
| X1Y2              |    1 |    12 |    0 |     0 |    0 |     0 |    0 |     0 |    0 |     0 |    0 |     0 |    0 |     4 |    0 |     0 |    0 |     0 |    0 |     0 |    0 |  3700 |   12 |  1050 |    0 |    80 |   19 |    40 |    0 |    60 |
| X0Y3              |    1 |    12 |    0 |     4 |    0 |     2 |    0 |     4 |    0 |     1 |    0 |     1 |    0 |     0 |    0 |     0 |    0 |    50 |    0 |    50 |    0 |  4500 |    0 |  1600 |    0 |    80 |   24 |    40 |    0 |    80 |
| X1Y3              |   11 |    12 |    0 |     0 |    0 |     0 |    0 |     0 |    0 |     0 |    0 |     0 |    0 |     4 |    0 |     1 |    0 |     0 |    0 |     0 | 1550 |  3550 |  539 |  1000 |    0 |    70 |   35 |    35 |    0 |    60 |
| X0Y4              |    1 |    12 |    0 |     4 |    0 |     2 |    0 |     4 |    0 |     1 |    0 |     1 |    0 |     0 |    0 |     0 |    0 |    50 |    0 |    50 |    0 |  4500 |    0 |  1600 |    0 |    80 |   11 |    40 |    0 |    80 |
| X1Y4              |   12 |    12 |    0 |     4 |    0 |     2 |    0 |     4 |    0 |     1 |    0 |     1 |    0 |     0 |    0 |     0 |   16 |    50 |   20 |    50 | 2198 |  4100 |  666 |  1150 |    0 |   100 |   36 |    50 |    0 |    60 |
| X0Y5              |    0 |    12 |    0 |     0 |    0 |     0 |    0 |     0 |    0 |     0 |    0 |     0 |    0 |     0 |    0 |     0 |    0 |     0 |    0 |     0 |    0 |  3200 |    0 |  1000 |    0 |    40 |    0 |    20 |    0 |    40 |
| X1Y5              |    2 |    12 |    0 |     4 |    0 |     2 |    0 |     4 |    1 |     1 |    0 |     1 |    0 |     0 |    0 |     0 |    0 |    50 |   21 |    50 |   25 |  3500 |    4 |  1150 |    0 |   100 |    0 |    50 |    0 |    60 |
| X0Y6              |    0 |    12 |    0 |     0 |    0 |     0 |    0 |     0 |    0 |     0 |    0 |     0 |    0 |     0 |    0 |     0 |    0 |     0 |    0 |     0 |    0 |  3200 |    0 |  1000 |    0 |    40 |    0 |    20 |    0 |    40 |
| X1Y6              |    1 |    12 |    0 |     4 |    0 |     2 |    0 |     4 |    0 |     1 |    0 |     1 |    0 |     0 |    0 |     0 |    0 |    50 |    1 |    50 |    1 |  3500 |    0 |  1150 |    0 |   100 |    0 |    50 |    0 |    60 |
+-------------------+------+-------+------+-------+------+-------+------+-------+------+-------+------+-------+------+-------+------+-------+------+-------+------+-------+------+-------+------+-------+------+-------+------+-------+------+-------+
* Global Clock column represents track count; while other columns represents cell counts


6. Clock Regions : Global Clock Summary
---------------------------------------

All Modules
+----+----+----+
|    | X0 | X1 |
+----+----+----+
| Y6 |  0 |  1 |
| Y5 |  0 |  2 |
| Y4 |  1 | 12 |
| Y3 |  1 | 11 |
| Y2 |  1 |  1 |
| Y1 |  0 |  0 |
| Y0 |  0 |  0 |
+----+----+----+


7. Device Cell Placement Summary for Global Clock g0
----------------------------------------------------

+-----------+-----------------+-------------------+----------------------+-------------+----------------+-------------+----------+----------------+----------+---------------------+
| Global Id | Driver Type/Pin | Driver Region (D) | Clock                | Period (ns) | Waveform (ns)  | Slice Loads | IO Loads | Clocking Loads | GT Loads | Net                 |
+-----------+-----------------+-------------------+----------------------+-------------+----------------+-------------+----------+----------------+----------+---------------------+
| g0        | BUFG/O          | n/a               | clk_out5_clk_wiz_1_1 |      20.000 | {0.000 10.000} |        2331 |        0 |              0 |        0 | u_pll/inst/clk_out5 |
+-----------+-----------------+-------------------+----------------------+-------------+----------------+-------------+----------+----------------+----------+---------------------+
* Slice Loads column represents load cell count of all cell types other than IO, GT and clock resources
** IO Loads column represents load cell count of IO types
*** Clocking Loads column represents load cell count that are clock resources (global clock buffer, MMCM, PLL, etc)
**** GT Loads column represents load cell count of GT types


+----+-----+-------+-----------------------+
|    | X0  | X1    | HORIZONTAL PROG DELAY |
+----+-----+-------+-----------------------+
| Y6 |   0 |     0 |                     - |
| Y5 |   0 |     0 |                     - |
| Y4 |  11 |   864 |                     0 |
| Y3 |  24 |  1398 |                     0 |
| Y2 |   3 |    31 |                     0 |
| Y1 |   0 |     0 |                     - |
| Y0 |   0 |     0 |                     - |
+----+-----+-------+-----------------------+


8. Device Cell Placement Summary for Global Clock g1
----------------------------------------------------

+-----------+-----------------+-------------------+----------------------+-------------+----------------+-------------+----------+----------------+----------+------------+
| Global Id | Driver Type/Pin | Driver Region (D) | Clock                | Period (ns) | Waveform (ns)  | Slice Loads | IO Loads | Clocking Loads | GT Loads | Net        |
+-----------+-----------------+-------------------+----------------------+-------------+----------------+-------------+----------+----------------+----------+------------+
| g1        | BUFG/O          | n/a               | clk_out5_clk_wiz_1_1 |      20.000 | {0.000 10.000} |        1094 |        0 |              0 |        0 | core_i/clk |
+-----------+-----------------+-------------------+----------------------+-------------+----------------+-------------+----------+----------------+----------+------------+
* Slice Loads column represents load cell count of all cell types other than IO, GT and clock resources
** IO Loads column represents load cell count of IO types
*** Clocking Loads column represents load cell count that are clock resources (global clock buffer, MMCM, PLL, etc)
**** GT Loads column represents load cell count of GT types


+----+----+------+-----------------------+
|    | X0 | X1   | HORIZONTAL PROG DELAY |
+----+----+------+-----------------------+
| Y6 |  0 |    0 |                     - |
| Y5 |  0 |    0 |                     - |
| Y4 |  0 |  888 |                     0 |
| Y3 |  0 |  206 |                     0 |
| Y2 |  0 |    0 |                     - |
| Y1 |  0 |    0 |                     - |
| Y0 |  0 |    0 |                     - |
+----+----+------+-----------------------+


9. Device Cell Placement Summary for Global Clock g2
----------------------------------------------------

+-----------+-----------------+-------------------+----------------------+-------------+---------------+-------------+----------+----------------+----------+---------------------+
| Global Id | Driver Type/Pin | Driver Region (D) | Clock                | Period (ns) | Waveform (ns) | Slice Loads | IO Loads | Clocking Loads | GT Loads | Net                 |
+-----------+-----------------+-------------------+----------------------+-------------+---------------+-------------+----------+----------------+----------+---------------------+
| g2        | BUFG/O          | n/a               | clk_out1_clk_wiz_1_1 |      10.000 | {0.000 5.000} |         471 |       36 |              0 |        0 | u_pll/inst/clk_out1 |
+-----------+-----------------+-------------------+----------------------+-------------+---------------+-------------+----------+----------------+----------+---------------------+
* Slice Loads column represents load cell count of all cell types other than IO, GT and clock resources
** IO Loads column represents load cell count of IO types
*** Clocking Loads column represents load cell count that are clock resources (global clock buffer, MMCM, PLL, etc)
**** GT Loads column represents load cell count of GT types


+----+----+------+-----------------------+
|    | X0 | X1   | HORIZONTAL PROG DELAY |
+----+----+------+-----------------------+
| Y6 |  0 |    1 |                     0 |
| Y5 |  0 |   26 |                     0 |
| Y4 |  0 |  480 |                     0 |
| Y3 |  0 |    0 |                     - |
| Y2 |  0 |    0 |                     - |
| Y1 |  0 |    0 |                     - |
| Y0 |  0 |    0 |                     - |
+----+----+------+-----------------------+


10. Device Cell Placement Summary for Global Clock g3
-----------------------------------------------------

+-----------+-----------------+-------------------+----------------------+-------------+----------------+-------------+----------+----------------+----------+-------------------------------------------+
| Global Id | Driver Type/Pin | Driver Region (D) | Clock                | Period (ns) | Waveform (ns)  | Slice Loads | IO Loads | Clocking Loads | GT Loads | Net                                       |
+-----------+-----------------+-------------------+----------------------+-------------+----------------+-------------+----------+----------------+----------+-------------------------------------------+
| g3        | BUFG/O          | n/a               | clk_out5_clk_wiz_1_1 |      20.000 | {0.000 10.000} |          95 |        0 |              0 |        0 | core_i/id_stage_i/register_file_i/clk_int |
+-----------+-----------------+-------------------+----------------------+-------------+----------------+-------------+----------+----------------+----------+-------------------------------------------+
* Slice Loads column represents load cell count of all cell types other than IO, GT and clock resources
** IO Loads column represents load cell count of IO types
*** Clocking Loads column represents load cell count that are clock resources (global clock buffer, MMCM, PLL, etc)
**** GT Loads column represents load cell count of GT types


+----+----+-----+-----------------------+
|    | X0 | X1  | HORIZONTAL PROG DELAY |
+----+----+-----+-----------------------+
| Y6 |  0 |   0 |                     - |
| Y5 |  0 |   0 |                     - |
| Y4 |  0 |  90 |                     0 |
| Y3 |  0 |   5 |                     0 |
| Y2 |  0 |   0 |                     - |
| Y1 |  0 |   0 |                     - |
| Y0 |  0 |   0 |                     - |
+----+----+-----+-----------------------+


11. Device Cell Placement Summary for Global Clock g4
-----------------------------------------------------

+-----------+-----------------+-------------------+----------------------+-------------+---------------+-------------+----------+----------------+----------+---------------------+
| Global Id | Driver Type/Pin | Driver Region (D) | Clock                | Period (ns) | Waveform (ns) | Slice Loads | IO Loads | Clocking Loads | GT Loads | Net                 |
+-----------+-----------------+-------------------+----------------------+-------------+---------------+-------------+----------+----------------+----------+---------------------+
| g4        | BUFG/O          | n/a               | clk_out2_clk_wiz_1_1 |       2.500 | {0.000 1.250} |           0 |       34 |              0 |        0 | u_pll/inst/clk_out2 |
+-----------+-----------------+-------------------+----------------------+-------------+---------------+-------------+----------+----------------+----------+---------------------+
* Slice Loads column represents load cell count of all cell types other than IO, GT and clock resources
** IO Loads column represents load cell count of IO types
*** Clocking Loads column represents load cell count that are clock resources (global clock buffer, MMCM, PLL, etc)
**** GT Loads column represents load cell count of GT types


+----+----+-----+-----------------------+
|    | X0 | X1  | HORIZONTAL PROG DELAY |
+----+----+-----+-----------------------+
| Y6 |  0 |   0 |                     - |
| Y5 |  0 |   0 |                     - |
| Y4 |  0 |  34 |                     0 |
| Y3 |  0 |   0 |                     - |
| Y2 |  0 |   0 |                     - |
| Y1 |  0 |   0 |                     - |
| Y0 |  0 |   0 |                     - |
+----+----+-----+-----------------------+


12. Device Cell Placement Summary for Global Clock g5
-----------------------------------------------------

+-----------+-----------------+-------------------+----------------------+-------------+----------------+-------------+----------+----------------+----------+-------------------------------------------+
| Global Id | Driver Type/Pin | Driver Region (D) | Clock                | Period (ns) | Waveform (ns)  | Slice Loads | IO Loads | Clocking Loads | GT Loads | Net                                       |
+-----------+-----------------+-------------------+----------------------+-------------+----------------+-------------+----------+----------------+----------+-------------------------------------------+
| g5        | BUFG/O          | n/a               | clk_out5_clk_wiz_1_1 |      20.000 | {0.000 10.000} |          32 |        0 |              0 |        0 | core_i/id_stage_i/register_file_i/p_51_in |
+-----------+-----------------+-------------------+----------------------+-------------+----------------+-------------+----------+----------------+----------+-------------------------------------------+
* Slice Loads column represents load cell count of all cell types other than IO, GT and clock resources
** IO Loads column represents load cell count of IO types
*** Clocking Loads column represents load cell count that are clock resources (global clock buffer, MMCM, PLL, etc)
**** GT Loads column represents load cell count of GT types


+----+----+-----+-----------------------+
|    | X0 | X1  | HORIZONTAL PROG DELAY |
+----+----+-----+-----------------------+
| Y6 |  0 |   0 |                     - |
| Y5 |  0 |   0 |                     - |
| Y4 |  0 |  32 |                     0 |
| Y3 |  0 |   0 |                     - |
| Y2 |  0 |   0 |                     - |
| Y1 |  0 |   0 |                     - |
| Y0 |  0 |   0 |                     - |
+----+----+-----+-----------------------+


13. Device Cell Placement Summary for Global Clock g6
-----------------------------------------------------

+-----------+-----------------+-------------------+----------------------+-------------+----------------+-------------+----------+----------------+----------+-------------------------------------------+
| Global Id | Driver Type/Pin | Driver Region (D) | Clock                | Period (ns) | Waveform (ns)  | Slice Loads | IO Loads | Clocking Loads | GT Loads | Net                                       |
+-----------+-----------------+-------------------+----------------------+-------------+----------------+-------------+----------+----------------+----------+-------------------------------------------+
| g6        | BUFG/O          | n/a               | clk_out5_clk_wiz_1_1 |      20.000 | {0.000 10.000} |          32 |        0 |              0 |        0 | core_i/id_stage_i/register_file_i/p_52_in |
+-----------+-----------------+-------------------+----------------------+-------------+----------------+-------------+----------+----------------+----------+-------------------------------------------+
* Slice Loads column represents load cell count of all cell types other than IO, GT and clock resources
** IO Loads column represents load cell count of IO types
*** Clocking Loads column represents load cell count that are clock resources (global clock buffer, MMCM, PLL, etc)
**** GT Loads column represents load cell count of GT types


+----+----+-----+-----------------------+
|    | X0 | X1  | HORIZONTAL PROG DELAY |
+----+----+-----+-----------------------+
| Y6 |  0 |   0 |                     - |
| Y5 |  0 |   0 |                     - |
| Y4 |  0 |  32 |                     0 |
| Y3 |  0 |   0 |                     - |
| Y2 |  0 |   0 |                     - |
| Y1 |  0 |   0 |                     - |
| Y0 |  0 |   0 |                     - |
+----+----+-----+-----------------------+


14. Device Cell Placement Summary for Global Clock g7
-----------------------------------------------------

+-----------+-----------------+-------------------+----------------------+-------------+----------------+-------------+----------+----------------+----------+-------------------------------------------+
| Global Id | Driver Type/Pin | Driver Region (D) | Clock                | Period (ns) | Waveform (ns)  | Slice Loads | IO Loads | Clocking Loads | GT Loads | Net                                       |
+-----------+-----------------+-------------------+----------------------+-------------+----------------+-------------+----------+----------------+----------+-------------------------------------------+
| g7        | BUFG/O          | n/a               | clk_out5_clk_wiz_1_1 |      20.000 | {0.000 10.000} |          32 |        0 |              0 |        0 | core_i/id_stage_i/register_file_i/p_53_in |
+-----------+-----------------+-------------------+----------------------+-------------+----------------+-------------+----------+----------------+----------+-------------------------------------------+
* Slice Loads column represents load cell count of all cell types other than IO, GT and clock resources
** IO Loads column represents load cell count of IO types
*** Clocking Loads column represents load cell count that are clock resources (global clock buffer, MMCM, PLL, etc)
**** GT Loads column represents load cell count of GT types


+----+----+-----+-----------------------+
|    | X0 | X1  | HORIZONTAL PROG DELAY |
+----+----+-----+-----------------------+
| Y6 |  0 |   0 |                     - |
| Y5 |  0 |   0 |                     - |
| Y4 |  0 |  31 |                     0 |
| Y3 |  0 |   1 |                     0 |
| Y2 |  0 |   0 |                     - |
| Y1 |  0 |   0 |                     - |
| Y0 |  0 |   0 |                     - |
+----+----+-----+-----------------------+


15. Device Cell Placement Summary for Global Clock g8
-----------------------------------------------------

+-----------+-----------------+-------------------+----------------------+-------------+----------------+-------------+----------+----------------+----------+-------------------------------------------+
| Global Id | Driver Type/Pin | Driver Region (D) | Clock                | Period (ns) | Waveform (ns)  | Slice Loads | IO Loads | Clocking Loads | GT Loads | Net                                       |
+-----------+-----------------+-------------------+----------------------+-------------+----------------+-------------+----------+----------------+----------+-------------------------------------------+
| g8        | BUFG/O          | n/a               | clk_out5_clk_wiz_1_1 |      20.000 | {0.000 10.000} |          32 |        0 |              0 |        0 | core_i/id_stage_i/register_file_i/p_54_in |
+-----------+-----------------+-------------------+----------------------+-------------+----------------+-------------+----------+----------------+----------+-------------------------------------------+
* Slice Loads column represents load cell count of all cell types other than IO, GT and clock resources
** IO Loads column represents load cell count of IO types
*** Clocking Loads column represents load cell count that are clock resources (global clock buffer, MMCM, PLL, etc)
**** GT Loads column represents load cell count of GT types


+----+----+-----+-----------------------+
|    | X0 | X1  | HORIZONTAL PROG DELAY |
+----+----+-----+-----------------------+
| Y6 |  0 |   0 |                     - |
| Y5 |  0 |   0 |                     - |
| Y4 |  0 |  31 |                     0 |
| Y3 |  0 |   1 |                     0 |
| Y2 |  0 |   0 |                     - |
| Y1 |  0 |   0 |                     - |
| Y0 |  0 |   0 |                     - |
+----+----+-----+-----------------------+


16. Device Cell Placement Summary for Global Clock g9
-----------------------------------------------------

+-----------+-----------------+-------------------+----------------------+-------------+----------------+-------------+----------+----------------+----------+-------------------------------------------+
| Global Id | Driver Type/Pin | Driver Region (D) | Clock                | Period (ns) | Waveform (ns)  | Slice Loads | IO Loads | Clocking Loads | GT Loads | Net                                       |
+-----------+-----------------+-------------------+----------------------+-------------+----------------+-------------+----------+----------------+----------+-------------------------------------------+
| g9        | BUFG/O          | n/a               | clk_out5_clk_wiz_1_1 |      20.000 | {0.000 10.000} |          32 |        0 |              0 |        0 | core_i/id_stage_i/register_file_i/p_55_in |
+-----------+-----------------+-------------------+----------------------+-------------+----------------+-------------+----------+----------------+----------+-------------------------------------------+
* Slice Loads column represents load cell count of all cell types other than IO, GT and clock resources
** IO Loads column represents load cell count of IO types
*** Clocking Loads column represents load cell count that are clock resources (global clock buffer, MMCM, PLL, etc)
**** GT Loads column represents load cell count of GT types


+----+----+-----+-----------------------+
|    | X0 | X1  | HORIZONTAL PROG DELAY |
+----+----+-----+-----------------------+
| Y6 |  0 |   0 |                     - |
| Y5 |  0 |   0 |                     - |
| Y4 |  0 |   0 |                     - |
| Y3 |  0 |  32 |                     0 |
| Y2 |  0 |   0 |                     - |
| Y1 |  0 |   0 |                     - |
| Y0 |  0 |   0 |                     - |
+----+----+-----+-----------------------+


17. Device Cell Placement Summary for Global Clock g10
------------------------------------------------------

+-----------+-----------------+-------------------+----------------------+-------------+----------------+-------------+----------+----------------+----------+-------------------------------------------+
| Global Id | Driver Type/Pin | Driver Region (D) | Clock                | Period (ns) | Waveform (ns)  | Slice Loads | IO Loads | Clocking Loads | GT Loads | Net                                       |
+-----------+-----------------+-------------------+----------------------+-------------+----------------+-------------+----------+----------------+----------+-------------------------------------------+
| g10       | BUFG/O          | n/a               | clk_out5_clk_wiz_1_1 |      20.000 | {0.000 10.000} |          32 |        0 |              0 |        0 | core_i/id_stage_i/register_file_i/p_56_in |
+-----------+-----------------+-------------------+----------------------+-------------+----------------+-------------+----------+----------------+----------+-------------------------------------------+
* Slice Loads column represents load cell count of all cell types other than IO, GT and clock resources
** IO Loads column represents load cell count of IO types
*** Clocking Loads column represents load cell count that are clock resources (global clock buffer, MMCM, PLL, etc)
**** GT Loads column represents load cell count of GT types


+----+----+-----+-----------------------+
|    | X0 | X1  | HORIZONTAL PROG DELAY |
+----+----+-----+-----------------------+
| Y6 |  0 |   0 |                     - |
| Y5 |  0 |   0 |                     - |
| Y4 |  0 |   0 |                     - |
| Y3 |  0 |  32 |                     0 |
| Y2 |  0 |   0 |                     - |
| Y1 |  0 |   0 |                     - |
| Y0 |  0 |   0 |                     - |
+----+----+-----+-----------------------+


18. Device Cell Placement Summary for Global Clock g11
------------------------------------------------------

+-----------+-----------------+-------------------+----------------------+-------------+----------------+-------------+----------+----------------+----------+-------------------------------------------+
| Global Id | Driver Type/Pin | Driver Region (D) | Clock                | Period (ns) | Waveform (ns)  | Slice Loads | IO Loads | Clocking Loads | GT Loads | Net                                       |
+-----------+-----------------+-------------------+----------------------+-------------+----------------+-------------+----------+----------------+----------+-------------------------------------------+
| g11       | BUFG/O          | n/a               | clk_out5_clk_wiz_1_1 |      20.000 | {0.000 10.000} |          32 |        0 |              0 |        0 | core_i/id_stage_i/register_file_i/p_57_in |
+-----------+-----------------+-------------------+----------------------+-------------+----------------+-------------+----------+----------------+----------+-------------------------------------------+
* Slice Loads column represents load cell count of all cell types other than IO, GT and clock resources
** IO Loads column represents load cell count of IO types
*** Clocking Loads column represents load cell count that are clock resources (global clock buffer, MMCM, PLL, etc)
**** GT Loads column represents load cell count of GT types


+----+----+-----+-----------------------+
|    | X0 | X1  | HORIZONTAL PROG DELAY |
+----+----+-----+-----------------------+
| Y6 |  0 |   0 |                     - |
| Y5 |  0 |   0 |                     - |
| Y4 |  0 |   0 |                     - |
| Y3 |  0 |  32 |                     0 |
| Y2 |  0 |   0 |                     - |
| Y1 |  0 |   0 |                     - |
| Y0 |  0 |   0 |                     - |
+----+----+-----+-----------------------+


19. Device Cell Placement Summary for Global Clock g12
------------------------------------------------------

+-----------+-----------------+-------------------+----------------------+-------------+----------------+-------------+----------+----------------+----------+-------------------------------------------+
| Global Id | Driver Type/Pin | Driver Region (D) | Clock                | Period (ns) | Waveform (ns)  | Slice Loads | IO Loads | Clocking Loads | GT Loads | Net                                       |
+-----------+-----------------+-------------------+----------------------+-------------+----------------+-------------+----------+----------------+----------+-------------------------------------------+
| g12       | BUFG/O          | n/a               | clk_out5_clk_wiz_1_1 |      20.000 | {0.000 10.000} |          32 |        0 |              0 |        0 | core_i/id_stage_i/register_file_i/p_58_in |
+-----------+-----------------+-------------------+----------------------+-------------+----------------+-------------+----------+----------------+----------+-------------------------------------------+
* Slice Loads column represents load cell count of all cell types other than IO, GT and clock resources
** IO Loads column represents load cell count of IO types
*** Clocking Loads column represents load cell count that are clock resources (global clock buffer, MMCM, PLL, etc)
**** GT Loads column represents load cell count of GT types


+----+----+-----+-----------------------+
|    | X0 | X1  | HORIZONTAL PROG DELAY |
+----+----+-----+-----------------------+
| Y6 |  0 |   0 |                     - |
| Y5 |  0 |   0 |                     - |
| Y4 |  0 |   0 |                     - |
| Y3 |  0 |  32 |                     0 |
| Y2 |  0 |   0 |                     - |
| Y1 |  0 |   0 |                     - |
| Y0 |  0 |   0 |                     - |
+----+----+-----+-----------------------+


20. Device Cell Placement Summary for Global Clock g13
------------------------------------------------------

+-----------+-----------------+-------------------+----------------------+-------------+----------------+-------------+----------+----------------+----------+-------------------------------------------+
| Global Id | Driver Type/Pin | Driver Region (D) | Clock                | Period (ns) | Waveform (ns)  | Slice Loads | IO Loads | Clocking Loads | GT Loads | Net                                       |
+-----------+-----------------+-------------------+----------------------+-------------+----------------+-------------+----------+----------------+----------+-------------------------------------------+
| g13       | BUFG/O          | n/a               | clk_out5_clk_wiz_1_1 |      20.000 | {0.000 10.000} |          32 |        0 |              0 |        0 | core_i/id_stage_i/register_file_i/p_59_in |
+-----------+-----------------+-------------------+----------------------+-------------+----------------+-------------+----------+----------------+----------+-------------------------------------------+
* Slice Loads column represents load cell count of all cell types other than IO, GT and clock resources
** IO Loads column represents load cell count of IO types
*** Clocking Loads column represents load cell count that are clock resources (global clock buffer, MMCM, PLL, etc)
**** GT Loads column represents load cell count of GT types


+----+----+-----+-----------------------+
|    | X0 | X1  | HORIZONTAL PROG DELAY |
+----+----+-----+-----------------------+
| Y6 |  0 |   0 |                     - |
| Y5 |  0 |   0 |                     - |
| Y4 |  0 |   0 |                     - |
| Y3 |  0 |  32 |                     0 |
| Y2 |  0 |   0 |                     - |
| Y1 |  0 |   0 |                     - |
| Y0 |  0 |   0 |                     - |
+----+----+-----+-----------------------+


21. Device Cell Placement Summary for Global Clock g14
------------------------------------------------------

+-----------+-----------------+-------------------+----------------------+-------------+----------------+-------------+----------+----------------+----------+-------------------------------------------+
| Global Id | Driver Type/Pin | Driver Region (D) | Clock                | Period (ns) | Waveform (ns)  | Slice Loads | IO Loads | Clocking Loads | GT Loads | Net                                       |
+-----------+-----------------+-------------------+----------------------+-------------+----------------+-------------+----------+----------------+----------+-------------------------------------------+
| g14       | BUFG/O          | n/a               | clk_out5_clk_wiz_1_1 |      20.000 | {0.000 10.000} |          32 |        0 |              0 |        0 | core_i/id_stage_i/register_file_i/p_60_in |
+-----------+-----------------+-------------------+----------------------+-------------+----------------+-------------+----------+----------------+----------+-------------------------------------------+
* Slice Loads column represents load cell count of all cell types other than IO, GT and clock resources
** IO Loads column represents load cell count of IO types
*** Clocking Loads column represents load cell count that are clock resources (global clock buffer, MMCM, PLL, etc)
**** GT Loads column represents load cell count of GT types


+----+----+-----+-----------------------+
|    | X0 | X1  | HORIZONTAL PROG DELAY |
+----+----+-----+-----------------------+
| Y6 |  0 |   0 |                     - |
| Y5 |  0 |   0 |                     - |
| Y4 |  0 |  30 |                     0 |
| Y3 |  0 |   2 |                     0 |
| Y2 |  0 |   0 |                     - |
| Y1 |  0 |   0 |                     - |
| Y0 |  0 |   0 |                     - |
+----+----+-----+-----------------------+


22. Device Cell Placement Summary for Global Clock g15
------------------------------------------------------

+-----------+-----------------+-------------------+----------------------+-------------+---------------+-------------+----------+----------------+----------+---------------------+
| Global Id | Driver Type/Pin | Driver Region (D) | Clock                | Period (ns) | Waveform (ns) | Slice Loads | IO Loads | Clocking Loads | GT Loads | Net                 |
+-----------+-----------------+-------------------+----------------------+-------------+---------------+-------------+----------+----------------+----------+---------------------+
| g15       | BUFG/O          | n/a               | clk_out4_clk_wiz_1_1 |       2.500 | {0.625 1.875} |           0 |        2 |              0 |        0 | u_pll/inst/clk_out4 |
+-----------+-----------------+-------------------+----------------------+-------------+---------------+-------------+----------+----------------+----------+---------------------+
* Slice Loads column represents load cell count of all cell types other than IO, GT and clock resources
** IO Loads column represents load cell count of IO types
*** Clocking Loads column represents load cell count that are clock resources (global clock buffer, MMCM, PLL, etc)
**** GT Loads column represents load cell count of GT types


+----+----+----+-----------------------+
|    | X0 | X1 | HORIZONTAL PROG DELAY |
+----+----+----+-----------------------+
| Y6 |  0 |  0 |                     - |
| Y5 |  0 |  0 |                     - |
| Y4 |  0 |  2 |                     0 |
| Y3 |  0 |  0 |                     - |
| Y2 |  0 |  0 |                     - |
| Y1 |  0 |  0 |                     - |
| Y0 |  0 |  0 |                     - |
+----+----+----+-----------------------+


23. Device Cell Placement Summary for Global Clock g16
------------------------------------------------------

+-----------+-----------------+-------------------+----------------------+-------------+---------------+-------------+----------+----------------+----------+---------------------+
| Global Id | Driver Type/Pin | Driver Region (D) | Clock                | Period (ns) | Waveform (ns) | Slice Loads | IO Loads | Clocking Loads | GT Loads | Net                 |
+-----------+-----------------+-------------------+----------------------+-------------+---------------+-------------+----------+----------------+----------+---------------------+
| g16       | BUFG/O          | n/a               | clk_out3_clk_wiz_1_1 |       5.000 | {0.000 2.500} |           1 |        0 |              0 |        0 | u_pll/inst/clk_out3 |
+-----------+-----------------+-------------------+----------------------+-------------+---------------+-------------+----------+----------------+----------+---------------------+
* Slice Loads column represents load cell count of all cell types other than IO, GT and clock resources
** IO Loads column represents load cell count of IO types
*** Clocking Loads column represents load cell count that are clock resources (global clock buffer, MMCM, PLL, etc)
**** GT Loads column represents load cell count of GT types


+----+----+----+-----------------------+
|    | X0 | X1 | HORIZONTAL PROG DELAY |
+----+----+----+-----------------------+
| Y6 |  0 |  0 |                     - |
| Y5 |  0 |  0 |                     - |
| Y4 |  0 |  1 |                     0 |
| Y3 |  0 |  0 |                     - |
| Y2 |  0 |  0 |                     - |
| Y1 |  0 |  0 |                     - |
| Y0 |  0 |  0 |                     - |
+----+----+----+-----------------------+


24. Device Cell Placement Summary for Global Clock g17
------------------------------------------------------

+-----------+-----------------+-------------------+----------------------+-------------+---------------+-------------+----------+----------------+----------+-----------------------------------+
| Global Id | Driver Type/Pin | Driver Region (D) | Clock                | Period (ns) | Waveform (ns) | Slice Loads | IO Loads | Clocking Loads | GT Loads | Net                               |
+-----------+-----------------+-------------------+----------------------+-------------+---------------+-------------+----------+----------------+----------+-----------------------------------+
| g17       | BUFG/O          | n/a               | clkfbout_clk_wiz_1_1 |       5.000 | {0.000 2.500} |           0 |        0 |              1 |        0 | u_pll/inst/clkfbout_buf_clk_wiz_1 |
+-----------+-----------------+-------------------+----------------------+-------------+---------------+-------------+----------+----------------+----------+-----------------------------------+
* Slice Loads column represents load cell count of all cell types other than IO, GT and clock resources
** IO Loads column represents load cell count of IO types
*** Clocking Loads column represents load cell count that are clock resources (global clock buffer, MMCM, PLL, etc)
**** GT Loads column represents load cell count of GT types


+----+----+----+-----------------------+
|    | X0 | X1 | HORIZONTAL PROG DELAY |
+----+----+----+-----------------------+
| Y6 |  0 |  0 |                     - |
| Y5 |  0 |  1 |                     0 |
| Y4 |  0 |  0 |                     - |
| Y3 |  0 |  0 |                     - |
| Y2 |  0 |  0 |                     - |
| Y1 |  0 |  0 |                     - |
| Y0 |  0 |  0 |                     - |
+----+----+----+-----------------------+


25. Clock Region Cell Placement per Global Clock: Region X0Y2
-------------------------------------------------------------

+-----------+-------+-----------------+------------+-------------+-----------------+----+-------------+------+-----+----+------+-----+---------+---------------------+
| Global Id | Track | Driver Type/Pin | Constraint | Clock Loads | Non-Clock Loads | FF | Memory LUTs | RAMB | DSP | GT | MMCM | PLL | Hard IP | Net                 |
+-----------+-------+-----------------+------------+-------------+-----------------+----+-------------+------+-----+----+------+-----+---------+---------------------+
| g0        | n/a   | BUFG/O          | None       |           3 |               0 |  0 |           0 |    3 |   0 |  0 |    0 |   0 |       0 | u_pll/inst/clk_out5 |
+-----------+-------+-----------------+------------+-------------+-----------------+----+-------------+------+-----+----+------+-----+---------+---------------------+
* Clock Loads column represents cell count of net connects that connect to a clock pin. Internal cell leaf pins are not considered
** Non-Clock Loads column represents cell count of non-clock pin loads
*** Columns FF, LUTRAM, RAMB through 'Hard IP' represents load cell counts


26. Clock Region Cell Placement per Global Clock: Region X1Y2
-------------------------------------------------------------

+-----------+-------+-----------------+------------+-------------+-----------------+----+-------------+------+-----+----+------+-----+---------+---------------------+
| Global Id | Track | Driver Type/Pin | Constraint | Clock Loads | Non-Clock Loads | FF | Memory LUTs | RAMB | DSP | GT | MMCM | PLL | Hard IP | Net                 |
+-----------+-------+-----------------+------------+-------------+-----------------+----+-------------+------+-----+----+------+-----+---------+---------------------+
| g0        | n/a   | BUFG/O          | None       |          19 |              12 |  0 |           0 |   19 |   0 |  0 |    0 |   0 |       0 | u_pll/inst/clk_out5 |
+-----------+-------+-----------------+------------+-------------+-----------------+----+-------------+------+-----+----+------+-----+---------+---------------------+
* Clock Loads column represents cell count of net connects that connect to a clock pin. Internal cell leaf pins are not considered
** Non-Clock Loads column represents cell count of non-clock pin loads
*** Columns FF, LUTRAM, RAMB through 'Hard IP' represents load cell counts


27. Clock Region Cell Placement per Global Clock: Region X0Y3
-------------------------------------------------------------

+-----------+-------+-----------------+------------+-------------+-----------------+----+-------------+------+-----+----+------+-----+---------+---------------------+
| Global Id | Track | Driver Type/Pin | Constraint | Clock Loads | Non-Clock Loads | FF | Memory LUTs | RAMB | DSP | GT | MMCM | PLL | Hard IP | Net                 |
+-----------+-------+-----------------+------------+-------------+-----------------+----+-------------+------+-----+----+------+-----+---------+---------------------+
| g0        | n/a   | BUFG/O          | None       |          24 |               0 |  0 |           0 |   24 |   0 |  0 |    0 |   0 |       0 | u_pll/inst/clk_out5 |
+-----------+-------+-----------------+------------+-------------+-----------------+----+-------------+------+-----+----+------+-----+---------+---------------------+
* Clock Loads column represents cell count of net connects that connect to a clock pin. Internal cell leaf pins are not considered
** Non-Clock Loads column represents cell count of non-clock pin loads
*** Columns FF, LUTRAM, RAMB through 'Hard IP' represents load cell counts


28. Clock Region Cell Placement per Global Clock: Region X1Y3
-------------------------------------------------------------

+-----------+-------+-----------------+------------+-------------+-----------------+------+-------------+------+-----+----+------+-----+---------+-------------------------------------------+
| Global Id | Track | Driver Type/Pin | Constraint | Clock Loads | Non-Clock Loads | FF   | Memory LUTs | RAMB | DSP | GT | MMCM | PLL | Hard IP | Net                                       |
+-----------+-------+-----------------+------------+-------------+-----------------+------+-------------+------+-----+----+------+-----+---------+-------------------------------------------+
| g0        | n/a   | BUFG/O          | None       |        1375 |              23 | 1339 |           0 |   35 |   0 |  0 |    0 |   0 |       0 | u_pll/inst/clk_out5                       |
| g1        | n/a   | BUFG/O          | None       |         206 |               0 |  206 |           0 |    0 |   0 |  0 |    0 |   0 |       0 | core_i/clk                                |
| g3        | n/a   | BUFG/O          | None       |           5 |               0 |    5 |           0 |    0 |   0 |  0 |    0 |   0 |       0 | core_i/id_stage_i/register_file_i/clk_int |
| g7        | n/a   | BUFG/O          | None       |           1 |               0 |    0 |           0 |    0 |   0 |  0 |    0 |   0 |       0 | core_i/id_stage_i/register_file_i/p_53_in |
| g8        | n/a   | BUFG/O          | None       |           1 |               0 |    0 |           0 |    0 |   0 |  0 |    0 |   0 |       0 | core_i/id_stage_i/register_file_i/p_54_in |
| g9        | n/a   | BUFG/O          | None       |          32 |               0 |    0 |           0 |    0 |   0 |  0 |    0 |   0 |       0 | core_i/id_stage_i/register_file_i/p_55_in |
| g10       | n/a   | BUFG/O          | None       |          32 |               0 |    0 |           0 |    0 |   0 |  0 |    0 |   0 |       0 | core_i/id_stage_i/register_file_i/p_56_in |
| g11       | n/a   | BUFG/O          | None       |          32 |               0 |    0 |           0 |    0 |   0 |  0 |    0 |   0 |       0 | core_i/id_stage_i/register_file_i/p_57_in |
| g12       | n/a   | BUFG/O          | None       |          32 |               0 |    0 |           0 |    0 |   0 |  0 |    0 |   0 |       0 | core_i/id_stage_i/register_file_i/p_58_in |
| g13       | n/a   | BUFG/O          | None       |          32 |               0 |    0 |           0 |    0 |   0 |  0 |    0 |   0 |       0 | core_i/id_stage_i/register_file_i/p_59_in |
| g14       | n/a   | BUFG/O          | None       |           2 |               0 |    0 |           0 |    0 |   0 |  0 |    0 |   0 |       0 | core_i/id_stage_i/register_file_i/p_60_in |
+-----------+-------+-----------------+------------+-------------+-----------------+------+-------------+------+-----+----+------+-----+---------+-------------------------------------------+
* Clock Loads column represents cell count of net connects that connect to a clock pin. Internal cell leaf pins are not considered
** Non-Clock Loads column represents cell count of non-clock pin loads
*** Columns FF, LUTRAM, RAMB through 'Hard IP' represents load cell counts


29. Clock Region Cell Placement per Global Clock: Region X0Y4
-------------------------------------------------------------

+-----------+-------+-----------------+------------+-------------+-----------------+----+-------------+------+-----+----+------+-----+---------+---------------------+
| Global Id | Track | Driver Type/Pin | Constraint | Clock Loads | Non-Clock Loads | FF | Memory LUTs | RAMB | DSP | GT | MMCM | PLL | Hard IP | Net                 |
+-----------+-------+-----------------+------------+-------------+-----------------+----+-------------+------+-----+----+------+-----+---------+---------------------+
| g0        | n/a   | BUFG/O          | None       |          11 |               0 |  0 |           0 |   11 |   0 |  0 |    0 |   0 |       0 | u_pll/inst/clk_out5 |
+-----------+-------+-----------------+------------+-------------+-----------------+----+-------------+------+-----+----+------+-----+---------+---------------------+
* Clock Loads column represents cell count of net connects that connect to a clock pin. Internal cell leaf pins are not considered
** Non-Clock Loads column represents cell count of non-clock pin loads
*** Columns FF, LUTRAM, RAMB through 'Hard IP' represents load cell counts


30. Clock Region Cell Placement per Global Clock: Region X1Y4
-------------------------------------------------------------

+-----------+-------+-----------------+------------+-------------+-----------------+-----+-------------+------+-----+----+------+-----+---------+-------------------------------------------+
| Global Id | Track | Driver Type/Pin | Constraint | Clock Loads | Non-Clock Loads | FF  | Memory LUTs | RAMB | DSP | GT | MMCM | PLL | Hard IP | Net                                       |
+-----------+-------+-----------------+------------+-------------+-----------------+-----+-------------+------+-----+----+------+-----+---------+-------------------------------------------+
| g0        | n/a   | BUFG/O          | None       |         864 |               0 | 828 |           0 |   36 |   0 |  0 |    0 |   0 |       0 | u_pll/inst/clk_out5                       |
| g1        | n/a   | BUFG/O          | None       |         888 |               0 | 888 |           0 |    0 |   0 |  0 |    0 |   0 |       0 | core_i/clk                                |
| g2        | n/a   | BUFG/O          | None       |         480 |               0 | 392 |          34 |    0 |   0 |  0 |    0 |   0 |       0 | u_pll/inst/clk_out1                       |
| g3        | n/a   | BUFG/O          | None       |          90 |               0 |  90 |           0 |    0 |   0 |  0 |    0 |   0 |       0 | core_i/id_stage_i/register_file_i/clk_int |
| g4        | n/a   | BUFG/O          | None       |          34 |               0 |   0 |           0 |    0 |   0 |  0 |    0 |   0 |       0 | u_pll/inst/clk_out2                       |
| g5        | n/a   | BUFG/O          | None       |          32 |               0 |   0 |           0 |    0 |   0 |  0 |    0 |   0 |       0 | core_i/id_stage_i/register_file_i/p_51_in |
| g6        | n/a   | BUFG/O          | None       |          32 |               0 |   0 |           0 |    0 |   0 |  0 |    0 |   0 |       0 | core_i/id_stage_i/register_file_i/p_52_in |
| g7        | n/a   | BUFG/O          | None       |          31 |               0 |   0 |           0 |    0 |   0 |  0 |    0 |   0 |       0 | core_i/id_stage_i/register_file_i/p_53_in |
| g8        | n/a   | BUFG/O          | None       |          31 |               0 |   0 |           0 |    0 |   0 |  0 |    0 |   0 |       0 | core_i/id_stage_i/register_file_i/p_54_in |
| g14       | n/a   | BUFG/O          | None       |          30 |               0 |   0 |           0 |    0 |   0 |  0 |    0 |   0 |       0 | core_i/id_stage_i/register_file_i/p_60_in |
| g15       | n/a   | BUFG/O          | None       |           2 |               0 |   0 |           0 |    0 |   0 |  0 |    0 |   0 |       0 | u_pll/inst/clk_out4                       |
| g16       | n/a   | BUFG/O          | None       |           1 |               0 |   0 |           0 |    0 |   0 |  0 |    0 |   0 |       0 | u_pll/inst/clk_out3                       |
+-----------+-------+-----------------+------------+-------------+-----------------+-----+-------------+------+-----+----+------+-----+---------+-------------------------------------------+
* Clock Loads column represents cell count of net connects that connect to a clock pin. Internal cell leaf pins are not considered
** Non-Clock Loads column represents cell count of non-clock pin loads
*** Columns FF, LUTRAM, RAMB through 'Hard IP' represents load cell counts


31. Clock Region Cell Placement per Global Clock: Region X1Y5
-------------------------------------------------------------

+-----------+-------+-----------------+------------+-------------+-----------------+----+-------------+------+-----+----+------+-----+---------+-----------------------------------+
| Global Id | Track | Driver Type/Pin | Constraint | Clock Loads | Non-Clock Loads | FF | Memory LUTs | RAMB | DSP | GT | MMCM | PLL | Hard IP | Net                               |
+-----------+-------+-----------------+------------+-------------+-----------------+----+-------------+------+-----+----+------+-----+---------+-----------------------------------+
| g2        | n/a   | BUFG/O          | None       |          25 |               1 | 25 |           0 |    0 |   0 |  0 |    0 |   0 |       0 | u_pll/inst/clk_out1               |
| g17       | n/a   | BUFG/O          | None       |           1 |               0 |  0 |           0 |    0 |   0 |  0 |    1 |   0 |       0 | u_pll/inst/clkfbout_buf_clk_wiz_1 |
+-----------+-------+-----------------+------------+-------------+-----------------+----+-------------+------+-----+----+------+-----+---------+-----------------------------------+
* Clock Loads column represents cell count of net connects that connect to a clock pin. Internal cell leaf pins are not considered
** Non-Clock Loads column represents cell count of non-clock pin loads
*** Columns FF, LUTRAM, RAMB through 'Hard IP' represents load cell counts


32. Clock Region Cell Placement per Global Clock: Region X1Y6
-------------------------------------------------------------

+-----------+-------+-----------------+------------+-------------+-----------------+----+-------------+------+-----+----+------+-----+---------+---------------------+
| Global Id | Track | Driver Type/Pin | Constraint | Clock Loads | Non-Clock Loads | FF | Memory LUTs | RAMB | DSP | GT | MMCM | PLL | Hard IP | Net                 |
+-----------+-------+-----------------+------------+-------------+-----------------+----+-------------+------+-----+----+------+-----+---------+---------------------+
| g2        | n/a   | BUFG/O          | None       |           1 |               0 |  1 |           0 |    0 |   0 |  0 |    0 |   0 |       0 | u_pll/inst/clk_out1 |
+-----------+-------+-----------------+------------+-------------+-----------------+----+-------------+------+-----+----+------+-----+---------+---------------------+
* Clock Loads column represents cell count of net connects that connect to a clock pin. Internal cell leaf pins are not considered
** Non-Clock Loads column represents cell count of non-clock pin loads
*** Columns FF, LUTRAM, RAMB through 'Hard IP' represents load cell counts



# Location of BUFG Primitives 
set_property LOC BUFGCTRL_X0Y21 [get_cells u_pll/inst/clkf_buf]
set_property LOC BUFGCTRL_X0Y20 [get_cells u_pll/inst/clkout5_buf]
set_property LOC BUFGCTRL_X0Y18 [get_cells u_pll/inst/clkout4_buf]
set_property LOC BUFGCTRL_X0Y19 [get_cells u_pll/inst/clkout3_buf]
set_property LOC BUFGCTRL_X0Y17 [get_cells u_pll/inst/clkout2_buf]
set_property LOC BUFGCTRL_X0Y16 [get_cells u_pll/inst/clkout1_buf]
set_property LOC BUFGCTRL_X0Y4 [get_cells mem_reg[2][31]_i_2]
set_property LOC BUFGCTRL_X0Y5 [get_cells mem_reg[3][31]_i_2]
set_property LOC BUFGCTRL_X0Y6 [get_cells mem_reg[4][31]_i_2]
set_property LOC BUFGCTRL_X0Y7 [get_cells mem_reg[5][31]_i_2]
set_property LOC BUFGCTRL_X0Y8 [get_cells mem_reg[6][31]_i_2]
set_property LOC BUFGCTRL_X0Y9 [get_cells mem_reg[7][31]_i_2]
set_property LOC BUFGCTRL_X0Y10 [get_cells mem_reg[8][31]_i_2]
set_property LOC BUFGCTRL_X0Y11 [get_cells mem_reg[9][31]_i_2]
set_property LOC BUFGCTRL_X0Y2 [get_cells mem_reg[10][31]_i_2]
set_property LOC BUFGCTRL_X0Y3 [get_cells mem_reg[11][31]_i_2]
set_property LOC BUFGCTRL_X0Y1 [get_cells waddr_onehot_b_q_reg[31]_i_2]
set_property LOC BUFGCTRL_X0Y0 [get_cells cnt_q_reg[1]_i_2]

# Location of IO Primitives which is load of clock spine

# Location of clock ports
set_property LOC IOB_X1Y273 [get_ports clk_n]
set_property LOC IOB_X1Y274 [get_ports clk_p]

# Clock net "u_pll/inst/clk_out5" driven by instance "u_pll/inst/clkout5_buf" located at site "BUFGCTRL_X0Y20"
#startgroup
create_pblock {CLKAG_u_pll/inst/clk_out5}
add_cells_to_pblock [get_pblocks  {CLKAG_u_pll/inst/clk_out5}] [get_cells -filter { PRIMITIVE_GROUP != I/O && IS_PRIMITIVE==1 && PRIMITIVE_LEVEL !=INTERNAL } -of_object [get_pins -filter {DIRECTION==IN} -of_objects [get_nets -hierarchical -filter {PARENT=="u_pll/inst/clk_out5"}]]]
resize_pblock [get_pblocks {CLKAG_u_pll/inst/clk_out5}] -add {CLOCKREGION_X0Y2:CLOCKREGION_X0Y2 CLOCKREGION_X0Y3:CLOCKREGION_X0Y3 CLOCKREGION_X0Y4:CLOCKREGION_X0Y4 CLOCKREGION_X1Y2:CLOCKREGION_X1Y2 CLOCKREGION_X1Y3:CLOCKREGION_X1Y3 CLOCKREGION_X1Y4:CLOCKREGION_X1Y4}
#endgroup

# Clock net "u_pll/inst/clk_out4" driven by instance "u_pll/inst/clkout4_buf" located at site "BUFGCTRL_X0Y18"
#startgroup
create_pblock {CLKAG_u_pll/inst/clk_out4}
add_cells_to_pblock [get_pblocks  {CLKAG_u_pll/inst/clk_out4}] [get_cells -filter { PRIMITIVE_GROUP != I/O && IS_PRIMITIVE==1 && PRIMITIVE_LEVEL !=INTERNAL } -of_object [get_pins -filter {DIRECTION==IN} -of_objects [get_nets -hierarchical -filter {PARENT=="u_pll/inst/clk_out4"}]]]
resize_pblock [get_pblocks {CLKAG_u_pll/inst/clk_out4}] -add {CLOCKREGION_X1Y4:CLOCKREGION_X1Y4}
#endgroup

# Clock net "u_pll/inst/clk_out3" driven by instance "u_pll/inst/clkout3_buf" located at site "BUFGCTRL_X0Y19"
#startgroup
create_pblock {CLKAG_u_pll/inst/clk_out3}
add_cells_to_pblock [get_pblocks  {CLKAG_u_pll/inst/clk_out3}] [get_cells -filter { PRIMITIVE_GROUP != I/O && IS_PRIMITIVE==1 && PRIMITIVE_LEVEL !=INTERNAL } -of_object [get_pins -filter {DIRECTION==IN} -of_objects [get_nets -hierarchical -filter {PARENT=="u_pll/inst/clk_out3"}]]]
resize_pblock [get_pblocks {CLKAG_u_pll/inst/clk_out3}] -add {CLOCKREGION_X1Y4:CLOCKREGION_X1Y4}
#endgroup

# Clock net "u_pll/inst/clk_out2" driven by instance "u_pll/inst/clkout2_buf" located at site "BUFGCTRL_X0Y17"
#startgroup
create_pblock {CLKAG_u_pll/inst/clk_out2}
add_cells_to_pblock [get_pblocks  {CLKAG_u_pll/inst/clk_out2}] [get_cells -filter { PRIMITIVE_GROUP != I/O && IS_PRIMITIVE==1 && PRIMITIVE_LEVEL !=INTERNAL } -of_object [get_pins -filter {DIRECTION==IN} -of_objects [get_nets -hierarchical -filter {PARENT=="u_pll/inst/clk_out2"}]]]
resize_pblock [get_pblocks {CLKAG_u_pll/inst/clk_out2}] -add {CLOCKREGION_X1Y4:CLOCKREGION_X1Y4}
#endgroup

# Clock net "u_pll/inst/clk_out1" driven by instance "u_pll/inst/clkout1_buf" located at site "BUFGCTRL_X0Y16"
#startgroup
create_pblock {CLKAG_u_pll/inst/clk_out1}
add_cells_to_pblock [get_pblocks  {CLKAG_u_pll/inst/clk_out1}] [get_cells -filter { PRIMITIVE_GROUP != I/O && IS_PRIMITIVE==1 && PRIMITIVE_LEVEL !=INTERNAL } -of_object [get_pins -filter {DIRECTION==IN} -of_objects [get_nets -hierarchical -filter {PARENT=="u_pll/inst/clk_out1"}]]]
resize_pblock [get_pblocks {CLKAG_u_pll/inst/clk_out1}] -add {CLOCKREGION_X1Y4:CLOCKREGION_X1Y4 CLOCKREGION_X1Y5:CLOCKREGION_X1Y5 CLOCKREGION_X1Y6:CLOCKREGION_X1Y6}
#endgroup

# Clock net "core_i/id_stage_i/register_file_i/p_60_in" driven by instance "mem_reg[2][31]_i_2" located at site "BUFGCTRL_X0Y4"
#startgroup
create_pblock {CLKAG_core_i/id_stage_i/register_file_i/p_60_in}
add_cells_to_pblock [get_pblocks  {CLKAG_core_i/id_stage_i/register_file_i/p_60_in}] [get_cells -filter { PRIMITIVE_GROUP != I/O && IS_PRIMITIVE==1 && PRIMITIVE_LEVEL !=INTERNAL } -of_object [get_pins -filter {DIRECTION==IN} -of_objects [get_nets -hierarchical -filter {PARENT=="core_i/id_stage_i/register_file_i/p_60_in"}]]]
resize_pblock [get_pblocks {CLKAG_core_i/id_stage_i/register_file_i/p_60_in}] -add {CLOCKREGION_X1Y3:CLOCKREGION_X1Y3 CLOCKREGION_X1Y4:CLOCKREGION_X1Y4}
#endgroup

# Clock net "core_i/id_stage_i/register_file_i/p_59_in" driven by instance "mem_reg[3][31]_i_2" located at site "BUFGCTRL_X0Y5"
#startgroup
create_pblock {CLKAG_core_i/id_stage_i/register_file_i/p_59_in}
add_cells_to_pblock [get_pblocks  {CLKAG_core_i/id_stage_i/register_file_i/p_59_in}] [get_cells -filter { PRIMITIVE_GROUP != I/O && IS_PRIMITIVE==1 && PRIMITIVE_LEVEL !=INTERNAL } -of_object [get_pins -filter {DIRECTION==IN} -of_objects [get_nets -hierarchical -filter {PARENT=="core_i/id_stage_i/register_file_i/p_59_in"}]]]
resize_pblock [get_pblocks {CLKAG_core_i/id_stage_i/register_file_i/p_59_in}] -add {CLOCKREGION_X1Y3:CLOCKREGION_X1Y3}
#endgroup

# Clock net "core_i/id_stage_i/register_file_i/p_58_in" driven by instance "mem_reg[4][31]_i_2" located at site "BUFGCTRL_X0Y6"
#startgroup
create_pblock {CLKAG_core_i/id_stage_i/register_file_i/p_58_in}
add_cells_to_pblock [get_pblocks  {CLKAG_core_i/id_stage_i/register_file_i/p_58_in}] [get_cells -filter { PRIMITIVE_GROUP != I/O && IS_PRIMITIVE==1 && PRIMITIVE_LEVEL !=INTERNAL } -of_object [get_pins -filter {DIRECTION==IN} -of_objects [get_nets -hierarchical -filter {PARENT=="core_i/id_stage_i/register_file_i/p_58_in"}]]]
resize_pblock [get_pblocks {CLKAG_core_i/id_stage_i/register_file_i/p_58_in}] -add {CLOCKREGION_X1Y3:CLOCKREGION_X1Y3}
#endgroup

# Clock net "core_i/id_stage_i/register_file_i/p_57_in" driven by instance "mem_reg[5][31]_i_2" located at site "BUFGCTRL_X0Y7"
#startgroup
create_pblock {CLKAG_core_i/id_stage_i/register_file_i/p_57_in}
add_cells_to_pblock [get_pblocks  {CLKAG_core_i/id_stage_i/register_file_i/p_57_in}] [get_cells -filter { PRIMITIVE_GROUP != I/O && IS_PRIMITIVE==1 && PRIMITIVE_LEVEL !=INTERNAL } -of_object [get_pins -filter {DIRECTION==IN} -of_objects [get_nets -hierarchical -filter {PARENT=="core_i/id_stage_i/register_file_i/p_57_in"}]]]
resize_pblock [get_pblocks {CLKAG_core_i/id_stage_i/register_file_i/p_57_in}] -add {CLOCKREGION_X1Y3:CLOCKREGION_X1Y3}
#endgroup

# Clock net "core_i/id_stage_i/register_file_i/p_56_in" driven by instance "mem_reg[6][31]_i_2" located at site "BUFGCTRL_X0Y8"
#startgroup
create_pblock {CLKAG_core_i/id_stage_i/register_file_i/p_56_in}
add_cells_to_pblock [get_pblocks  {CLKAG_core_i/id_stage_i/register_file_i/p_56_in}] [get_cells -filter { PRIMITIVE_GROUP != I/O && IS_PRIMITIVE==1 && PRIMITIVE_LEVEL !=INTERNAL } -of_object [get_pins -filter {DIRECTION==IN} -of_objects [get_nets -hierarchical -filter {PARENT=="core_i/id_stage_i/register_file_i/p_56_in"}]]]
resize_pblock [get_pblocks {CLKAG_core_i/id_stage_i/register_file_i/p_56_in}] -add {CLOCKREGION_X1Y3:CLOCKREGION_X1Y3}
#endgroup

# Clock net "core_i/id_stage_i/register_file_i/p_55_in" driven by instance "mem_reg[7][31]_i_2" located at site "BUFGCTRL_X0Y9"
#startgroup
create_pblock {CLKAG_core_i/id_stage_i/register_file_i/p_55_in}
add_cells_to_pblock [get_pblocks  {CLKAG_core_i/id_stage_i/register_file_i/p_55_in}] [get_cells -filter { PRIMITIVE_GROUP != I/O && IS_PRIMITIVE==1 && PRIMITIVE_LEVEL !=INTERNAL } -of_object [get_pins -filter {DIRECTION==IN} -of_objects [get_nets -hierarchical -filter {PARENT=="core_i/id_stage_i/register_file_i/p_55_in"}]]]
resize_pblock [get_pblocks {CLKAG_core_i/id_stage_i/register_file_i/p_55_in}] -add {CLOCKREGION_X1Y3:CLOCKREGION_X1Y3}
#endgroup

# Clock net "core_i/id_stage_i/register_file_i/p_54_in" driven by instance "mem_reg[8][31]_i_2" located at site "BUFGCTRL_X0Y10"
#startgroup
create_pblock {CLKAG_core_i/id_stage_i/register_file_i/p_54_in}
add_cells_to_pblock [get_pblocks  {CLKAG_core_i/id_stage_i/register_file_i/p_54_in}] [get_cells -filter { PRIMITIVE_GROUP != I/O && IS_PRIMITIVE==1 && PRIMITIVE_LEVEL !=INTERNAL } -of_object [get_pins -filter {DIRECTION==IN} -of_objects [get_nets -hierarchical -filter {PARENT=="core_i/id_stage_i/register_file_i/p_54_in"}]]]
resize_pblock [get_pblocks {CLKAG_core_i/id_stage_i/register_file_i/p_54_in}] -add {CLOCKREGION_X1Y3:CLOCKREGION_X1Y3 CLOCKREGION_X1Y4:CLOCKREGION_X1Y4}
#endgroup

# Clock net "core_i/id_stage_i/register_file_i/p_53_in" driven by instance "mem_reg[9][31]_i_2" located at site "BUFGCTRL_X0Y11"
#startgroup
create_pblock {CLKAG_core_i/id_stage_i/register_file_i/p_53_in}
add_cells_to_pblock [get_pblocks  {CLKAG_core_i/id_stage_i/register_file_i/p_53_in}] [get_cells -filter { PRIMITIVE_GROUP != I/O && IS_PRIMITIVE==1 && PRIMITIVE_LEVEL !=INTERNAL } -of_object [get_pins -filter {DIRECTION==IN} -of_objects [get_nets -hierarchical -filter {PARENT=="core_i/id_stage_i/register_file_i/p_53_in"}]]]
resize_pblock [get_pblocks {CLKAG_core_i/id_stage_i/register_file_i/p_53_in}] -add {CLOCKREGION_X1Y3:CLOCKREGION_X1Y3 CLOCKREGION_X1Y4:CLOCKREGION_X1Y4}
#endgroup

# Clock net "core_i/id_stage_i/register_file_i/p_52_in" driven by instance "mem_reg[10][31]_i_2" located at site "BUFGCTRL_X0Y2"
#startgroup
create_pblock {CLKAG_core_i/id_stage_i/register_file_i/p_52_in}
add_cells_to_pblock [get_pblocks  {CLKAG_core_i/id_stage_i/register_file_i/p_52_in}] [get_cells -filter { PRIMITIVE_GROUP != I/O && IS_PRIMITIVE==1 && PRIMITIVE_LEVEL !=INTERNAL } -of_object [get_pins -filter {DIRECTION==IN} -of_objects [get_nets -hierarchical -filter {PARENT=="core_i/id_stage_i/register_file_i/p_52_in"}]]]
resize_pblock [get_pblocks {CLKAG_core_i/id_stage_i/register_file_i/p_52_in}] -add {CLOCKREGION_X1Y4:CLOCKREGION_X1Y4}
#endgroup

# Clock net "core_i/id_stage_i/register_file_i/p_51_in" driven by instance "mem_reg[11][31]_i_2" located at site "BUFGCTRL_X0Y3"
#startgroup
create_pblock {CLKAG_core_i/id_stage_i/register_file_i/p_51_in}
add_cells_to_pblock [get_pblocks  {CLKAG_core_i/id_stage_i/register_file_i/p_51_in}] [get_cells -filter { PRIMITIVE_GROUP != I/O && IS_PRIMITIVE==1 && PRIMITIVE_LEVEL !=INTERNAL } -of_object [get_pins -filter {DIRECTION==IN} -of_objects [get_nets -hierarchical -filter {PARENT=="core_i/id_stage_i/register_file_i/p_51_in"}]]]
resize_pblock [get_pblocks {CLKAG_core_i/id_stage_i/register_file_i/p_51_in}] -add {CLOCKREGION_X1Y4:CLOCKREGION_X1Y4}
#endgroup

# Clock net "core_i/id_stage_i/register_file_i/clk_int" driven by instance "waddr_onehot_b_q_reg[31]_i_2" located at site "BUFGCTRL_X0Y1"
#startgroup
create_pblock {CLKAG_core_i/id_stage_i/register_file_i/clk_int}
add_cells_to_pblock [get_pblocks  {CLKAG_core_i/id_stage_i/register_file_i/clk_int}] [get_cells -filter { PRIMITIVE_GROUP != I/O && IS_PRIMITIVE==1 && PRIMITIVE_LEVEL !=INTERNAL } -of_object [get_pins -filter {DIRECTION==IN} -of_objects [get_nets -hierarchical -filter {PARENT=="core_i/id_stage_i/register_file_i/clk_int"}]]]
resize_pblock [get_pblocks {CLKAG_core_i/id_stage_i/register_file_i/clk_int}] -add {CLOCKREGION_X1Y3:CLOCKREGION_X1Y3 CLOCKREGION_X1Y4:CLOCKREGION_X1Y4}
#endgroup

# Clock net "core_i/clk" driven by instance "cnt_q_reg[1]_i_2" located at site "BUFGCTRL_X0Y0"
#startgroup
create_pblock {CLKAG_core_i/clk}
add_cells_to_pblock [get_pblocks  {CLKAG_core_i/clk}] [get_cells -filter { PRIMITIVE_GROUP != I/O && IS_PRIMITIVE==1 && PRIMITIVE_LEVEL !=INTERNAL } -of_object [get_pins -filter {DIRECTION==IN} -of_objects [get_nets -hierarchical -filter {PARENT=="core_i/clk"}]]]
resize_pblock [get_pblocks {CLKAG_core_i/clk}] -add {CLOCKREGION_X1Y3:CLOCKREGION_X1Y3 CLOCKREGION_X1Y4:CLOCKREGION_X1Y4}
#endgroup
