Copyright 1986-2022 Xilinx, Inc. All Rights Reserved.
------------------------------------------------------------------------------------
| Tool Version : Vivado v.2022.2 (win64) Build 3671981 Fri Oct 14 05:00:03 MDT 2022
| Date         : Sun Jan 12 04:13:57 2025
| Host         : DESKTOP-NCDM7BC running 64-bit major release  (build 9200)
| Command      : report_control_sets -verbose -file air_soc_control_sets_placed.rpt
| Design       : air_soc
| Device       : xc7a35t
------------------------------------------------------------------------------------

Control Set Information

Table of Contents
-----------------
1. Summary
2. Histogram
3. Flip-Flop Distribution
4. Detailed Control Set Information

1. Summary
----------

+----------------------------------------------------------+-------+
|                          Status                          | Count |
+----------------------------------------------------------+-------+
| Total control sets                                       |   284 |
|    Minimum number of control sets                        |   284 |
|    Addition due to synthesis replication                 |     0 |
|    Addition due to physical synthesis replication        |     0 |
| Unused register locations in slices containing registers |   164 |
+----------------------------------------------------------+-------+
* Control sets can be merged at opt_design using control_set_merge or merge_equivalent_drivers
** Run report_qor_suggestions for automated merging and remapping suggestions


2. Histogram
------------

+--------------------+-------+
|       Fanout       | Count |
+--------------------+-------+
| Total control sets |   284 |
| >= 0 to < 4        |     3 |
| >= 4 to < 6        |    10 |
| >= 6 to < 8        |     7 |
| >= 8 to < 10       |   164 |
| >= 10 to < 12      |     0 |
| >= 12 to < 14      |     2 |
| >= 14 to < 16      |     4 |
| >= 16              |    94 |
+--------------------+-------+
* Control sets can be remapped at either synth_design or opt_design


3. Flip-Flop Distribution
-------------------------

+--------------+-----------------------+------------------------+-----------------+--------------+
| Clock Enable | Synchronous Set/Reset | Asynchronous Set/Reset | Total Registers | Total Slices |
+--------------+-----------------------+------------------------+-----------------+--------------+
| No           | No                    | No                     |             108 |           47 |
| No           | No                    | Yes                    |             126 |           61 |
| No           | Yes                   | No                     |            1154 |          620 |
| Yes          | No                    | No                     |             196 |           79 |
| Yes          | No                    | Yes                    |            1986 |          790 |
| Yes          | Yes                   | No                     |            1282 |          526 |
+--------------+-----------------------+------------------------+-----------------+--------------+


4. Detailed Control Set Information
-----------------------------------

+----------------------------------------------------------------------------------------------+---------------------------------------------------------------------------------------------------+-----------------------------------------------------------+------------------+----------------+--------------+
|                                         Clock Signal                                         |                                           Enable Signal                                           |                      Set/Reset Signal                     | Slice Load Count | Bel Load Count | Bels / Slice |
+----------------------------------------------------------------------------------------------+---------------------------------------------------------------------------------------------------+-----------------------------------------------------------+------------------+----------------+--------------+
| ~dutclk/inst/clk_out1                                                                        |                                                                                                   |                                                           |                1 |              1 |         1.00 |
|  cv32e40p_core_ip/core_i/sleep_unit_i/core_clock_gate_i/clk_gate_i/bbstub_clk_out1           |                                                                                                   |                                                           |                1 |              1 |         1.00 |
|  dutclk/inst/clk_out1                                                                        |                                                                                                   | main_memory/prog_sys_rst_n_reg_0                          |                2 |              2 |         1.00 |
|  dutclk/inst/clk_out1                                                                        | uart_dut/uart_iface_dut/uart_tx_dut/uart_clk_pulse                                                | main_memory/prog_sys_rst_n_reg_1                          |                2 |              4 |         2.00 |
|  dutclk/inst/clk_out1                                                                        | obi_demux_dut/data_addr_reg[1]_1[0]                                                               |                                                           |                3 |              4 |         1.33 |
|  dutclk/inst/clk_out1                                                                        | main_memory/simpleuart/recv_state_0                                                               | qspi/qspi_iface_dut/rst_ni                                |                1 |              4 |         4.00 |
|  dutclk/inst/clk_out1                                                                        | qspi/qspi_iface_dut/bit_counter_reg[6]_0                                                          | qspi/qspi_iface_dut/data_out[3]_i_1_n_0                   |                1 |              4 |         4.00 |
|  core_i/clk                                                                                  | cv32e40p_core_ip/core_i/ex_stage_i/mult_i/FSM_sequential_mulh_CS_reg[2]_3[0]                      | main_memory/prog_sys_rst_n_reg_0                          |                2 |              4 |         2.00 |
|  dutclk/inst/clk_out1                                                                        | main_memory/simpleuart/recv_buf_valid_reg_0[0]                                                    | qspi/qspi_iface_dut/rst_ni                                |                2 |              4 |         2.00 |
|  core_i/clk                                                                                  | cv32e40p_core_ip/core_i/id_stage_i/controller_i/instr_rdata_id_o_reg[5][0]                        | main_memory/prog_sys_rst_n_reg_0                          |                2 |              5 |         2.50 |
|  core_i/clk                                                                                  | cv32e40p_core_ip/core_i/id_stage_i/regfile_we_ex_o_reg_2[0]                                       | main_memory/prog_sys_rst_n_reg_0                          |                1 |              5 |         5.00 |
|  core_i/clk                                                                                  | cv32e40p_core_ip/core_i/id_stage_i/controller_i/E[0]                                              | main_memory/prog_sys_rst_n_reg_0                          |                3 |              5 |         1.67 |
|  dutclk/inst/clk_out1                                                                        | main_memory/rvalid_o_reg_3                                                                        | main_memory/prog_sys_rst_n_reg_1                          |                2 |              5 |         2.50 |
|  dutclk/inst/clk_out1                                                                        | obi_demux_dut/data_addr_reg[1]_1[0]                                                               | obi_demux_dut/data_addr_reg[4]_6                          |                1 |              6 |         6.00 |
|  core_i/clk                                                                                  | cv32e40p_core_ip/core_i/load_store_unit_i/ctrl_update                                             | main_memory/prog_sys_rst_n_reg_0                          |                4 |              6 |         1.50 |
|  dutclk/inst/clk_out1                                                                        | main_memory/simpleuart/E[0]                                                                       | qspi/qspi_iface_dut/rst_ni                                |                3 |              6 |         2.00 |
|  core_i/clk                                                                                  | cv32e40p_core_ip/core_i/ex_stage_i/alu_i/alu_div_i/Cnt_DP[5]_i_1_n_0                              | main_memory/prog_sys_rst_n_reg_0                          |                4 |              6 |         1.50 |
|  core_i/clk                                                                                  | cv32e40p_core_ip/core_i/id_stage_i/controller_i/debug_mode_q_reg_3[0]                             | main_memory/prog_sys_rst_n_reg_0                          |                4 |              6 |         1.50 |
|  core_i/clk                                                                                  | cv32e40p_core_ip/core_i/id_stage_i/controller_i/FSM_sequential_mulh_CS_reg[1][0]                  | main_memory/prog_sys_rst_n_reg_0                          |                5 |              6 |         1.20 |
|  core_i/clk                                                                                  | cv32e40p_core_ip/core_i/ex_stage_i/mult_i/E[0]                                                    | main_memory/prog_sys_rst_n_reg_0                          |                4 |              7 |         1.75 |
|  dutclk/inst/clk_out1                                                                        | dcache/way1/lines[1][39]_i_1_n_0                                                                  | main_memory/prog_sys_rst_n_reg_1                          |                3 |              8 |         2.67 |
|  dutclk/inst/clk_out1                                                                        | dcache/way0/lines[1][47]_i_1__0_n_0                                                               | main_memory/prog_sys_rst_n_reg_1                          |                2 |              8 |         4.00 |
|  dutclk/inst/clk_out1                                                                        | dcache/way0/lines[1][63]_i_1__0_n_0                                                               | main_memory/prog_sys_rst_n_reg_1                          |                3 |              8 |         2.67 |
|  dutclk/inst/clk_out1                                                                        | dcache/way0/lines[1][39]_i_1__0_n_0                                                               | main_memory/prog_sys_rst_n_reg_1                          |                3 |              8 |         2.67 |
|  dutclk/inst/clk_out1                                                                        | dcache/way0/lines[1][7]_i_1__0_n_0                                                                | main_memory/prog_sys_rst_n_reg_1                          |                2 |              8 |         4.00 |
|  dutclk/inst/clk_out1                                                                        | dcache/way0/lines[2][15]_i_1__0_n_0                                                               | main_memory/prog_sys_rst_n_reg_1                          |                2 |              8 |         4.00 |
|  dutclk/inst/clk_out1                                                                        | dcache/way0/lines[0][31]_i_1__0_n_0                                                               | main_memory/prog_sys_rst_n_reg_1                          |                2 |              8 |         4.00 |
|  dutclk/inst/clk_out1                                                                        | dcache/way0/lines[2][39]_i_1__0_n_0                                                               | main_memory/prog_sys_rst_n_reg_1                          |                2 |              8 |         4.00 |
|  dutclk/inst/clk_out1                                                                        | dcache/way0/lines[2][31]_i_1__0_n_0                                                               | main_memory/prog_sys_rst_n_reg_1                          |                2 |              8 |         4.00 |
|  dutclk/inst/clk_out1                                                                        | dcache/way0/lines[2][63]_i_1__0_n_0                                                               | main_memory/prog_sys_rst_n_reg_1                          |                2 |              8 |         4.00 |
|  dutclk/inst/clk_out1                                                                        | dcache/way0/lines[2][7]_i_1__0_n_0                                                                | main_memory/prog_sys_rst_n_reg_1                          |                2 |              8 |         4.00 |
|  dutclk/inst/clk_out1                                                                        | dcache/way1/lines[3][15]_i_1_n_0                                                                  | main_memory/prog_sys_rst_n_reg_1                          |                1 |              8 |         8.00 |
|  dutclk/inst/clk_out1                                                                        | dcache/way1/lines[3][31]_i_1_n_0                                                                  | main_memory/prog_sys_rst_n_reg_1                          |                2 |              8 |         4.00 |
|  dutclk/inst/clk_out1                                                                        | dcache/way1/lines[2][55]_i_1_n_0                                                                  | main_memory/prog_sys_rst_n_reg_1                          |                3 |              8 |         2.67 |
|  dutclk/inst/clk_out1                                                                        | dcache/way1/lines[1][15]_i_1_n_0                                                                  | main_memory/prog_sys_rst_n_reg_1                          |                2 |              8 |         4.00 |
|  dutclk/inst/clk_out1                                                                        | dcache/way1/lines[3][47]_i_1_n_0                                                                  | main_memory/prog_sys_rst_n_reg_1                          |                1 |              8 |         8.00 |
|  dutclk/inst/clk_out1                                                                        | dcache/way1/lines[0][47]_i_1_n_0                                                                  | main_memory/prog_sys_rst_n_reg_1                          |                3 |              8 |         2.67 |
|  dutclk/inst/clk_out1                                                                        | dcache/way1/lines[2][7]_i_1_n_0                                                                   | main_memory/prog_sys_rst_n_reg_1                          |                2 |              8 |         4.00 |
|  dutclk/inst/clk_out1                                                                        | dcache/way1/lines[3][63]_i_1_n_0                                                                  | main_memory/prog_sys_rst_n_reg_1                          |                3 |              8 |         2.67 |
|  dutclk/inst/clk_out1                                                                        | dcache/way1/lines[3][39]_i_1_n_0                                                                  | main_memory/prog_sys_rst_n_reg_1                          |                2 |              8 |         4.00 |
|  dutclk/inst/clk_out1                                                                        | dcache/way1/lines[2][15]_i_1_n_0                                                                  | main_memory/prog_sys_rst_n_reg_1                          |                3 |              8 |         2.67 |
|  dutclk/inst/clk_out1                                                                        | dcache/way1/lines[2][47]_i_1_n_0                                                                  | main_memory/prog_sys_rst_n_reg_1                          |                2 |              8 |         4.00 |
|  dutclk/inst/clk_out1                                                                        | dcache/way1/lines[0][7]_i_1_n_0                                                                   | main_memory/prog_sys_rst_n_reg_1                          |                2 |              8 |         4.00 |
|  dutclk/inst/clk_out1                                                                        | dcache/way1/lines[2][31]_i_1_n_0                                                                  | main_memory/prog_sys_rst_n_reg_1                          |                2 |              8 |         4.00 |
|  dutclk/inst/clk_out1                                                                        | dcache/way1/lines[1][23]_i_1_n_0                                                                  | main_memory/prog_sys_rst_n_reg_1                          |                2 |              8 |         4.00 |
|  dutclk/inst/clk_out1                                                                        | dcache/way1/lines[0][39]_i_1_n_0                                                                  | main_memory/prog_sys_rst_n_reg_1                          |                2 |              8 |         4.00 |
|  dutclk/inst/clk_out1                                                                        | dcache/way1/lines[0][55]_i_1_n_0                                                                  | main_memory/prog_sys_rst_n_reg_1                          |                3 |              8 |         2.67 |
|  dutclk/inst/clk_out1                                                                        | dcache/way1/lines[2][39]_i_1_n_0                                                                  | main_memory/prog_sys_rst_n_reg_1                          |                2 |              8 |         4.00 |
|  dutclk/inst/clk_out1                                                                        | dcache/way1/lines[0][63]_i_1_n_0                                                                  | main_memory/prog_sys_rst_n_reg_1                          |                3 |              8 |         2.67 |
|  dutclk/inst/clk_out1                                                                        | dcache/way1/lines[1][31]_i_1_n_0                                                                  | main_memory/prog_sys_rst_n_reg_1                          |                1 |              8 |         8.00 |
|  dutclk/inst/clk_out1                                                                        | dcache/way1/lines[1][63]_i_1_n_0                                                                  | main_memory/prog_sys_rst_n_reg_1                          |                2 |              8 |         4.00 |
|  dutclk/inst/clk_out1                                                                        | dcache/way1/lines[3][23]_i_1_n_0                                                                  | main_memory/prog_sys_rst_n_reg_1                          |                3 |              8 |         2.67 |
|  dutclk/inst/clk_out1                                                                        | dcache/way1/lines[0][23]_i_1_n_0                                                                  | main_memory/prog_sys_rst_n_reg_1                          |                2 |              8 |         4.00 |
|  dutclk/inst/clk_out1                                                                        | dcache/way1/lines[1][7]_i_1_n_0                                                                   | main_memory/prog_sys_rst_n_reg_1                          |                2 |              8 |         4.00 |
|  dutclk/inst/clk_out1                                                                        | qspi/qspi_iface_dut/buffer[255]_i_1_n_0                                                           | qspi/qspi_iface_dut/rst_ni                                |                5 |              8 |         1.60 |
|  dutclk/inst/clk_out1                                                                        | dcache/way1/lines[3][7]_i_1_n_0                                                                   | main_memory/prog_sys_rst_n_reg_1                          |                2 |              8 |         4.00 |
|  dutclk/inst/clk_out1                                                                        | dcache/way1/lines[0][15]_i_1_n_0                                                                  | main_memory/prog_sys_rst_n_reg_1                          |                2 |              8 |         4.00 |
|  dutclk/inst/clk_out1                                                                        | dcache/way1/lines[2][23]_i_1_n_0                                                                  | main_memory/prog_sys_rst_n_reg_1                          |                3 |              8 |         2.67 |
|  dutclk/inst/clk_out1                                                                        | dcache/way1/lines[3][55]_i_1_n_0                                                                  | main_memory/prog_sys_rst_n_reg_1                          |                1 |              8 |         8.00 |
|  dutclk/inst/clk_out1                                                                        | dcache/way1/lines[1][55]_i_1_n_0                                                                  | main_memory/prog_sys_rst_n_reg_1                          |                2 |              8 |         4.00 |
|  dutclk/inst/clk_out1                                                                        | dcache/way1/lines[1][47]_i_1_n_0                                                                  | main_memory/prog_sys_rst_n_reg_1                          |                2 |              8 |         4.00 |
|  dutclk/inst/clk_out1                                                                        | dcache/way1/lines[0][31]_i_1_n_0                                                                  | main_memory/prog_sys_rst_n_reg_1                          |                2 |              8 |         4.00 |
|  dutclk/inst/clk_out1                                                                        | dcache/way1/lines[2][63]_i_1_n_0                                                                  | main_memory/prog_sys_rst_n_reg_1                          |                3 |              8 |         2.67 |
|  dutclk/inst/clk_out1                                                                        | main_memory/simpleuart/p_2_in                                                                     | qspi/qspi_iface_dut/rst_ni                                |                4 |              8 |         2.00 |
|  dutclk/inst/clk_out1                                                                        | main_memory/simpleuart/recv_pattern[7]_i_1_n_0                                                    | qspi/qspi_iface_dut/rst_ni                                |                3 |              8 |         2.67 |
|  dutclk/inst/clk_out1                                                                        | qspi/qspi_iface_dut/QSPI_DR7[31]_i_1_n_0                                                          | qspi/qspi_iface_dut/rst_ni                                |                2 |              8 |         4.00 |
|  dutclk/inst/clk_out1                                                                        | dcache/way0/lines[3][23]_i_1__0_n_0                                                               | main_memory/prog_sys_rst_n_reg_1                          |                1 |              8 |         8.00 |
|  dutclk/inst/clk_out1                                                                        | qspi/qspi_iface_dut/buffer[103]_i_1_n_0                                                           | qspi/qspi_iface_dut/rst_ni                                |                4 |              8 |         2.00 |
|  dutclk/inst/clk_out1                                                                        | qspi/qspi_iface_dut/buffer[111]_i_1_n_0                                                           | qspi/qspi_iface_dut/rst_ni                                |                6 |              8 |         1.33 |
|  dutclk/inst/clk_out1                                                                        | qspi/qspi_iface_dut/buffer[119]_i_1_n_0                                                           | qspi/qspi_iface_dut/rst_ni                                |                3 |              8 |         2.67 |
|  dutclk/inst/clk_out1                                                                        | qspi/qspi_iface_dut/buffer[135]_i_1_n_0                                                           | qspi/qspi_iface_dut/rst_ni                                |                5 |              8 |         1.60 |
|  dutclk/inst/clk_out1                                                                        | qspi/qspi_iface_dut/buffer[127]_i_1_n_0                                                           | qspi/qspi_iface_dut/rst_ni                                |                3 |              8 |         2.67 |
|  dutclk/inst/clk_out1                                                                        | qspi/qspi_iface_dut/buffer[143]_i_1_n_0                                                           | qspi/qspi_iface_dut/rst_ni                                |                4 |              8 |         2.00 |
|  dutclk/inst/clk_out1                                                                        | qspi/qspi_iface_dut/buffer[159]_i_1_n_0                                                           | qspi/qspi_iface_dut/rst_ni                                |                4 |              8 |         2.00 |
|  dutclk/inst/clk_out1                                                                        | qspi/qspi_iface_dut/buffer[167]_i_2_n_0                                                           | qspi/qspi_iface_dut/buffer[167]_i_1_n_0                   |                4 |              8 |         2.00 |
|  dutclk/inst/clk_out1                                                                        | qspi/qspi_iface_dut/buffer[15]_i_1_n_0                                                            | qspi/qspi_iface_dut/rst_ni                                |                3 |              8 |         2.67 |
|  dutclk/inst/clk_out1                                                                        | qspi/qspi_iface_dut/buffer[151]_i_1_n_0                                                           | qspi/qspi_iface_dut/rst_ni                                |                4 |              8 |         2.00 |
|  dutclk/inst/clk_out1                                                                        | qspi/qspi_iface_dut/buffer[191]_i_1_n_0                                                           | qspi/qspi_iface_dut/rst_ni                                |                5 |              8 |         1.60 |
|  dutclk/inst/clk_out1                                                                        | qspi/qspi_iface_dut/buffer[175]_i_2_n_0                                                           | qspi/qspi_iface_dut/buffer[175]_i_1_n_0                   |                5 |              8 |         1.60 |
|  dutclk/inst/clk_out1                                                                        | qspi/qspi_iface_dut/buffer[183]_i_2_n_0                                                           | qspi/qspi_iface_dut/buffer[183]_i_1_n_0                   |                3 |              8 |         2.67 |
|  dutclk/inst/clk_out1                                                                        | qspi/qspi_iface_dut/buffer[199]_i_1_n_0                                                           | qspi/qspi_iface_dut/rst_ni                                |                5 |              8 |         1.60 |
|  dutclk/inst/clk_out1                                                                        | qspi/qspi_iface_dut/buffer[207]_i_1_n_0                                                           | qspi/qspi_iface_dut/rst_ni                                |                4 |              8 |         2.00 |
|  dutclk/inst/clk_out1                                                                        | qspi/qspi_iface_dut/buffer[215]_i_1_n_0                                                           | qspi/qspi_iface_dut/rst_ni                                |                4 |              8 |         2.00 |
|  dutclk/inst/clk_out1                                                                        | qspi/qspi_iface_dut/buffer[239]_i_2_n_0                                                           | qspi/qspi_iface_dut/buffer[239]_i_1_n_0                   |                6 |              8 |         1.33 |
|  dutclk/inst/clk_out1                                                                        | qspi/qspi_iface_dut/buffer[223]_i_1_n_0                                                           | qspi/qspi_iface_dut/rst_ni                                |                6 |              8 |         1.33 |
|  dutclk/inst/clk_out1                                                                        | qspi/qspi_iface_dut/buffer[23]_i_2_n_0                                                            | qspi/qspi_iface_dut/buffer[23]_i_1_n_0                    |                4 |              8 |         2.00 |
|  dutclk/inst/clk_out1                                                                        | qspi/qspi_iface_dut/buffer[231]_i_1_n_0                                                           | qspi/qspi_iface_dut/rst_ni                                |                4 |              8 |         2.00 |
|  dutclk/inst/clk_out1                                                                        | qspi/qspi_iface_dut/buffer[247]_i_1_n_0                                                           |                                                           |                4 |              8 |         2.00 |
|  dutclk/inst/clk_out1                                                                        | dcache/way0/lines[3][31]_i_1__0_n_0                                                               | main_memory/prog_sys_rst_n_reg_1                          |                2 |              8 |         4.00 |
|  dutclk/inst/clk_out1                                                                        | qspi/qspi_iface_dut/buffer[39]_i_2_n_0                                                            | qspi/qspi_iface_dut/buffer[39]_i_1_n_0                    |                4 |              8 |         2.00 |
|  dutclk/inst/clk_out1                                                                        | qspi/qspi_iface_dut/buffer[47]_i_1_n_0                                                            | qspi/qspi_iface_dut/rst_ni                                |                4 |              8 |         2.00 |
|  dutclk/inst/clk_out1                                                                        | qspi/qspi_iface_dut/buffer[31]_i_2_n_0                                                            | qspi/qspi_iface_dut/buffer[31]_i_1_n_0                    |                3 |              8 |         2.67 |
|  dutclk/inst/clk_out1                                                                        | qspi/qspi_iface_dut/buffer[7]_i_2_n_0                                                             | qspi/qspi_iface_dut/buffer[7]_i_1_n_0                     |                4 |              8 |         2.00 |
|  dutclk/inst/clk_out1                                                                        | qspi/qspi_iface_dut/buffer[55]_i_1_n_0                                                            | qspi/qspi_iface_dut/rst_ni                                |                3 |              8 |         2.67 |
|  dutclk/inst/clk_out1                                                                        | qspi/qspi_iface_dut/buffer[71]_i_1_n_0                                                            | qspi/qspi_iface_dut/rst_ni                                |                3 |              8 |         2.67 |
|  dutclk/inst/clk_out1                                                                        | qspi/qspi_iface_dut/buffer[63]_i_2_n_0                                                            | qspi/qspi_iface_dut/buffer[63]_i_1_n_0                    |                4 |              8 |         2.00 |
|  dutclk/inst/clk_out1                                                                        | qspi/qspi_iface_dut/buffer[79]_i_1_n_0                                                            | qspi/qspi_iface_dut/rst_ni                                |                5 |              8 |         1.60 |
|  dutclk/inst/clk_out1                                                                        | qspi/qspi_iface_dut/buffer[95]_i_1_n_0                                                            | qspi/qspi_iface_dut/rst_ni                                |                4 |              8 |         2.00 |
|  dutclk/inst/clk_out1                                                                        | qspi/qspi_iface_dut/buffer[87]_i_2_n_0                                                            | qspi/qspi_iface_dut/buffer[87]_i_1_n_0                    |                3 |              8 |         2.67 |
|  dutclk/inst/clk_out1                                                                        | qspi/qspi_iface_dut/QSPI_DR3[7]_i_1_n_0                                                           | qspi/qspi_iface_dut/rst_ni                                |                7 |              8 |         1.14 |
|  dutclk/inst/clk_out1                                                                        | qspi/qspi_iface_dut/QSPI_DR1[15]_i_1_n_0                                                          | qspi/qspi_iface_dut/rst_ni                                |                7 |              8 |         1.14 |
|  dutclk/inst/clk_out1                                                                        | qspi/qspi_iface_dut/QSPI_DR1[23]_i_1_n_0                                                          | qspi/qspi_iface_dut/rst_ni                                |                5 |              8 |         1.60 |
|  dutclk/inst/clk_out1                                                                        | qspi/qspi_iface_dut/QSPI_DR1[31]_i_1_n_0                                                          | qspi/qspi_iface_dut/rst_ni                                |                6 |              8 |         1.33 |
|  dutclk/inst/clk_out1                                                                        | qspi/qspi_iface_dut/QSPI_DR1[7]_i_1_n_0                                                           | qspi/qspi_iface_dut/rst_ni                                |                5 |              8 |         1.60 |
|  dutclk/inst/clk_out1                                                                        | qspi/qspi_iface_dut/QSPI_DR2[15]_i_1_n_0                                                          | qspi/qspi_iface_dut/rst_ni                                |                8 |              8 |         1.00 |
|  dutclk/inst/clk_out1                                                                        | qspi/qspi_iface_dut/QSPI_DR2[23]_i_1_n_0                                                          | qspi/qspi_iface_dut/rst_ni                                |                8 |              8 |         1.00 |
|  dutclk/inst/clk_out1                                                                        | qspi/qspi_iface_dut/QSPI_DR2[31]_i_1_n_0                                                          | qspi/qspi_iface_dut/rst_ni                                |                5 |              8 |         1.60 |
|  dutclk/inst/clk_out1                                                                        | qspi/qspi_iface_dut/QSPI_DR2[7]_i_1_n_0                                                           | qspi/qspi_iface_dut/rst_ni                                |                6 |              8 |         1.33 |
|  dutclk/inst/clk_out1                                                                        | qspi/qspi_iface_dut/QSPI_DR3[15]_i_1_n_0                                                          | qspi/qspi_iface_dut/rst_ni                                |                8 |              8 |         1.00 |
|  dutclk/inst/clk_out1                                                                        | qspi/qspi_iface_dut/QSPI_DR3[23]_i_1_n_0                                                          | qspi/qspi_iface_dut/rst_ni                                |                7 |              8 |         1.14 |
|  dutclk/inst/clk_out1                                                                        | qspi/qspi_iface_dut/QSPI_DR3[31]_i_1_n_0                                                          | qspi/qspi_iface_dut/rst_ni                                |                7 |              8 |         1.14 |
|  dutclk/inst/clk_out1                                                                        | obi_demux_dut/data_addr_reg[2]_3[0]                                                               | qspi/qspi_iface_dut/rst_ni                                |                2 |              8 |         4.00 |
|  dutclk/inst/clk_out1                                                                        | obi_demux_dut/data_addr_reg[2]_3[1]                                                               | qspi/qspi_iface_dut/rst_ni                                |                2 |              8 |         4.00 |
|  dutclk/inst/clk_out1                                                                        | obi_demux_dut/data_addr_reg[2]_3[2]                                                               | qspi/qspi_iface_dut/rst_ni                                |                3 |              8 |         2.67 |
|  dutclk/inst/clk_out1                                                                        | obi_demux_dut/data_be_reg[3]_2[2]                                                                 | main_memory/prog_sys_rst_n_reg_1                          |                5 |              8 |         1.60 |
|  dutclk/inst/clk_out1                                                                        | obi_demux_dut/data_be_reg[3]_2[1]                                                                 | main_memory/prog_sys_rst_n_reg_1                          |                1 |              8 |         8.00 |
|  dutclk/inst/clk_out1                                                                        | obi_demux_dut/data_be_reg[3]_2[3]                                                                 | main_memory/prog_sys_rst_n_reg_1                          |                2 |              8 |         4.00 |
|  dutclk/inst/clk_out1                                                                        | obi_demux_dut/data_be_reg[3]_1[2]                                                                 | main_memory/prog_sys_rst_n_reg_1                          |                1 |              8 |         8.00 |
|  dutclk/inst/clk_out1                                                                        | obi_demux_dut/data_be_reg[3]_4[2]                                                                 | main_memory/prog_sys_rst_n_reg_1                          |                4 |              8 |         2.00 |
|  dutclk/inst/clk_out1                                                                        | obi_demux_dut/data_be_reg[3]_5[2]                                                                 | main_memory/prog_sys_rst_n_reg_1                          |                3 |              8 |         2.67 |
|  dutclk/inst/clk_out1                                                                        | obi_demux_dut/data_be_reg[3]_6[1]                                                                 | main_memory/prog_sys_rst_n_reg_1                          |                2 |              8 |         4.00 |
|  dutclk/inst/clk_out1                                                                        | obi_demux_dut/data_be_reg[3]_7[2]                                                                 | main_memory/prog_sys_rst_n_reg_1                          |                2 |              8 |         4.00 |
|  dutclk/inst/clk_out1                                                                        | obi_demux_dut/data_be_reg[3]_7[3]                                                                 | main_memory/prog_sys_rst_n_reg_1                          |                2 |              8 |         4.00 |
|  dutclk/inst/clk_out1                                                                        | obi_demux_dut/data_be_reg[3]_1[3]                                                                 | main_memory/prog_sys_rst_n_reg_1                          |                2 |              8 |         4.00 |
|  dutclk/inst/clk_out1                                                                        | obi_demux_dut/data_be_reg[3]_6[0]                                                                 | main_memory/prog_sys_rst_n_reg_1                          |                2 |              8 |         4.00 |
|  dutclk/inst/clk_out1                                                                        | obi_demux_dut/data_be_reg[3]_8[1]                                                                 | qspi/qspi_iface_dut/rst_ni                                |                7 |              8 |         1.14 |
|  dutclk/inst/clk_out1                                                                        | obi_demux_dut/data_be_reg[3]_3[3]                                                                 | main_memory/prog_sys_rst_n_reg_1                          |                2 |              8 |         4.00 |
|  dutclk/inst/clk_out1                                                                        | obi_demux_dut/data_be_reg[3]_9[1]                                                                 | qspi/qspi_iface_dut/rst_ni                                |                3 |              8 |         2.67 |
|  dutclk/inst/clk_out1                                                                        | obi_demux_dut/data_be_reg[3]_4[1]                                                                 | main_memory/prog_sys_rst_n_reg_1                          |                2 |              8 |         4.00 |
|  dutclk/inst/clk_out1                                                                        | obi_demux_dut/data_be_reg[3]_10[1]                                                                | qspi/qspi_iface_dut/rst_ni                                |                4 |              8 |         2.00 |
|  dutclk/inst/clk_out1                                                                        | obi_demux_dut/data_be_reg[3]_4[3]                                                                 | main_memory/prog_sys_rst_n_reg_1                          |                2 |              8 |         4.00 |
|  dutclk/inst/clk_out1                                                                        | obi_demux_dut/data_be_reg[3]_3[2]                                                                 | main_memory/prog_sys_rst_n_reg_1                          |                3 |              8 |         2.67 |
|  dutclk/inst/clk_out1                                                                        | obi_demux_dut/data_be_reg[3]_6[2]                                                                 | main_memory/prog_sys_rst_n_reg_1                          |                3 |              8 |         2.67 |
|  dutclk/inst/clk_out1                                                                        | obi_demux_dut/data_be_reg[3]_6[3]                                                                 | main_memory/prog_sys_rst_n_reg_1                          |                2 |              8 |         4.00 |
|  dutclk/inst/clk_out1                                                                        | obi_demux_dut/data_be_reg[3]_5[3]                                                                 | main_memory/prog_sys_rst_n_reg_1                          |                3 |              8 |         2.67 |
|  dutclk/inst/clk_out1                                                                        | obi_demux_dut/data_be_reg[3]_7[1]                                                                 | main_memory/prog_sys_rst_n_reg_1                          |                3 |              8 |         2.67 |
|  dutclk/inst/clk_out1                                                                        | obi_demux_dut/data_be_reg[3]_8[0]                                                                 | qspi/qspi_iface_dut/rst_ni                                |                5 |              8 |         1.60 |
|  dutclk/inst/clk_out1                                                                        | obi_demux_dut/data_addr_reg[4]_2[3]                                                               | qspi/qspi_iface_dut/rst_ni                                |                7 |              8 |         1.14 |
|  dutclk/inst/clk_out1                                                                        | obi_demux_dut/data_be_reg[3]_1[1]                                                                 | main_memory/prog_sys_rst_n_reg_1                          |                1 |              8 |         8.00 |
|  dutclk/inst/clk_out1                                                                        | obi_demux_dut/data_addr_reg[4]_2[1]                                                               | qspi/qspi_iface_dut/rst_ni                                |                2 |              8 |         4.00 |
|  dutclk/inst/clk_out1                                                                        | obi_demux_dut/data_be_reg[3]_5[0]                                                                 | main_memory/prog_sys_rst_n_reg_1                          |                3 |              8 |         2.67 |
|  dutclk/inst/clk_out1                                                                        | obi_demux_dut/data_be_reg[3]_4[0]                                                                 | main_memory/prog_sys_rst_n_reg_1                          |                2 |              8 |         4.00 |
|  dutclk/inst/clk_out1                                                                        | obi_demux_dut/data_be_reg[3]_1[0]                                                                 | main_memory/prog_sys_rst_n_reg_1                          |                1 |              8 |         8.00 |
|  dutclk/inst/clk_out1                                                                        | obi_demux_dut/data_be_reg[3]_10[2]                                                                | qspi/qspi_iface_dut/rst_ni                                |                4 |              8 |         2.00 |
|  dutclk/inst/clk_out1                                                                        | obi_demux_dut/data_be_reg[3]_10[3]                                                                | qspi/qspi_iface_dut/rst_ni                                |                4 |              8 |         2.00 |
|  dutclk/inst/clk_out1                                                                        | obi_demux_dut/data_be_reg[3]_8[2]                                                                 | qspi/qspi_iface_dut/rst_ni                                |                5 |              8 |         1.60 |
|  dutclk/inst/clk_out1                                                                        | obi_demux_dut/data_be_reg[3]_9[0]                                                                 | qspi/qspi_iface_dut/rst_ni                                |                7 |              8 |         1.14 |
|  dutclk/inst/clk_out1                                                                        | obi_demux_dut/data_be_reg[3]_8[3]                                                                 | qspi/qspi_iface_dut/rst_ni                                |                7 |              8 |         1.14 |
|  dutclk/inst/clk_out1                                                                        | obi_demux_dut/data_be_reg[3]_9[3]                                                                 | qspi/qspi_iface_dut/rst_ni                                |                5 |              8 |         1.60 |
|  dutclk/inst/clk_out1                                                                        | obi_demux_dut/data_be_reg[3]_2[0]                                                                 | main_memory/prog_sys_rst_n_reg_1                          |                2 |              8 |         4.00 |
|  dutclk/inst/clk_out1                                                                        | obi_demux_dut/data_be_reg[3]_3[1]                                                                 | main_memory/prog_sys_rst_n_reg_1                          |                2 |              8 |         4.00 |
|  dutclk/inst/clk_out1                                                                        | obi_demux_dut/data_be_reg[3]_3[0]                                                                 | main_memory/prog_sys_rst_n_reg_1                          |                4 |              8 |         2.00 |
|  dutclk/inst/clk_out1                                                                        | obi_demux_dut/data_addr_reg[4]_2[0]                                                               | qspi/qspi_iface_dut/rst_ni                                |                3 |              8 |         2.67 |
|  dutclk/inst/clk_out1                                                                        | obi_demux_dut/data_be_reg[3]_9[2]                                                                 | qspi/qspi_iface_dut/rst_ni                                |                8 |              8 |         1.00 |
|  dutclk/inst/clk_out1                                                                        | obi_demux_dut/data_be_reg[3]_5[1]                                                                 | main_memory/prog_sys_rst_n_reg_1                          |                2 |              8 |         4.00 |
|  dutclk/inst/clk_out1                                                                        | obi_demux_dut/data_be_reg[3]_7[0]                                                                 | main_memory/prog_sys_rst_n_reg_1                          |                2 |              8 |         4.00 |
|  dutclk/inst/clk_out1                                                                        | obi_demux_dut/data_be_reg[3]_10[0]                                                                | qspi/qspi_iface_dut/rst_ni                                |                6 |              8 |         1.33 |
|  dutclk/inst/clk_out1                                                                        | obi_demux_dut/QSPI_CCR_reg[20][2]                                                                 | qspi/qspi_iface_dut/rst_ni                                |                6 |              8 |         1.33 |
|  dutclk/inst/clk_out1                                                                        | obi_demux_dut/QSPI_CCR_reg[19][2]                                                                 | qspi/qspi_iface_dut/rst_ni                                |                2 |              8 |         4.00 |
|  dutclk/inst/clk_out1                                                                        | obi_demux_dut/QSPI_CCR_reg[20][1]                                                                 | qspi/qspi_iface_dut/rst_ni                                |                7 |              8 |         1.14 |
|  dutclk/inst/clk_out1                                                                        | obi_demux_dut/QSPI_CCR_reg[20][0]                                                                 | qspi/qspi_iface_dut/rst_ni                                |                8 |              8 |         1.00 |
|  dutclk/inst/clk_out1                                                                        | obi_demux_dut/QSPI_CCR_reg[19][0]                                                                 | qspi/qspi_iface_dut/rst_ni                                |                5 |              8 |         1.60 |
|  dutclk/inst/clk_out1                                                                        | obi_demux_dut/QSPI_CCR_reg[19][1]                                                                 | qspi/qspi_iface_dut/rst_ni                                |                5 |              8 |         1.60 |
|  dutclk/inst/clk_out1                                                                        | obi_demux_dut/QSPI_CCR_reg[20][3]                                                                 | qspi/qspi_iface_dut/rst_ni                                |                6 |              8 |         1.33 |
|  dutclk/inst/clk_out1                                                                        | dcache/way0/lines[0][7]_i_1__0_n_0                                                                | main_memory/prog_sys_rst_n_reg_1                          |                4 |              8 |         2.00 |
|  dutclk/inst/clk_out1                                                                        | dcache/way0/lines[3][39]_i_1__0_n_0                                                               | main_memory/prog_sys_rst_n_reg_1                          |                1 |              8 |         8.00 |
|  dutclk/inst/clk_out1                                                                        | dcache/way0/lines[3][47]_i_1__0_n_0                                                               | main_memory/prog_sys_rst_n_reg_1                          |                2 |              8 |         4.00 |
|  dutclk/inst/clk_out1                                                                        | dcache/way0/lines[0][15]_i_1__0_n_0                                                               | main_memory/prog_sys_rst_n_reg_1                          |                1 |              8 |         8.00 |
|  dutclk/inst/clk_out1                                                                        | dcache/way0/lines[3][63]_i_1__0_n_0                                                               | main_memory/prog_sys_rst_n_reg_1                          |                2 |              8 |         4.00 |
|  dutclk/inst/clk_out1                                                                        | dcache/way0/lines[0][23]_i_1__0_n_0                                                               | main_memory/prog_sys_rst_n_reg_1                          |                3 |              8 |         2.67 |
|  dutclk/inst/clk_out1                                                                        | dcache/way0/lines[1][23]_i_1__0_n_0                                                               | main_memory/prog_sys_rst_n_reg_1                          |                2 |              8 |         4.00 |
|  dutclk/inst/clk_out1                                                                        | dcache/way0/lines[0][55]_i_1__0_n_0                                                               | main_memory/prog_sys_rst_n_reg_1                          |                2 |              8 |         4.00 |
|  dutclk/inst/clk_out1                                                                        | dcache/way0/lines[0][63]_i_1__0_n_0                                                               | main_memory/prog_sys_rst_n_reg_1                          |                2 |              8 |         4.00 |
|  dutclk/inst/clk_out1                                                                        | dcache/way0/lines[1][31]_i_1__0_n_0                                                               | main_memory/prog_sys_rst_n_reg_1                          |                2 |              8 |         4.00 |
|  dutclk/inst/clk_out1                                                                        | dcache/way0/lines[2][23]_i_1__0_n_0                                                               | main_memory/prog_sys_rst_n_reg_1                          |                2 |              8 |         4.00 |
|  dutclk/inst/clk_out1                                                                        | dcache/way0/lines[1][55]_i_1__0_n_0                                                               | main_memory/prog_sys_rst_n_reg_1                          |                2 |              8 |         4.00 |
|  dutclk/inst/clk_out1                                                                        | dcache/way0/lines[2][47]_i_1__0_n_0                                                               | main_memory/prog_sys_rst_n_reg_1                          |                3 |              8 |         2.67 |
|  dutclk/inst/clk_out1                                                                        | dcache/way0/lines[2][55]_i_1__0_n_0                                                               | main_memory/prog_sys_rst_n_reg_1                          |                4 |              8 |         2.00 |
|  dutclk/inst/clk_out1                                                                        | dcache/way0/lines[3][15]_i_1__0_n_0                                                               | main_memory/prog_sys_rst_n_reg_1                          |                2 |              8 |         4.00 |
|  dutclk/inst/clk_out1                                                                        | dcache/way0/lines[3][7]_i_1__0_n_0                                                                | main_memory/prog_sys_rst_n_reg_1                          |                2 |              8 |         4.00 |
|  dutclk/inst/clk_out1                                                                        | dcache/way0/lines[3][55]_i_1__0_n_0                                                               | main_memory/prog_sys_rst_n_reg_1                          |                2 |              8 |         4.00 |
|  dutclk/inst/clk_out1                                                                        | dcache/way0/lines[0][47]_i_1__0_n_0                                                               | main_memory/prog_sys_rst_n_reg_1                          |                2 |              8 |         4.00 |
|  dutclk/inst/clk_out1                                                                        | dcache/way0/lines[0][39]_i_1__0_n_0                                                               | main_memory/prog_sys_rst_n_reg_1                          |                2 |              8 |         4.00 |
|  dutclk/inst/clk_out1                                                                        | dcache/way0/lines[1][15]_i_1__0_n_0                                                               | main_memory/prog_sys_rst_n_reg_1                          |                2 |              8 |         4.00 |
|  dutclk/inst/clk_out1                                                                        | uart_dut/uart_iface_dut/uart_tx_dut/p_0_in                                                        |                                                           |                2 |             12 |         6.00 |
|  dutclk/inst/clk_out1                                                                        | qspi/qspi_iface_dut/data_out_enable_next                                                          | qspi/qspi_iface_dut/rst_ni                                |                4 |             12 |         3.00 |
|  dutclk/inst/clk_out1                                                                        | main_memory/prog_addr0                                                                            | main_memory/prog_addr[0]_i_1_n_0                          |                4 |             14 |         3.50 |
|  core_i/clk                                                                                  | cv32e40p_core_ip/core_i/if_stage_i/prefetch_buffer_i/prefetch_controller_i/trans_addr_q0          | main_memory/prog_sys_rst_n_reg_0                          |                8 |             14 |         1.75 |
|  core_i/clk                                                                                  | cv32e40p_core_ip/core_i/if_stage_i/prefetch_buffer_i/prefetch_controller_i/E[0]                   | main_memory/prog_sys_rst_n_reg_0                          |                4 |             14 |         3.50 |
|  dutclk/inst/clk_out1                                                                        | obi_demux_dut/data_addr_reg[4]_2[2]                                                               | qspi/qspi_iface_dut/rst_ni                                |                4 |             15 |         3.75 |
|  core_i/clk                                                                                  | cv32e40p_core_ip/core_i/id_stage_i/alu_operand_b_ex_o_reg[7]_0[0]                                 | main_memory/prog_sys_rst_n_reg_0                          |                5 |             16 |         3.20 |
|  dutclk/inst/clk_out1                                                                        |                                                                                                   | uart_dut/uart_iface_dut/uart_tx_dut/counter[0]_i_1__0_n_0 |                4 |             16 |         4.00 |
|  core_i/clk                                                                                  | cv32e40p_core_ip/core_i/id_stage_i/controller_i/ctrl_fsm_cs_reg[3]_3[0]                           | main_memory/prog_sys_rst_n_reg_0                          |                7 |             18 |         2.57 |
|  core_i/clk                                                                                  | cv32e40p_core_ip/core_i/id_stage_i/alu_operand_b_ex_o_reg[2]_2[0]                                 | main_memory/prog_sys_rst_n_reg_0                          |                6 |             19 |         3.17 |
|  dutclk/inst/clk_out1                                                                        | obi_demux_dut/data_addr_reg[1]_1[0]                                                               | obi_demux_dut/data_addr_reg[4]_5                          |                6 |             22 |         3.67 |
|  core_i/clk                                                                                  | cv32e40p_core_ip/core_i/id_stage_i/controller_i/debug_mode_q_reg_2[0]                             | main_memory/prog_sys_rst_n_reg_0                          |               11 |             24 |         2.18 |
|  dutclk/inst/clk_out1                                                                        | dcache/way0/tags[1][26]_i_1__0_n_0                                                                | main_memory/prog_sys_rst_n_reg_1                          |                8 |             27 |         3.38 |
|  dutclk/inst/clk_out1                                                                        | dcache/way1/tags[0][26]_i_1_n_0                                                                   | main_memory/prog_sys_rst_n_reg_1                          |               11 |             27 |         2.45 |
|  dutclk/inst/clk_out1                                                                        | dcache/way1/tags[2][26]_i_1_n_0                                                                   | main_memory/prog_sys_rst_n_reg_1                          |               10 |             27 |         2.70 |
|  dutclk/inst/clk_out1                                                                        | dcache/way1/tags[1][26]_i_1_n_0                                                                   | main_memory/prog_sys_rst_n_reg_1                          |               10 |             27 |         2.70 |
|  dutclk/inst/clk_out1                                                                        | dcache/way1/tags[3][26]_i_1_n_0                                                                   | main_memory/prog_sys_rst_n_reg_1                          |                8 |             27 |         3.38 |
|  dutclk/inst/clk_out1                                                                        | dcache/way0/tags[0][26]_i_1__0_n_0                                                                | main_memory/prog_sys_rst_n_reg_1                          |                7 |             27 |         3.86 |
|  dutclk/inst/clk_out1                                                                        | dcache/way0/tags[2][26]_i_1__0_n_0                                                                | main_memory/prog_sys_rst_n_reg_1                          |                7 |             27 |         3.86 |
|  dutclk/inst/clk_out1                                                                        | dcache/way0/tags                                                                                  | main_memory/prog_sys_rst_n_reg_1                          |               11 |             27 |         2.45 |
|  core_i/clk                                                                                  | cv32e40p_core_ip/core_i/id_stage_i/controller_i/csr_access_ex_o_reg[0]                            | main_memory/prog_sys_rst_n_reg_0                          |               19 |             31 |         1.63 |
|  core_i/clk                                                                                  | cv32e40p_core_ip/core_i/if_stage_i/aligner_i/pc_q                                                 | main_memory/prog_sys_rst_n_reg_0                          |               20 |             31 |         1.55 |
|  core_i/clk                                                                                  | cv32e40p_core_ip/core_i/id_stage_i/controller_i/csr_op_ex_o_reg[0]_1[0]                           | main_memory/prog_sys_rst_n_reg_0                          |               15 |             31 |         2.07 |
|  cv32e40p_core_ip/core_i/sleep_unit_i/core_clock_gate_i/clk_gate_i/clk_en_reg_1              |                                                                                                   |                                                           |               11 |             31 |         2.82 |
|  core_i/id_stage_i/register_file_i/clk_int                                                   |                                                                                                   | main_memory/prog_sys_rst_n_reg_0                          |               11 |             31 |         2.82 |
|  dutclk/inst/clk_out1                                                                        | timer_dut/timer_iface_dut/E[0]                                                                    | main_memory/prog_sys_rst_n_reg_1                          |                8 |             32 |         4.00 |
|  dutclk/inst/clk_out1                                                                        | timer_dut/timer_iface_dut/TIM_ENA[0]                                                              | timer_dut/timer_iface_dut/tt/counter[63]_i_1_n_0          |                5 |             32 |         6.40 |
|  dutclk/inst/clk_out1                                                                        | uart_dut/uart_iface_dut/E[0]                                                                      | main_memory/prog_sys_rst_n_reg_1                          |                7 |             32 |         4.57 |
|  dutclk/inst/clk_out1                                                                        | obi_demux_dut/data_addr_reg[5]_0[0]                                                               | qspi/qspi_iface_dut/rst_ni                                |               10 |             32 |         3.20 |
|  cv32e40p_core_ip/core_i/id_stage_i/register_file_i/CG_WE_GLOBAL/clk_gate_i/clk_en_reg_1[0]  |                                                                                                   | main_memory/prog_sys_rst_n_reg_0                          |               18 |             32 |         1.78 |
|  cv32e40p_core_ip/core_i/id_stage_i/register_file_i/CG_WE_GLOBAL/clk_gate_i/clk_en_reg_10[0] |                                                                                                   | main_memory/prog_sys_rst_n_reg_0                          |               20 |             32 |         1.60 |
|  cv32e40p_core_ip/core_i/id_stage_i/register_file_i/CG_WE_GLOBAL/clk_gate_i/clk_en_reg_11[0] |                                                                                                   | main_memory/prog_sys_rst_n_reg_0                          |               19 |             32 |         1.68 |
|  cv32e40p_core_ip/core_i/id_stage_i/register_file_i/CG_WE_GLOBAL/clk_gate_i/clk_en_reg_15[0] |                                                                                                   | main_memory/prog_sys_rst_n_reg_0                          |               16 |             32 |         2.00 |
|  cv32e40p_core_ip/core_i/id_stage_i/register_file_i/CG_WE_GLOBAL/clk_gate_i/clk_en_reg_14[0] |                                                                                                   | main_memory/prog_sys_rst_n_reg_0                          |               16 |             32 |         2.00 |
|  cv32e40p_core_ip/core_i/id_stage_i/register_file_i/CG_WE_GLOBAL/clk_gate_i/clk_en_reg_17[0] |                                                                                                   | main_memory/prog_sys_rst_n_reg_0                          |               18 |             32 |         1.78 |
|  cv32e40p_core_ip/core_i/id_stage_i/register_file_i/CG_WE_GLOBAL/clk_gate_i/clk_en_reg_18[0] |                                                                                                   | main_memory/prog_sys_rst_n_reg_0                          |               20 |             32 |         1.60 |
|  cv32e40p_core_ip/core_i/id_stage_i/register_file_i/CG_WE_GLOBAL/clk_gate_i/clk_en_reg_16[0] |                                                                                                   | main_memory/prog_sys_rst_n_reg_0                          |               19 |             32 |         1.68 |
|  cv32e40p_core_ip/core_i/id_stage_i/register_file_i/CG_WE_GLOBAL/clk_gate_i/clk_en_reg_2[0]  |                                                                                                   | main_memory/prog_sys_rst_n_reg_0                          |               16 |             32 |         2.00 |
|  cv32e40p_core_ip/core_i/id_stage_i/register_file_i/CG_WE_GLOBAL/clk_gate_i/clk_en_reg_12[0] |                                                                                                   | main_memory/prog_sys_rst_n_reg_0                          |               17 |             32 |         1.88 |
|  cv32e40p_core_ip/core_i/id_stage_i/register_file_i/CG_WE_GLOBAL/clk_gate_i/clk_en_reg_29[0] |                                                                                                   | main_memory/prog_sys_rst_n_reg_0                          |               17 |             32 |         1.88 |
|  cv32e40p_core_ip/core_i/id_stage_i/register_file_i/CG_WE_GLOBAL/clk_gate_i/clk_en_reg_3[0]  |                                                                                                   | main_memory/prog_sys_rst_n_reg_0                          |               20 |             32 |         1.60 |
|  cv32e40p_core_ip/core_i/id_stage_i/register_file_i/CG_WE_GLOBAL/clk_gate_i/clk_en_reg_8[0]  |                                                                                                   | main_memory/prog_sys_rst_n_reg_0                          |               21 |             32 |         1.52 |
|  cv32e40p_core_ip/core_i/id_stage_i/register_file_i/CG_WE_GLOBAL/clk_gate_i/clk_en_reg_7[0]  |                                                                                                   | main_memory/prog_sys_rst_n_reg_0                          |               19 |             32 |         1.68 |
|  cv32e40p_core_ip/core_i/id_stage_i/register_file_i/CG_WE_GLOBAL/clk_gate_i/clk_en_reg_4[0]  |                                                                                                   | main_memory/prog_sys_rst_n_reg_0                          |               13 |             32 |         2.46 |
|  cv32e40p_core_ip/core_i/id_stage_i/register_file_i/CG_WE_GLOBAL/clk_gate_i/clk_en_reg_9[0]  |                                                                                                   | main_memory/prog_sys_rst_n_reg_0                          |               17 |             32 |         1.88 |
|  cv32e40p_core_ip/core_i/id_stage_i/register_file_i/CG_WE_GLOBAL/clk_gate_i/clk_en_reg_6[0]  |                                                                                                   | main_memory/prog_sys_rst_n_reg_0                          |               17 |             32 |         1.88 |
|  cv32e40p_core_ip/core_i/id_stage_i/register_file_i/CG_WE_GLOBAL/clk_gate_i/clk_en_reg_5[0]  |                                                                                                   | main_memory/prog_sys_rst_n_reg_0                          |               15 |             32 |         2.13 |
|  core_i/id_stage_i/register_file_i/p_60_in                                                   |                                                                                                   | main_memory/prog_sys_rst_n_reg_0                          |               17 |             32 |         1.88 |
|  core_i/id_stage_i/register_file_i/p_54_in                                                   |                                                                                                   | main_memory/prog_sys_rst_n_reg_0                          |               27 |             32 |         1.19 |
|  core_i/id_stage_i/register_file_i/p_57_in                                                   |                                                                                                   | main_memory/prog_sys_rst_n_reg_0                          |               24 |             32 |         1.33 |
|  cv32e40p_core_ip/core_i/id_stage_i/register_file_i/CG_WE_GLOBAL/clk_gate_i/clk_en_reg_0[0]  |                                                                                                   | main_memory/prog_sys_rst_n_reg_0                          |               19 |             32 |         1.68 |
|  core_i/id_stage_i/register_file_i/p_59_in                                                   |                                                                                                   | main_memory/prog_sys_rst_n_reg_0                          |               21 |             32 |         1.52 |
|  core_i/id_stage_i/register_file_i/p_55_in                                                   |                                                                                                   | main_memory/prog_sys_rst_n_reg_0                          |               22 |             32 |         1.45 |
|  core_i/id_stage_i/register_file_i/p_51_in                                                   |                                                                                                   | main_memory/prog_sys_rst_n_reg_0                          |               13 |             32 |         2.46 |
|  core_i/id_stage_i/register_file_i/p_58_in                                                   |                                                                                                   | main_memory/prog_sys_rst_n_reg_0                          |               20 |             32 |         1.60 |
|  core_i/clk                                                                                  | cv32e40p_core_ip/core_i/id_stage_i/controller_i/branch_in_ex_o_reg_0[0]                           | main_memory/prog_sys_rst_n_reg_0                          |               16 |             32 |         2.00 |
|  core_i/clk                                                                                  | cv32e40p_core_ip/core_i/id_stage_i/controller_i/FSM_sequential_mulh_CS_reg[2]_0[0]                | main_memory/prog_sys_rst_n_reg_0                          |               19 |             32 |         1.68 |
|  core_i/clk                                                                                  | cv32e40p_core_ip/core_i/id_stage_i/controller_i/csr_op_ex_o_reg[0]_2[0]                           | main_memory/prog_sys_rst_n_reg_0                          |               13 |             32 |         2.46 |
|  core_i/id_stage_i/register_file_i/p_52_in                                                   |                                                                                                   | main_memory/prog_sys_rst_n_reg_0                          |               21 |             32 |         1.52 |
|  dutclk/inst/clk_out1                                                                        | main_memory/simpleuart/recv_buf_valid_reg_2[0]                                                    | qspi/qspi_iface_dut/rst_ni                                |                7 |             32 |         4.57 |
|  cv32e40p_core_ip/core_i/id_stage_i/register_file_i/CG_WE_GLOBAL/clk_gate_i/clk_en_reg_13[0] |                                                                                                   | main_memory/prog_sys_rst_n_reg_0                          |               17 |             32 |         1.88 |
|  dutclk/inst/clk_out1                                                                        | main_memory/simpleuart/FSM_onehot_state_prog_reg[4][0]                                            | qspi/qspi_iface_dut/rst_ni                                |                9 |             32 |         3.56 |
|  core_i/clk                                                                                  | cv32e40p_core_ip/core_i/id_stage_i/controller_i/prepost_useincr_ex_o_reg[0]                       | main_memory/prog_sys_rst_n_reg_0                          |               17 |             32 |         1.88 |
|  dutclk/inst/clk_out1                                                                        | main_memory/simpleuart/FSM_onehot_state_prog_reg[3][0]                                            | qspi/qspi_iface_dut/rst_ni                                |                8 |             32 |         4.00 |
|  dutclk/inst/clk_out1                                                                        | main_memory/simpleuart/FSM_onehot_state_prog_reg[3]_0[0]                                          | qspi/qspi_iface_dut/rst_ni                                |                4 |             32 |         8.00 |
|  core_i/clk                                                                                  | cv32e40p_core_ip/core_i/ex_stage_i/mult_i/FSM_sequential_mulh_CS_reg[2]_2[0]                      | main_memory/prog_sys_rst_n_reg_0                          |               20 |             32 |         1.60 |
|  core_i/clk                                                                                  | cv32e40p_core_ip/core_i/ex_stage_i/alu_i/alu_div_i/ARegEn_S                                       | main_memory/prog_sys_rst_n_reg_0                          |                8 |             32 |         4.00 |
|  core_i/clk                                                                                  | cv32e40p_core_ip/core_i/id_stage_i/gen_mcountinhibit[0].gen_implemented.mcountinhibit_q_reg[0][0] | main_memory/prog_sys_rst_n_reg_0                          |               14 |             32 |         2.29 |
|  core_i/clk                                                                                  | cv32e40p_core_ip/core_i/if_stage_i/prefetch_buffer_i/fifo_i/mem_q                                 | main_memory/prog_sys_rst_n_reg_0                          |               10 |             32 |         3.20 |
|  core_i/clk                                                                                  | cv32e40p_core_ip/core_i/if_stage_i/prefetch_buffer_i/fifo_i/mem_q[0][31]_i_1_n_0                  | main_memory/prog_sys_rst_n_reg_0                          |               10 |             32 |         3.20 |
|  core_i/clk                                                                                  | cv32e40p_core_ip/core_i/id_stage_i/alu_operand_b_ex_o_reg[6]_1[0]                                 | main_memory/prog_sys_rst_n_reg_0                          |               18 |             32 |         1.78 |
|  core_i/clk                                                                                  | cv32e40p_core_ip/core_i/id_stage_i/alu_operand_b_ex_o_reg[1]_1[0]                                 | main_memory/prog_sys_rst_n_reg_0                          |               13 |             32 |         2.46 |
|  core_i/clk                                                                                  | cv32e40p_core_ip/core_i/id_stage_i/alu_operand_b_ex_o_reg[0]_1[0]                                 | main_memory/prog_sys_rst_n_reg_0                          |               16 |             32 |         2.00 |
|  core_i/clk                                                                                  | cv32e40p_core_ip/core_i/id_stage_i/alu_operand_b_ex_o_reg[1]_2[0]                                 | main_memory/prog_sys_rst_n_reg_0                          |               12 |             32 |         2.67 |
|  core_i/clk                                                                                  | cv32e40p_core_ip/core_i/id_stage_i/alu_operand_b_ex_o_reg[1]_1[1]                                 | main_memory/prog_sys_rst_n_reg_0                          |               13 |             32 |         2.46 |
|  core_i/clk                                                                                  | cv32e40p_core_ip/core_i/id_stage_i/gen_mcountinhibit[0].gen_implemented.mcountinhibit_q_reg[0][1] | main_memory/prog_sys_rst_n_reg_0                          |               13 |             32 |         2.46 |
|  core_i/id_stage_i/register_file_i/p_53_in                                                   |                                                                                                   | main_memory/prog_sys_rst_n_reg_0                          |               21 |             32 |         1.52 |
|  core_i/clk                                                                                  | cv32e40p_core_ip/core_i/id_stage_i/mhpmevent_minstret_o_reg_0[0]                                  | main_memory/prog_sys_rst_n_reg_0                          |               13 |             32 |         2.46 |
|  core_i/clk                                                                                  | cv32e40p_core_ip/core_i/id_stage_i/mhpmevent_minstret_o_reg_0[1]                                  | main_memory/prog_sys_rst_n_reg_0                          |               16 |             32 |         2.00 |
|  dutclk/inst/clk_out1                                                                        | qspi/qspi_iface_dut/E[0]                                                                          | qspi/qspi_iface_dut/rst_ni                                |               10 |             32 |         3.20 |
|  dutclk/inst/clk_out1                                                                        |                                                                                                   | obi_demux_dut/SR[0]                                       |               15 |             32 |         2.13 |
|  dutclk/inst/clk_out1                                                                        | timer_dut/timer_iface_dut/tt/TIM_EVN_NEXT_R                                                       | timer_dut/timer_iface_dut/tt/TIM_EVN_R[31]_i_1_n_0        |                8 |             32 |         4.00 |
|  core_i/clk                                                                                  | obi_demux_dut/data_we_q_reg[0]                                                                    | main_memory/prog_sys_rst_n_reg_0                          |               24 |             32 |         1.33 |
|  dutclk/inst/clk_out1                                                                        | qspi/qspi_iface_dut/bit_counter[0]_i_1_n_0                                                        | qspi/qspi_iface_dut/rst_ni                                |                8 |             32 |         4.00 |
|  core_i/id_stage_i/register_file_i/p_56_in                                                   |                                                                                                   | main_memory/prog_sys_rst_n_reg_0                          |               20 |             32 |         1.60 |
|  cv32e40p_core_ip/core_i/id_stage_i/register_file_i/CG_WE_GLOBAL/clk_gate_i/E[0]             |                                                                                                   | main_memory/prog_sys_rst_n_reg_0                          |               15 |             32 |         2.13 |
|  core_i/id_stage_i/register_file_i/clk_int                                                   | cv32e40p_core_ip/core_i/ex_stage_i/regfile_we_wb                                                  | main_memory/prog_sys_rst_n_reg_0                          |               10 |             32 |         3.20 |
|  core_i/id_stage_i/register_file_i/clk_int                                                   | cv32e40p_core_ip/core_i/id_stage_i/regfile_alu_we_ex_o_reg_0                                      | main_memory/prog_sys_rst_n_reg_0                          |               13 |             32 |         2.46 |
|  dutclk/inst/clk_out1                                                                        |                                                                                                   | qspi/qspi_iface_dut/rst_ni                                |               10 |             39 |         3.90 |
|  dutclk/inst/clk_out1                                                                        |                                                                                                   | main_memory/prog_sys_rst_n_reg_1                          |               19 |             43 |         2.26 |
|  core_i/clk                                                                                  |                                                                                                   | main_memory/prog_sys_rst_n_reg_0                          |               34 |             61 |         1.79 |
|  dutclk/inst/clk_out1                                                                        |                                                                                                   | timer_dut/timer_iface_dut/tt/counter[63]_i_1_n_0          |               11 |             64 |         5.82 |
|  core_i/clk                                                                                  | cv32e40p_core_ip/core_i/ex_stage_i/alu_i/alu_div_i/BReg_DP[31]_i_1_n_0                            | main_memory/prog_sys_rst_n_reg_0                          |               30 |             64 |         2.13 |
|  dutclk/inst/clk_out1                                                                        | obi_demux_dut/FSM_sequential_state_reg_inv_0[0]                                                   | main_memory/prog_sys_rst_n_reg_1                          |               25 |             66 |         2.64 |
|  core_i/clk                                                                                  | cv32e40p_core_ip/core_i/ex_stage_i/mult_i/FSM_sequential_mulh_CS_reg[2]_1[0]                      | main_memory/prog_sys_rst_n_reg_0                          |               36 |             68 |         1.89 |
|  dutclk/inst/clk_out1                                                                        | obi_demux_dut/E[0]                                                                                | main_memory/prog_sys_rst_n_reg_1                          |               23 |             71 |         3.09 |
|  core_i/clk                                                                                  | cv32e40p_core_ip/core_i/if_stage_i/aligner_i/instr_valid_id_o0                                    | main_memory/prog_sys_rst_n_reg_0                          |               49 |             71 |         1.45 |
|  dutclk/inst/clk_out1                                                                        | main_memory/simpleuart/FSM_onehot_state_prog_reg[1][0]                                            | qspi/qspi_iface_dut/rst_ni                                |               12 |             72 |         6.00 |
|  dutclk/inst/clk_out1                                                                        |                                                                                                   |                                                           |               34 |             75 |         2.21 |
|  dutclk/inst/clk_out1                                                                        | main_memory/E[0]                                                                                  |                                                           |               72 |            184 |         2.56 |
+----------------------------------------------------------------------------------------------+---------------------------------------------------------------------------------------------------+-----------------------------------------------------------+------------------+----------------+--------------+


