Copyright 1986-2022 Xilinx, Inc. All Rights Reserved.
------------------------------------------------------------------------------------------------------------------------------------------------------------------------------------------------------------------------
| Tool Version : Vivado v.2022.2 (lin64) Build 3671981 Fri Oct 14 04:59:54 MDT 2022
| Date         : Tue Mar 26 00:22:37 2024
| Host         : karpuz running 64-bit Ubuntu 22.04.4 LTS
| Command      : report_timing_summary -max_paths 10 -report_unconstrained -file prog_uart_timing_summary_routed.rpt -pb prog_uart_timing_summary_routed.pb -rpx prog_uart_timing_summary_routed.rpx -warn_on_violation
| Design       : prog_uart
| Device       : 7a35t-cpg236
| Speed File   : -1  PRODUCTION 1.23 2018-06-13
------------------------------------------------------------------------------------------------------------------------------------------------------------------------------------------------------------------------

Timing Summary Report

------------------------------------------------------------------------------------------------
| Timer Settings
| --------------
------------------------------------------------------------------------------------------------

  Enable Multi Corner Analysis               :  Yes
  Enable Pessimism Removal                   :  Yes
  Pessimism Removal Resolution               :  Nearest Common Node
  Enable Input Delay Default Clock           :  No
  Enable Preset / Clear Arcs                 :  No
  Disable Flight Delays                      :  No
  Ignore I/O Paths                           :  No
  Timing Early Launch at Borrowing Latches   :  No
  Borrow Time for Max Delay Exceptions       :  Yes
  Merge Timing Exceptions                    :  Yes

  Corner  Analyze    Analyze    
  Name    Max Paths  Min Paths  
  ------  ---------  ---------  
  Slow    Yes        Yes        
  Fast    Yes        Yes        


------------------------------------------------------------------------------------------------
| Report Methodology
| ------------------
------------------------------------------------------------------------------------------------

No report available as report_methodology has not been run prior. Run report_methodology on the current design for the summary of methodology violations.



check_timing report

Table of Contents
-----------------
1. checking no_clock (0)
2. checking constant_clock (0)
3. checking pulse_width_clock (0)
4. checking unconstrained_internal_endpoints (0)
5. checking no_input_delay (0)
6. checking no_output_delay (0)
7. checking multiple_clock (0)
8. checking generated_clocks (0)
9. checking loops (0)
10. checking partial_input_delay (0)
11. checking partial_output_delay (0)
12. checking latch_loops (0)

1. checking no_clock (0)
------------------------
 There are 0 register/latch pins with no clock.


2. checking constant_clock (0)
------------------------------
 There are 0 register/latch pins with constant_clock.


3. checking pulse_width_clock (0)
---------------------------------
 There are 0 register/latch pins which need pulse_width check


4. checking unconstrained_internal_endpoints (0)
------------------------------------------------
 There are 0 pins that are not constrained for maximum delay.

 There are 0 pins that are not constrained for maximum delay due to constant clock.


5. checking no_input_delay (0)
------------------------------
 There are 0 input ports with no input delay specified.

 There are 0 input ports with no input delay but user has a false path constraint.


6. checking no_output_delay (0)
-------------------------------
 There are 0 ports with no output delay specified.

 There are 0 ports with no output delay but user has a false path constraint

 There are 0 ports with no output delay but with a timing clock defined on it or propagating through it


7. checking multiple_clock (0)
------------------------------
 There are 0 register/latch pins with multiple clocks.


8. checking generated_clocks (0)
--------------------------------
 There are 0 generated clocks that are not connected to a clock source.


9. checking loops (0)
---------------------
 There are 0 combinational loops in the design.


10. checking partial_input_delay (0)
------------------------------------
 There are 0 input ports with partial input delay specified.


11. checking partial_output_delay (0)
-------------------------------------
 There are 0 ports with partial output delay specified.


12. checking latch_loops (0)
----------------------------
 There are 0 combinational latch loops in the design through latch input



------------------------------------------------------------------------------------------------
| Design Timing Summary
| ---------------------
------------------------------------------------------------------------------------------------

    WNS(ns)      TNS(ns)  TNS Failing Endpoints  TNS Total Endpoints      WHS(ns)      THS(ns)  THS Failing Endpoints  THS Total Endpoints     WPWS(ns)     TPWS(ns)  TPWS Failing Endpoints  TPWS Total Endpoints  
    -------      -------  ---------------------  -------------------      -------      -------  ---------------------  -------------------     --------     --------  ----------------------  --------------------  
        inf        0.000                      0                    3          inf        0.000                      0                    3           NA           NA                      NA                    NA  


There are no user specified timing constraints.


------------------------------------------------------------------------------------------------
| Clock Summary
| -------------
------------------------------------------------------------------------------------------------


------------------------------------------------------------------------------------------------
| Intra Clock Table
| -----------------
------------------------------------------------------------------------------------------------

Clock             WNS(ns)      TNS(ns)  TNS Failing Endpoints  TNS Total Endpoints      WHS(ns)      THS(ns)  THS Failing Endpoints  THS Total Endpoints     WPWS(ns)     TPWS(ns)  TPWS Failing Endpoints  TPWS Total Endpoints  
-----             -------      -------  ---------------------  -------------------      -------      -------  ---------------------  -------------------     --------     --------  ----------------------  --------------------  


------------------------------------------------------------------------------------------------
| Inter Clock Table
| -----------------
------------------------------------------------------------------------------------------------

From Clock    To Clock          WNS(ns)      TNS(ns)  TNS Failing Endpoints  TNS Total Endpoints      WHS(ns)      THS(ns)  THS Failing Endpoints  THS Total Endpoints  
----------    --------          -------      -------  ---------------------  -------------------      -------      -------  ---------------------  -------------------  


------------------------------------------------------------------------------------------------
| Other Path Groups Table
| -----------------------
------------------------------------------------------------------------------------------------

Path Group    From Clock    To Clock          WNS(ns)      TNS(ns)  TNS Failing Endpoints  TNS Total Endpoints      WHS(ns)      THS(ns)  THS Failing Endpoints  THS Total Endpoints  
----------    ----------    --------          -------      -------  ---------------------  -------------------      -------      -------  ---------------------  -------------------  


------------------------------------------------------------------------------------------------
| User Ignored Path Table
| -----------------------
------------------------------------------------------------------------------------------------

Path Group    From Clock    To Clock    
----------    ----------    --------    


------------------------------------------------------------------------------------------------
| Unconstrained Path Table
| ------------------------
------------------------------------------------------------------------------------------------

Path Group    From Clock    To Clock    
----------    ----------    --------    
(none)                                    


------------------------------------------------------------------------------------------------
| Timing Details
| --------------
------------------------------------------------------------------------------------------------


--------------------------------------------------------------------------------------
Path Group:  (none)
From Clock:  
  To Clock:  

Max Delay             3 Endpoints
Min Delay             3 Endpoints
--------------------------------------------------------------------------------------


Max Delay Paths
--------------------------------------------------------------------------------------
Slack:                    inf
  Source:                 uart_coming
                            (input port)
  Destination:            led_tx_o
                            (output port)
  Path Group:             (none)
  Path Type:              Max at Slow Process Corner
  Data Path Delay:        9.947ns  (logic 4.961ns (49.876%)  route 4.986ns (50.124%))
  Logic Levels:           2  (IBUF=1 OBUF=1)

    Location             Delay type                Incr(ns)  Path(ns)    Netlist Resource(s)
  -------------------------------------------------------------------    -------------------
    B18                                               0.000     0.000 r  uart_coming (IN)
                         net (fo=0)                   0.000     0.000    uart_coming
    B18                  IBUF (Prop_ibuf_I_O)         1.456     1.456 r  uart_coming_IBUF_inst/O
                         net (fo=2, routed)           4.986     6.442    led_tx_o_OBUF
    U16                  OBUF (Prop_obuf_I_O)         3.505     9.947 r  led_tx_o_OBUF_inst/O
                         net (fo=0)                   0.000     9.947    led_tx_o
    U16                                                               r  led_tx_o (OUT)
  -------------------------------------------------------------------    -------------------

Slack:                    inf
  Source:                 uart_rx_i
                            (input port)
  Destination:            program_tx1_o
                            (output port)
  Path Group:             (none)
  Path Type:              Max at Slow Process Corner
  Data Path Delay:        9.174ns  (logic 5.000ns (54.498%)  route 4.174ns (45.502%))
  Logic Levels:           2  (IBUF=1 OBUF=1)

    Location             Delay type                Incr(ns)  Path(ns)    Netlist Resource(s)
  -------------------------------------------------------------------    -------------------
    K17                                               0.000     0.000 r  uart_rx_i (IN)
                         net (fo=0)                   0.000     0.000    uart_rx_i
    K17                  IBUF (Prop_ibuf_I_O)         1.482     1.482 r  uart_rx_i_IBUF_inst/O
                         net (fo=1, routed)           4.174     5.656    program_tx1_o_OBUF
    A18                  OBUF (Prop_obuf_I_O)         3.518     9.174 r  program_tx1_o_OBUF_inst/O
                         net (fo=0)                   0.000     9.174    program_tx1_o
    A18                                                               r  program_tx1_o (OUT)
  -------------------------------------------------------------------    -------------------

Slack:                    inf
  Source:                 uart_coming
                            (input port)
  Destination:            program_tx2_o
                            (output port)
  Path Group:             (none)
  Path Type:              Max at Slow Process Corner
  Data Path Delay:        9.138ns  (logic 4.987ns (54.575%)  route 4.151ns (45.425%))
  Logic Levels:           2  (IBUF=1 OBUF=1)

    Location             Delay type                Incr(ns)  Path(ns)    Netlist Resource(s)
  -------------------------------------------------------------------    -------------------
    B18                                               0.000     0.000 r  uart_coming (IN)
                         net (fo=0)                   0.000     0.000    uart_coming
    B18                  IBUF (Prop_ibuf_I_O)         1.456     1.456 r  uart_coming_IBUF_inst/O
                         net (fo=2, routed)           4.151     5.607    led_tx_o_OBUF
    L17                  OBUF (Prop_obuf_I_O)         3.531     9.138 r  program_tx2_o_OBUF_inst/O
                         net (fo=0)                   0.000     9.138    program_tx2_o
    L17                                                               r  program_tx2_o (OUT)
  -------------------------------------------------------------------    -------------------





Min Delay Paths
--------------------------------------------------------------------------------------
Slack:                    inf
  Source:                 uart_rx_i
                            (input port)
  Destination:            program_tx1_o
                            (output port)
  Path Group:             (none)
  Path Type:              Min at Fast Process Corner
  Data Path Delay:        2.764ns  (logic 1.469ns (53.133%)  route 1.295ns (46.867%))
  Logic Levels:           2  (IBUF=1 OBUF=1)

    Location             Delay type                Incr(ns)  Path(ns)    Netlist Resource(s)
  -------------------------------------------------------------------    -------------------
    K17                                               0.000     0.000 r  uart_rx_i (IN)
                         net (fo=0)                   0.000     0.000    uart_rx_i
    K17                  IBUF (Prop_ibuf_I_O)         0.250     0.250 r  uart_rx_i_IBUF_inst/O
                         net (fo=1, routed)           1.295     1.545    program_tx1_o_OBUF
    A18                  OBUF (Prop_obuf_I_O)         1.219     2.764 r  program_tx1_o_OBUF_inst/O
                         net (fo=0)                   0.000     2.764    program_tx1_o
    A18                                                               r  program_tx1_o (OUT)
  -------------------------------------------------------------------    -------------------

Slack:                    inf
  Source:                 uart_coming
                            (input port)
  Destination:            program_tx2_o
                            (output port)
  Path Group:             (none)
  Path Type:              Min at Fast Process Corner
  Data Path Delay:        2.767ns  (logic 1.456ns (52.623%)  route 1.311ns (47.377%))
  Logic Levels:           2  (IBUF=1 OBUF=1)

    Location             Delay type                Incr(ns)  Path(ns)    Netlist Resource(s)
  -------------------------------------------------------------------    -------------------
    B18                                               0.000     0.000 r  uart_coming (IN)
                         net (fo=0)                   0.000     0.000    uart_coming
    B18                  IBUF (Prop_ibuf_I_O)         0.224     0.224 r  uart_coming_IBUF_inst/O
                         net (fo=2, routed)           1.311     1.535    led_tx_o_OBUF
    L17                  OBUF (Prop_obuf_I_O)         1.232     2.767 r  program_tx2_o_OBUF_inst/O
                         net (fo=0)                   0.000     2.767    program_tx2_o
    L17                                                               r  program_tx2_o (OUT)
  -------------------------------------------------------------------    -------------------

Slack:                    inf
  Source:                 uart_coming
                            (input port)
  Destination:            led_tx_o
                            (output port)
  Path Group:             (none)
  Path Type:              Min at Fast Process Corner
  Data Path Delay:        3.105ns  (logic 1.430ns (46.064%)  route 1.675ns (53.936%))
  Logic Levels:           2  (IBUF=1 OBUF=1)

    Location             Delay type                Incr(ns)  Path(ns)    Netlist Resource(s)
  -------------------------------------------------------------------    -------------------
    B18                                               0.000     0.000 r  uart_coming (IN)
                         net (fo=0)                   0.000     0.000    uart_coming
    B18                  IBUF (Prop_ibuf_I_O)         0.224     0.224 r  uart_coming_IBUF_inst/O
                         net (fo=2, routed)           1.675     1.899    led_tx_o_OBUF
    U16                  OBUF (Prop_obuf_I_O)         1.206     3.105 r  led_tx_o_OBUF_inst/O
                         net (fo=0)                   0.000     3.105    led_tx_o
    U16                                                               r  led_tx_o (OUT)
  -------------------------------------------------------------------    -------------------





