Copyright 1986-2022 Xilinx, Inc. All Rights Reserved.
---------------------------------------------------------------------------------------------------------
| Tool Version : Vivado v.2022.2 (lin64) Build 3671981 Fri Oct 14 04:59:54 MDT 2022
| Date         : Tue Sep  3 18:10:44 2024
| Host         : karpuz running 64-bit Ubuntu 22.04.4 LTS
| Command      : report_utilization -file air_soc_utilization_synth.rpt -pb air_soc_utilization_synth.pb
| Design       : air_soc
| Device       : xcvu095-ffva2104-2-e
| Speed File   : -2
| Design State : Synthesized
---------------------------------------------------------------------------------------------------------

Utilization Design Information

Table of Contents
-----------------
1. CLB Logic
1.1 Summary of Registers by Type
2. BLOCKRAM
3. ARITHMETIC
4. I/O
5. CLOCK
6. ADVANCED
7. CONFIGURATION
8. Primitives
9. Black Boxes
10. Instantiated Netlists

1. CLB Logic
------------

+----------------------------+------+-------+------------+-----------+-------+
|          Site Type         | Used | Fixed | Prohibited | Available | Util% |
+----------------------------+------+-------+------------+-----------+-------+
| CLB LUTs*                  | 9672 |     0 |          0 |    537600 |  1.80 |
|   LUT as Logic             | 9664 |     0 |          0 |    537600 |  1.80 |
|   LUT as Memory            |    8 |     0 |          0 |     76800 |  0.01 |
|     LUT as Distributed RAM |    8 |     0 |            |           |       |
|     LUT as Shift Register  |    0 |     0 |            |           |       |
| CLB Registers              | 5606 |     0 |          0 |   1075200 |  0.52 |
|   Register as Flip Flop    | 4581 |     0 |          0 |   1075200 |  0.43 |
|   Register as Latch        | 1025 |     0 |          0 |   1075200 |  0.10 |
| CARRY8                     |  112 |     0 |          0 |     67200 |  0.17 |
| F7 Muxes                   |  337 |     0 |          0 |    268800 |  0.13 |
| F8 Muxes                   |   29 |     0 |          0 |    134400 |  0.02 |
| F9 Muxes                   |    0 |     0 |          0 |     67200 |  0.00 |
+----------------------------+------+-------+------------+-----------+-------+
* Warning! The Final LUT count, after physical optimizations and full implementation, is typically lower. Run opt_design after synthesis, if not already completed, for a more realistic count.
Warning! LUT value is adjusted to account for LUT combining.


1.1 Summary of Registers by Type
--------------------------------

+-------+--------------+-------------+--------------+
| Total | Clock Enable | Synchronous | Asynchronous |
+-------+--------------+-------------+--------------+
| 0     |            _ |           - |            - |
| 0     |            _ |           - |          Set |
| 0     |            _ |           - |        Reset |
| 0     |            _ |         Set |            - |
| 0     |            _ |       Reset |            - |
| 0     |          Yes |           - |            - |
| 445   |          Yes |           - |          Set |
| 3501  |          Yes |           - |        Reset |
| 2     |          Yes |         Set |            - |
| 1658  |          Yes |       Reset |            - |
+-------+--------------+-------------+--------------+


2. BLOCKRAM
-----------

+-------------------+------+-------+------------+-----------+-------+
|     Site Type     | Used | Fixed | Prohibited | Available | Util% |
+-------------------+------+-------+------------+-----------+-------+
| Block RAM Tile    |   32 |     0 |          0 |      1728 |  1.85 |
|   RAMB36/FIFO*    |   32 |     0 |          0 |      1728 |  1.85 |
|     RAMB36E2 only |   32 |       |            |           |       |
|   RAMB18          |    0 |     0 |          0 |      3456 |  0.00 |
+-------------------+------+-------+------------+-----------+-------+
* Note: Each Block RAM Tile only has one FIFO logic available and therefore can accommodate only one FIFO36E2 or one FIFO18E2. However, if a FIFO18E2 occupies a Block RAM Tile, that tile can still accommodate a RAMB18E2


3. ARITHMETIC
-------------

+----------------+------+-------+------------+-----------+-------+
|    Site Type   | Used | Fixed | Prohibited | Available | Util% |
+----------------+------+-------+------------+-----------+-------+
| DSPs           |    5 |     0 |          0 |       768 |  0.65 |
|   DSP48E2 only |    5 |       |            |           |       |
+----------------+------+-------+------------+-----------+-------+


4. I/O
------

+------------+------+-------+------------+-----------+-------+
|  Site Type | Used | Fixed | Prohibited | Available | Util% |
+------------+------+-------+------------+-----------+-------+
| Bonded IOB |    9 |     0 |          0 |       832 |  1.08 |
+------------+------+-------+------------+-----------+-------+


5. CLOCK
--------

+----------------------+------+-------+------------+-----------+-------+
|       Site Type      | Used | Fixed | Prohibited | Available | Util% |
+----------------------+------+-------+------------+-----------+-------+
| GLOBAL CLOCK BUFFERs |   12 |     0 |          0 |       960 |  1.25 |
|   BUFGCE             |   12 |     0 |          0 |       384 |  3.13 |
|   BUFGCE_DIV         |    0 |     0 |          0 |        64 |  0.00 |
|   BUFG_GT            |    0 |     0 |          0 |       384 |  0.00 |
|   BUFGCTRL*          |    0 |     0 |          0 |       128 |  0.00 |
| PLLE3_ADV            |    0 |     0 |          0 |        32 |  0.00 |
| MMCME3_ADV           |    0 |     0 |          0 |        16 |  0.00 |
+----------------------+------+-------+------------+-----------+-------+
* Note: Each used BUFGCTRL counts as two GLOBAL CLOCK BUFFERs. This table does not include global clocking resources, only buffer cell usage. See the Clock Utilization Report (report_clock_utilization) for detailed accounting of global clocking resource availability.


6. ADVANCED
-----------

+-----------------+------+-------+------------+-----------+-------+
|    Site Type    | Used | Fixed | Prohibited | Available | Util% |
+-----------------+------+-------+------------+-----------+-------+
| CMAC            |    0 |     0 |          0 |         4 |  0.00 |
| GTHE3_CHANNEL   |    0 |     0 |          0 |        28 |  0.00 |
| GTHE3_COMMON    |    0 |     0 |          0 |         7 |  0.00 |
| GTYE3_CHANNEL   |    0 |     0 |          0 |        24 |  0.00 |
| GTYE3_COMMON    |    0 |     0 |          0 |         6 |  0.00 |
| IBUFDS_GTE3     |    0 |     0 |          0 |        26 |  0.00 |
| ILKN            |    0 |     0 |          0 |         6 |  0.00 |
| OBUFDS_GTE3     |    0 |     0 |          0 |        26 |  0.00 |
| OBUFDS_GTE3_ADV |    0 |     0 |          0 |        26 |  0.00 |
| PCIE_3_1        |    0 |     0 |          0 |         4 |  0.00 |
| SYSMONE1        |    0 |     0 |          0 |         1 |  0.00 |
+-----------------+------+-------+------------+-----------+-------+


7. CONFIGURATION
----------------

+-------------+------+-------+------------+-----------+-------+
|  Site Type  | Used | Fixed | Prohibited | Available | Util% |
+-------------+------+-------+------------+-----------+-------+
| BSCANE2     |    0 |     0 |          0 |         4 |  0.00 |
| DNA_PORTE2  |    0 |     0 |          0 |         1 |  0.00 |
| EFUSE_USR   |    0 |     0 |          0 |         1 |  0.00 |
| FRAME_ECCE3 |    0 |     0 |          0 |         1 |  0.00 |
| ICAPE3      |    0 |     0 |          0 |         2 |  0.00 |
| MASTER_JTAG |    0 |     0 |          0 |         1 |  0.00 |
| STARTUPE3   |    0 |     0 |          0 |         1 |  0.00 |
+-------------+------+-------+------------+-----------+-------+


8. Primitives
-------------

+----------+------+---------------------+
| Ref Name | Used | Functional Category |
+----------+------+---------------------+
| LUT6     | 5200 |                 CLB |
| FDCE     | 2476 |            Register |
| LUT3     | 2003 |                 CLB |
| LUT5     | 1971 |                 CLB |
| FDRE     | 1658 |            Register |
| LUT4     | 1612 |                 CLB |
| LDCE     | 1025 |            Register |
| LUT2     |  727 |                 CLB |
| FDPE     |  445 |            Register |
| MUXF7    |  337 |                 CLB |
| CARRY8   |  112 |                 CLB |
| RAMB36E2 |   32 |            BLOCKRAM |
| MUXF8    |   29 |                 CLB |
| RAMD32   |   14 |                 CLB |
| BUFGCE   |   12 |               Clock |
| LUT1     |   11 |                 CLB |
| INBUF    |    6 |                 I/O |
| IBUFCTRL |    6 |              Others |
| DSP48E2  |    5 |          Arithmetic |
| OBUFT    |    4 |                 I/O |
| OBUF     |    3 |                 I/O |
| RAMS32   |    2 |                 CLB |
| FDSE     |    2 |            Register |
+----------+------+---------------------+


9. Black Boxes
--------------

+-----------+------+
|  Ref Name | Used |
+-----------+------+
| clk_wiz_0 |    1 |
+-----------+------+


10. Instantiated Netlists
-------------------------

+----------+------+
| Ref Name | Used |
+----------+------+


