Copyright 1986-2022 Xilinx, Inc. All Rights Reserved.
-----------------------------------------------------------------------------------------------------------
| Tool Version : Vivado v.2022.2 (lin64) Build 3671981 Fri Oct 14 04:59:54 MDT 2022
| Date         : Tue Sep  3 18:11:51 2024
| Host         : karpuz running 64-bit Ubuntu 22.04.4 LTS
| Command      : report_utilization -file air_soc_utilization_placed.rpt -pb air_soc_utilization_placed.pb
| Design       : air_soc
| Device       : xcvu095-ffva2104-2-e
| Speed File   : -2
| Design State : Fully Placed
-----------------------------------------------------------------------------------------------------------

Utilization Design Information

Table of Contents
-----------------
1. CLB Logic
1.1 Summary of Registers by Type
2. CLB Logic Distribution
3. BLOCKRAM
4. ARITHMETIC
5. I/O
6. CLOCK
7. ADVANCED
8. CONFIGURATION
9. Primitives
10. Black Boxes
11. Instantiated Netlists

1. CLB Logic
------------

+----------------------------+------+-------+------------+-----------+-------+
|          Site Type         | Used | Fixed | Prohibited | Available | Util% |
+----------------------------+------+-------+------------+-----------+-------+
| CLB LUTs                   | 9547 |     0 |          0 |    537600 |  1.78 |
|   LUT as Logic             | 9539 |     0 |          0 |    537600 |  1.77 |
|   LUT as Memory            |    8 |     0 |          0 |     76800 |  0.01 |
|     LUT as Distributed RAM |    8 |     0 |            |           |       |
|     LUT as Shift Register  |    0 |     0 |            |           |       |
| CLB Registers              | 5606 |     0 |          0 |   1075200 |  0.52 |
|   Register as Flip Flop    | 4581 |     0 |          0 |   1075200 |  0.43 |
|   Register as Latch        | 1025 |     0 |          0 |   1075200 |  0.10 |
| CARRY8                     |  112 |     0 |          0 |     67200 |  0.17 |
| F7 Muxes                   |  337 |     0 |          0 |    268800 |  0.13 |
| F8 Muxes                   |   29 |     0 |          0 |    134400 |  0.02 |
| F9 Muxes                   |    0 |     0 |          0 |     67200 |  0.00 |
+----------------------------+------+-------+------------+-----------+-------+
* Warning! LUT value is adjusted to account for LUT combining.


1.1 Summary of Registers by Type
--------------------------------

+-------+--------------+-------------+--------------+
| Total | Clock Enable | Synchronous | Asynchronous |
+-------+--------------+-------------+--------------+
| 0     |            _ |           - |            - |
| 0     |            _ |           - |          Set |
| 0     |            _ |           - |        Reset |
| 0     |            _ |         Set |            - |
| 0     |            _ |       Reset |            - |
| 0     |          Yes |           - |            - |
| 445   |          Yes |           - |          Set |
| 3501  |          Yes |           - |        Reset |
| 2     |          Yes |         Set |            - |
| 1658  |          Yes |       Reset |            - |
+-------+--------------+-------------+--------------+


2. CLB Logic Distribution
-------------------------

+--------------------------------------------+------+-------+------------+-----------+-------+
|                  Site Type                 | Used | Fixed | Prohibited | Available | Util% |
+--------------------------------------------+------+-------+------------+-----------+-------+
| CLB                                        | 1984 |     0 |          0 |     67200 |  2.95 |
|   CLBL                                     | 1730 |     0 |            |           |       |
|   CLBM                                     |  254 |     0 |            |           |       |
| LUT as Logic                               | 9539 |     0 |          0 |    537600 |  1.77 |
|   using O5 output only                     |   55 |       |            |           |       |
|   using O6 output only                     | 7469 |       |            |           |       |
|   using O5 and O6                          | 2015 |       |            |           |       |
| LUT as Memory                              |    8 |     0 |          0 |     76800 |  0.01 |
|   LUT as Distributed RAM                   |    8 |     0 |            |           |       |
|     using O5 output only                   |    0 |       |            |           |       |
|     using O6 output only                   |    0 |       |            |           |       |
|     using O5 and O6                        |    8 |       |            |           |       |
|   LUT as Shift Register                    |    0 |     0 |            |           |       |
| CLB Registers                              | 5606 |     0 |          0 |   1075200 |  0.52 |
|   Register driven from within the CLB      | 2641 |       |            |           |       |
|   Register driven from outside the CLB     | 2965 |       |            |           |       |
|     LUT in front of the register is unused | 1355 |       |            |           |       |
|     LUT in front of the register is used   | 1610 |       |            |           |       |
| Unique Control Sets                        |  347 |       |          0 |    134400 |  0.26 |
+--------------------------------------------+------+-------+------------+-----------+-------+
* * Note: Available Control Sets calculated as Slices * 2, Review the Control Sets Report for more information regarding control sets.


3. BLOCKRAM
-----------

+-------------------+------+-------+------------+-----------+-------+
|     Site Type     | Used | Fixed | Prohibited | Available | Util% |
+-------------------+------+-------+------------+-----------+-------+
| Block RAM Tile    |   32 |     0 |          0 |      1728 |  1.85 |
|   RAMB36/FIFO*    |   32 |     0 |          0 |      1728 |  1.85 |
|     RAMB36E2 only |   32 |       |            |           |       |
|   RAMB18          |    0 |     0 |          0 |      3456 |  0.00 |
+-------------------+------+-------+------------+-----------+-------+
* Note: Each Block RAM Tile only has one FIFO logic available and therefore can accommodate only one FIFO36E2 or one FIFO18E2. However, if a FIFO18E2 occupies a Block RAM Tile, that tile can still accommodate a RAMB18E2


4. ARITHMETIC
-------------

+----------------+------+-------+------------+-----------+-------+
|    Site Type   | Used | Fixed | Prohibited | Available | Util% |
+----------------+------+-------+------------+-----------+-------+
| DSPs           |    5 |     0 |          0 |       768 |  0.65 |
|   DSP48E2 only |    5 |       |            |           |       |
+----------------+------+-------+------------+-----------+-------+


5. I/O
------

+------------------+------+-------+------------+-----------+-------+
|     Site Type    | Used | Fixed | Prohibited | Available | Util% |
+------------------+------+-------+------------+-----------+-------+
| Bonded IOB       |   11 |    11 |          0 |       832 |  1.32 |
| HPIOB            |    9 |     9 |          0 |       780 |  1.15 |
|   INPUT          |    3 |       |            |           |       |
|   OUTPUT         |    2 |       |            |           |       |
|   BIDIR          |    4 |       |            |           |       |
| HRIO             |    2 |     2 |          0 |        52 |  3.85 |
|   INPUT          |    1 |       |            |           |       |
|   OUTPUT         |    1 |       |            |           |       |
|   BIDIR          |    0 |       |            |           |       |
| HPIOBDIFFINBUF   |    1 |     1 |          0 |       360 |  0.28 |
|   DIFFINBUF      |    1 |     1 |            |           |       |
| HPIOBDIFFOUTBUF  |    0 |     0 |          0 |       360 |  0.00 |
| HRIODIFFINBUF    |    0 |     0 |          0 |        24 |  0.00 |
| HRIODIFFOUTBUF   |    0 |     0 |          0 |        24 |  0.00 |
| BITSLICE_CONTROL |    0 |     0 |          0 |       128 |  0.00 |
| BITSLICE_RX_TX   |    0 |     0 |          0 |      4992 |  0.00 |
| BITSLICE_TX      |    0 |     0 |          0 |       128 |  0.00 |
| RIU_OR           |    0 |     0 |          0 |        64 |  0.00 |
+------------------+------+-------+------------+-----------+-------+


6. CLOCK
--------

+----------------------+------+-------+------------+-----------+-------+
|       Site Type      | Used | Fixed | Prohibited | Available | Util% |
+----------------------+------+-------+------------+-----------+-------+
| GLOBAL CLOCK BUFFERs |   24 |     0 |          0 |       960 |  2.50 |
|   BUFGCE             |   24 |     0 |          0 |       384 |  6.25 |
|   BUFGCE_DIV         |    0 |     0 |          0 |        64 |  0.00 |
|   BUFG_GT            |    0 |     0 |          0 |       384 |  0.00 |
|   BUFGCTRL*          |    0 |     0 |          0 |       128 |  0.00 |
| PLLE3_ADV            |    0 |     0 |          0 |        32 |  0.00 |
| MMCME3_ADV           |    1 |     0 |          0 |        16 |  6.25 |
+----------------------+------+-------+------------+-----------+-------+
* Note: Each used BUFGCTRL counts as two GLOBAL CLOCK BUFFERs. This table does not include global clocking resources, only buffer cell usage. See the Clock Utilization Report (report_clock_utilization) for detailed accounting of global clocking resource availability.


7. ADVANCED
-----------

+-----------------+------+-------+------------+-----------+-------+
|    Site Type    | Used | Fixed | Prohibited | Available | Util% |
+-----------------+------+-------+------------+-----------+-------+
| CMAC            |    0 |     0 |          0 |         4 |  0.00 |
| GTHE3_CHANNEL   |    0 |     0 |          0 |        28 |  0.00 |
| GTHE3_COMMON    |    0 |     0 |          0 |         7 |  0.00 |
| GTYE3_CHANNEL   |    0 |     0 |          0 |        24 |  0.00 |
| GTYE3_COMMON    |    0 |     0 |          0 |         6 |  0.00 |
| IBUFDS_GTE3     |    0 |     0 |          0 |        26 |  0.00 |
| ILKN            |    0 |     0 |          0 |         6 |  0.00 |
| OBUFDS_GTE3     |    0 |     0 |          0 |        26 |  0.00 |
| OBUFDS_GTE3_ADV |    0 |     0 |          0 |        26 |  0.00 |
| PCIE_3_1        |    0 |     0 |          0 |         4 |  0.00 |
| SYSMONE1        |    0 |     0 |          0 |         1 |  0.00 |
+-----------------+------+-------+------------+-----------+-------+


8. CONFIGURATION
----------------

+-------------+------+-------+------------+-----------+-------+
|  Site Type  | Used | Fixed | Prohibited | Available | Util% |
+-------------+------+-------+------------+-----------+-------+
| BSCANE2     |    0 |     0 |          0 |         4 |  0.00 |
| DNA_PORTE2  |    0 |     0 |          0 |         1 |  0.00 |
| EFUSE_USR   |    0 |     0 |          0 |         1 |  0.00 |
| FRAME_ECCE3 |    0 |     0 |          0 |         1 |  0.00 |
| ICAPE3      |    0 |     0 |          0 |         2 |  0.00 |
| MASTER_JTAG |    0 |     0 |          0 |         1 |  0.00 |
| STARTUPE3   |    0 |     0 |          0 |         1 |  0.00 |
+-------------+------+-------+------------+-----------+-------+


9. Primitives
-------------

+------------+------+---------------------+
|  Ref Name  | Used | Functional Category |
+------------+------+---------------------+
| LUT6       | 5200 |                 CLB |
| FDCE       | 2476 |            Register |
| LUT3       | 2003 |                 CLB |
| LUT5       | 1971 |                 CLB |
| FDRE       | 1658 |            Register |
| LUT4       | 1612 |                 CLB |
| LDCE       | 1025 |            Register |
| LUT2       |  759 |                 CLB |
| FDPE       |  445 |            Register |
| MUXF7      |  337 |                 CLB |
| CARRY8     |  112 |                 CLB |
| RAMB36E2   |   32 |            BLOCKRAM |
| MUXF8      |   29 |                 CLB |
| BUFGCE     |   24 |               Clock |
| RAMD32     |   14 |                 CLB |
| LUT1       |    9 |                 CLB |
| IBUFCTRL   |    7 |              Others |
| INBUF      |    6 |                 I/O |
| DSP48E2    |    5 |          Arithmetic |
| OBUFT      |    4 |                 I/O |
| OBUF       |    3 |                 I/O |
| RAMS32     |    2 |                 CLB |
| FDSE       |    2 |            Register |
| MMCME3_ADV |    1 |               Clock |
| DIFFINBUF  |    1 |                 I/O |
+------------+------+---------------------+


10. Black Boxes
---------------

+----------+------+
| Ref Name | Used |
+----------+------+


11. Instantiated Netlists
-------------------------

+-----------+------+
|  Ref Name | Used |
+-----------+------+
| clk_wiz_0 |    1 |
+-----------+------+


