Copyright 1986-2022 Xilinx, Inc. All Rights Reserved.
-------------------------------------------------------------------------------------------------------------------------------------------
| Tool Version     : Vivado v.2022.2 (lin64) Build 3671981 Fri Oct 14 04:59:54 MDT 2022
| Date             : Tue Sep  3 18:13:33 2024
| Host             : karpuz running 64-bit Ubuntu 22.04.4 LTS
| Command          : report_power -file air_soc_power_routed.rpt -pb air_soc_power_summary_routed.pb -rpx air_soc_power_routed.rpx
| Design           : air_soc
| Device           : xcvu095-ffva2104-2-e
| Design State     : routed
| Grade            : extended
| Process          : typical
| Characterization : Production
-------------------------------------------------------------------------------------------------------------------------------------------

Power Report

Table of Contents
-----------------
1. Summary
1.1 On-Chip Components
1.2 Power Supply Summary
1.3 Confidence Level
2. Settings
2.1 Environment
2.2 Clock Constraints
3. Detailed Reports
3.1 By Hierarchy

1. Summary
----------

+--------------------------+--------------+
| Total On-Chip Power (W)  | 1.104        |
| Design Power Budget (W)  | Unspecified* |
| Power Budget Margin (W)  | NA           |
| Dynamic (W)              | 0.195        |
| Device Static (W)        | 0.909        |
| Effective TJA (C/W)      | 0.8          |
| Max Ambient (C)          | 99.1         |
| Junction Temperature (C) | 25.9         |
| Confidence Level         | Low          |
| Setting File             | ---          |
| Simulation Activity File | ---          |
| Design Nets Matched      | NA           |
+--------------------------+--------------+
* Specify Design Power Budget using, set_operating_conditions -design_power_budget <value in Watts>


1.1 On-Chip Components
----------------------

+--------------------------+-----------+----------+-----------+-----------------+
| On-Chip                  | Power (W) | Used     | Available | Utilization (%) |
+--------------------------+-----------+----------+-----------+-----------------+
| Clocks                   |     0.033 |        4 |       --- |             --- |
| CLB Logic                |     0.008 |    17801 |       --- |             --- |
|   LUT as Logic           |     0.007 |     9539 |    537600 |            1.77 |
|   Register               |    <0.001 |     5606 |   1075200 |            0.52 |
|   CARRY8                 |    <0.001 |      112 |     67200 |            0.17 |
|   LUT as Distributed RAM |    <0.001 |        8 |     76800 |            0.01 |
|   F7/F8 Muxes            |    <0.001 |      366 |    537600 |            0.07 |
|   Others                 |     0.000 |      147 |       --- |             --- |
| Signals                  |     0.015 |    15147 |       --- |             --- |
| Block RAM                |     0.010 |       32 |      1728 |            1.85 |
| MMCM                     |     0.125 |        1 |        16 |            6.25 |
| DSPs                     |    <0.001 |        5 |       768 |            0.65 |
| I/O                      |     0.004 |       11 |       832 |            1.32 |
| Static Power             |     0.909 |          |           |                 |
| Total                    |     1.104 |          |           |                 |
+--------------------------+-----------+----------+-----------+-----------------+


1.2 Power Supply Summary
------------------------

+------------+-------------+-----------+-------------+------------+-------------+-------------+------------+
| Source     | Voltage (V) | Total (A) | Dynamic (A) | Static (A) | Powerup (A) | Budget (A)  | Margin (A) |
+------------+-------------+-----------+-------------+------------+-------------+-------------+------------+
| Vccint     |       0.950 |     0.388 |       0.070 |      0.318 |       NA    | Unspecified | NA         |
| Vccaux     |       1.800 |     0.241 |       0.069 |      0.172 |       NA    | Unspecified | NA         |
| Vccaux_io  |       1.800 |     0.124 |       0.002 |      0.122 |       NA    | Unspecified | NA         |
| Vccint_io  |       0.950 |     0.026 |       0.001 |      0.025 |       NA    | Unspecified | NA         |
| Vcco33     |       3.300 |     0.000 |       0.000 |      0.000 |       NA    | Unspecified | NA         |
| Vcco25     |       2.500 |     0.000 |       0.000 |      0.000 |       NA    | Unspecified | NA         |
| Vcco18     |       1.800 |     0.000 |       0.000 |      0.000 |       NA    | Unspecified | NA         |
| Vcco15     |       1.500 |     0.000 |       0.000 |      0.000 |       NA    | Unspecified | NA         |
| Vcco135    |       1.350 |     0.000 |       0.000 |      0.000 |       NA    | Unspecified | NA         |
| Vcco12     |       1.200 |     0.000 |       0.000 |      0.000 |       NA    | Unspecified | NA         |
| Vcco10     |       1.000 |     0.000 |       0.000 |      0.000 |       NA    | Unspecified | NA         |
| Vccbram    |       0.950 |     0.031 |       0.000 |      0.031 |       NA    | Unspecified | NA         |
| MGTAVcc    |       1.000 |     0.000 |       0.000 |      0.000 |       NA    | Unspecified | NA         |
| MGTAVtt    |       1.200 |     0.000 |       0.000 |      0.000 |       NA    | Unspecified | NA         |
| MGTVccaux  |       1.800 |     0.000 |       0.000 |      0.000 |       NA    | Unspecified | NA         |
| Vccadc     |       1.800 |     0.014 |       0.000 |      0.014 |       NA    | Unspecified | NA         |
| MGTYVccaux |       1.800 |     0.000 |       0.000 |      0.000 |       NA    | Unspecified | NA         |
| MGTYAVcc   |       1.000 |     0.000 |       0.000 |      0.000 |       NA    | Unspecified | NA         |
| MGTYAVtt   |       1.200 |     0.000 |       0.000 |      0.000 |       NA    | Unspecified | NA         |
+------------+-------------+-----------+-------------+------------+-------------+-------------+------------+


1.3 Confidence Level
--------------------

+-----------------------------+------------+--------------------------------------------------------+------------------------------------------------------------------------------------------------------------+
| User Input Data             | Confidence | Details                                                | Action                                                                                                     |
+-----------------------------+------------+--------------------------------------------------------+------------------------------------------------------------------------------------------------------------+
| Design implementation state | High       | Design is routed                                       |                                                                                                            |
| Clock nodes activity        | High       | User specified more than 95% of clocks                 |                                                                                                            |
| I/O nodes activity          | Low        | More than 75% of inputs are missing user specification | Provide missing input activity with simulation results or by editing the "By Resource Type -> I/Os" view   |
| Internal nodes activity     | Medium     | User specified less than 25% of internal nodes         | Provide missing internal nodes activity with simulation results or by editing the "By Resource Type" views |
| Device models               | High       | Device models are Production                           |                                                                                                            |
|                             |            |                                                        |                                                                                                            |
| Overall confidence level    | Low        |                                                        |                                                                                                            |
+-----------------------------+------------+--------------------------------------------------------+------------------------------------------------------------------------------------------------------------+


2. Settings
-----------

2.1 Environment
---------------

+-----------------------+--------------------------+
| Ambient Temp (C)      | 25.0                     |
| ThetaJA (C/W)         | 0.8                      |
| Airflow (LFM)         | 250                      |
| Heat Sink             | medium (Medium Profile)  |
| ThetaSA (C/W)         | 1.2                      |
| Board Selection       | medium (10"x10")         |
| # of Board Layers     | 12to15 (12 to 15 Layers) |
| Board Temperature (C) | 25.0                     |
+-----------------------+--------------------------+


2.2 Clock Constraints
---------------------

+----------------------+--------------------------------+-----------------+
| Clock                | Domain                         | Constraint (ns) |
+----------------------+--------------------------------+-----------------+
| clk_125mhz_p         | clk_p                          |             8.0 |
| clk_out1_clk_wiz_0_1 | dutclk/inst/clk_out1_clk_wiz_0 |            16.7 |
+----------------------+--------------------------------+-----------------+


3. Detailed Reports
-------------------

3.1 By Hierarchy
----------------

+----------------------+-----------+
| Name                 | Power (W) |
+----------------------+-----------+
| air_soc              |     0.195 |
|   cv32e40p_core_ip   |     0.034 |
|     core_i           |     0.034 |
|       cs_registers_i |     0.001 |
|       ex_stage_i     |     0.002 |
|       id_stage_i     |     0.026 |
|       if_stage_i     |     0.004 |
|   dcache             |     0.009 |
|     way0             |     0.003 |
|     way1             |     0.005 |
|   dutclk             |     0.127 |
|     inst             |     0.127 |
|       clkin1_ibufds  |     0.003 |
|   icache             |     0.006 |
|     way0             |     0.003 |
|     way1             |     0.002 |
|   main_memory        |     0.010 |
|   obi_demux_dut      |     0.002 |
|   qspi               |     0.003 |
|     qspi_iface_dut   |     0.003 |
|   timer              |     0.002 |
|     timer_iface_dut  |     0.001 |
+----------------------+-----------+


