Copyright 1986-2022 Xilinx, Inc. All Rights Reserved.
---------------------------------------------------------------------------------------------------------------
| Tool Version : Vivado v.2022.2 (lin64) Build 3671981 Fri Oct 14 04:59:54 MDT 2022
| Date         : Tue Sep  3 18:13:27 2024
| Host         : karpuz running 64-bit Ubuntu 22.04.4 LTS
| Command      : report_drc -file air_soc_drc_routed.rpt -pb air_soc_drc_routed.pb -rpx air_soc_drc_routed.rpx
| Design       : air_soc
| Device       : xcvu095-ffva2104-2-e
| Speed File   : -2
| Design State : Fully Routed
---------------------------------------------------------------------------------------------------------------

Report DRC

Table of Contents
-----------------
1. REPORT SUMMARY
2. REPORT DETAILS

1. REPORT SUMMARY
-----------------
            Netlist: netlist
          Floorplan: design_1
      Design limits: <entire design considered>
           Ruledeck: default
             Max violations: <unlimited>
             Violations found: 27
+----------+----------+------------------------+------------+
| Rule     | Severity | Description            | Violations |
+----------+----------+------------------------+------------+
| DPIP-2   | Warning  | Input pipelining       | 8          |
| DPOP-3   | Warning  | PREG Output pipelining | 4          |
| DPOP-4   | Warning  | MREG Output pipelining | 3          |
| PDRC-153 | Warning  | Gated clock check      | 12         |
+----------+----------+------------------------+------------+

2. REPORT DETAILS
-----------------
DPIP-2#1 Warning
Input pipelining  
DSP cv32e40p_core_ip/core_i/ex_stage_i/mult_i/ input cv32e40p_core_ip/core_i/ex_stage_i/mult_i//A[29:0] is not pipelined. Pipelining DSP48 input will improve performance.
Related violations: <none>

DPIP-2#2 Warning
Input pipelining  
DSP cv32e40p_core_ip/core_i/ex_stage_i/mult_i/ input cv32e40p_core_ip/core_i/ex_stage_i/mult_i//B[17:0] is not pipelined. Pipelining DSP48 input will improve performance.
Related violations: <none>

DPIP-2#3 Warning
Input pipelining  
DSP cv32e40p_core_ip/core_i/ex_stage_i/mult_i/__0 input cv32e40p_core_ip/core_i/ex_stage_i/mult_i/__0/A[29:0] is not pipelined. Pipelining DSP48 input will improve performance.
Related violations: <none>

DPIP-2#4 Warning
Input pipelining  
DSP cv32e40p_core_ip/core_i/ex_stage_i/mult_i/__0 input cv32e40p_core_ip/core_i/ex_stage_i/mult_i/__0/B[17:0] is not pipelined. Pipelining DSP48 input will improve performance.
Related violations: <none>

DPIP-2#5 Warning
Input pipelining  
DSP cv32e40p_core_ip/core_i/ex_stage_i/mult_i/__1 input cv32e40p_core_ip/core_i/ex_stage_i/mult_i/__1/B[17:0] is not pipelined. Pipelining DSP48 input will improve performance.
Related violations: <none>

DPIP-2#6 Warning
Input pipelining  
DSP cv32e40p_core_ip/core_i/ex_stage_i/mult_i/short_mac input cv32e40p_core_ip/core_i/ex_stage_i/mult_i/short_mac/C[47:0] is not pipelined. Pipelining DSP48 input will improve performance.
Related violations: <none>

DPIP-2#7 Warning
Input pipelining  
DSP cv32e40p_core_ip/core_i/ex_stage_i/mult_i/short_mul input cv32e40p_core_ip/core_i/ex_stage_i/mult_i/short_mul/A[29:0] is not pipelined. Pipelining DSP48 input will improve performance.
Related violations: <none>

DPIP-2#8 Warning
Input pipelining  
DSP cv32e40p_core_ip/core_i/ex_stage_i/mult_i/short_mul input cv32e40p_core_ip/core_i/ex_stage_i/mult_i/short_mul/B[17:0] is not pipelined. Pipelining DSP48 input will improve performance.
Related violations: <none>

DPOP-3#1 Warning
PREG Output pipelining  
DSP cv32e40p_core_ip/core_i/ex_stage_i/mult_i/ output cv32e40p_core_ip/core_i/ex_stage_i/mult_i//P[47:0] is not pipelined (PREG=0). Pipelining the DSP48 output will improve performance and often saves power so it is suggested whenever possible to fully pipeline this function.  If this DSP48 function was inferred, it is suggested to describe an additional register stage after this function.  If the DSP48 was instantiated in the design, it is suggested to set the PREG attribute to 1.
Related violations: <none>

DPOP-3#2 Warning
PREG Output pipelining  
DSP cv32e40p_core_ip/core_i/ex_stage_i/mult_i/__0 output cv32e40p_core_ip/core_i/ex_stage_i/mult_i/__0/P[47:0] is not pipelined (PREG=0). Pipelining the DSP48 output will improve performance and often saves power so it is suggested whenever possible to fully pipeline this function.  If this DSP48 function was inferred, it is suggested to describe an additional register stage after this function.  If the DSP48 was instantiated in the design, it is suggested to set the PREG attribute to 1.
Related violations: <none>

DPOP-3#3 Warning
PREG Output pipelining  
DSP cv32e40p_core_ip/core_i/ex_stage_i/mult_i/__1 output cv32e40p_core_ip/core_i/ex_stage_i/mult_i/__1/P[47:0] is not pipelined (PREG=0). Pipelining the DSP48 output will improve performance and often saves power so it is suggested whenever possible to fully pipeline this function.  If this DSP48 function was inferred, it is suggested to describe an additional register stage after this function.  If the DSP48 was instantiated in the design, it is suggested to set the PREG attribute to 1.
Related violations: <none>

DPOP-3#4 Warning
PREG Output pipelining  
DSP cv32e40p_core_ip/core_i/ex_stage_i/mult_i/short_mac output cv32e40p_core_ip/core_i/ex_stage_i/mult_i/short_mac/P[47:0] is not pipelined (PREG=0). Pipelining the DSP48 output will improve performance and often saves power so it is suggested whenever possible to fully pipeline this function.  If this DSP48 function was inferred, it is suggested to describe an additional register stage after this function.  If the DSP48 was instantiated in the design, it is suggested to set the PREG attribute to 1.
Related violations: <none>

DPOP-4#1 Warning
MREG Output pipelining  
DSP cv32e40p_core_ip/core_i/ex_stage_i/mult_i/ multiplier stage cv32e40p_core_ip/core_i/ex_stage_i/mult_i//P[47:0] is not pipelined (MREG=0). Pipelining the multiplier function will improve performance and will save significant power so it is suggested whenever possible to fully pipeline this function.  If this multiplier was inferred, it is suggested to describe an additional register stage after this function.  If there is no registered adder/accumulator following the multiply function, two pipeline stages are suggested to allow both the MREG and PREG registers to be used.  If the DSP48 was instantiated in the design, it is suggested to set both the MREG and PREG attributes to 1 when performing multiply functions.
Related violations: <none>

DPOP-4#2 Warning
MREG Output pipelining  
DSP cv32e40p_core_ip/core_i/ex_stage_i/mult_i/__0 multiplier stage cv32e40p_core_ip/core_i/ex_stage_i/mult_i/__0/P[47:0] is not pipelined (MREG=0). Pipelining the multiplier function will improve performance and will save significant power so it is suggested whenever possible to fully pipeline this function.  If this multiplier was inferred, it is suggested to describe an additional register stage after this function.  If there is no registered adder/accumulator following the multiply function, two pipeline stages are suggested to allow both the MREG and PREG registers to be used.  If the DSP48 was instantiated in the design, it is suggested to set both the MREG and PREG attributes to 1 when performing multiply functions.
Related violations: <none>

DPOP-4#3 Warning
MREG Output pipelining  
DSP cv32e40p_core_ip/core_i/ex_stage_i/mult_i/__1 multiplier stage cv32e40p_core_ip/core_i/ex_stage_i/mult_i/__1/P[47:0] is not pipelined (MREG=0). Pipelining the multiplier function will improve performance and will save significant power so it is suggested whenever possible to fully pipeline this function.  If this multiplier was inferred, it is suggested to describe an additional register stage after this function.  If there is no registered adder/accumulator following the multiply function, two pipeline stages are suggested to allow both the MREG and PREG registers to be used.  If the DSP48 was instantiated in the design, it is suggested to set both the MREG and PREG attributes to 1 when performing multiply functions.
Related violations: <none>

PDRC-153#1 Warning
Gated clock check  
Net cv32e40p_core_ip/core_i/id_stage_i/register_file_i/CG_WE_GLOBAL/clk_en_reg_1[0] is a gated clock net sourced by a combinational pin cv32e40p_core_ip/core_i/id_stage_i/register_file_i/CG_WE_GLOBAL/mem_reg[29][31]_i_2/O, cell cv32e40p_core_ip/core_i/id_stage_i/register_file_i/CG_WE_GLOBAL/mem_reg[29][31]_i_2. This is not good design practice and will likely impact performance. For SLICE registers, for example, use the CE pin to control the loading of data.
Related violations: <none>

PDRC-153#2 Warning
Gated clock check  
Net cv32e40p_core_ip/core_i/id_stage_i/register_file_i/CG_WE_GLOBAL/clk_en_reg_29[0] is a gated clock net sourced by a combinational pin cv32e40p_core_ip/core_i/id_stage_i/register_file_i/CG_WE_GLOBAL/mem_reg[1][31]_i_2/O, cell cv32e40p_core_ip/core_i/id_stage_i/register_file_i/CG_WE_GLOBAL/mem_reg[1][31]_i_2. This is not good design practice and will likely impact performance. For SLICE registers, for example, use the CE pin to control the loading of data.
Related violations: <none>

PDRC-153#3 Warning
Gated clock check  
Net cv32e40p_core_ip/core_i/id_stage_i/register_file_i/CG_WE_GLOBAL/clk_en_reg_2[0] is a gated clock net sourced by a combinational pin cv32e40p_core_ip/core_i/id_stage_i/register_file_i/CG_WE_GLOBAL/mem_reg[28][31]_i_2/O, cell cv32e40p_core_ip/core_i/id_stage_i/register_file_i/CG_WE_GLOBAL/mem_reg[28][31]_i_2. This is not good design practice and will likely impact performance. For SLICE registers, for example, use the CE pin to control the loading of data.
Related violations: <none>

PDRC-153#4 Warning
Gated clock check  
Net cv32e40p_core_ip/core_i/id_stage_i/register_file_i/CG_WE_GLOBAL/clk_en_reg_3[0] is a gated clock net sourced by a combinational pin cv32e40p_core_ip/core_i/id_stage_i/register_file_i/CG_WE_GLOBAL/mem_reg[27][31]_i_2/O, cell cv32e40p_core_ip/core_i/id_stage_i/register_file_i/CG_WE_GLOBAL/mem_reg[27][31]_i_2. This is not good design practice and will likely impact performance. For SLICE registers, for example, use the CE pin to control the loading of data.
Related violations: <none>

PDRC-153#5 Warning
Gated clock check  
Net cv32e40p_core_ip/core_i/id_stage_i/register_file_i/CG_WE_GLOBAL/clk_en_reg_4[0] is a gated clock net sourced by a combinational pin cv32e40p_core_ip/core_i/id_stage_i/register_file_i/CG_WE_GLOBAL/mem_reg[26][31]_i_2/O, cell cv32e40p_core_ip/core_i/id_stage_i/register_file_i/CG_WE_GLOBAL/mem_reg[26][31]_i_2. This is not good design practice and will likely impact performance. For SLICE registers, for example, use the CE pin to control the loading of data.
Related violations: <none>

PDRC-153#6 Warning
Gated clock check  
Net cv32e40p_core_ip/core_i/id_stage_i/register_file_i/CG_WE_GLOBAL/clk_en_reg_5[0] is a gated clock net sourced by a combinational pin cv32e40p_core_ip/core_i/id_stage_i/register_file_i/CG_WE_GLOBAL/mem_reg[25][31]_i_2/O, cell cv32e40p_core_ip/core_i/id_stage_i/register_file_i/CG_WE_GLOBAL/mem_reg[25][31]_i_2. This is not good design practice and will likely impact performance. For SLICE registers, for example, use the CE pin to control the loading of data.
Related violations: <none>

PDRC-153#7 Warning
Gated clock check  
Net cv32e40p_core_ip/core_i/id_stage_i/register_file_i/CG_WE_GLOBAL/clk_en_reg_6[0] is a gated clock net sourced by a combinational pin cv32e40p_core_ip/core_i/id_stage_i/register_file_i/CG_WE_GLOBAL/mem_reg[24][31]_i_2/O, cell cv32e40p_core_ip/core_i/id_stage_i/register_file_i/CG_WE_GLOBAL/mem_reg[24][31]_i_2. This is not good design practice and will likely impact performance. For SLICE registers, for example, use the CE pin to control the loading of data.
Related violations: <none>

PDRC-153#8 Warning
Gated clock check  
Net cv32e40p_core_ip/core_i/id_stage_i/register_file_i/CG_WE_GLOBAL/clk_en_reg_7[0] is a gated clock net sourced by a combinational pin cv32e40p_core_ip/core_i/id_stage_i/register_file_i/CG_WE_GLOBAL/mem_reg[23][31]_i_2/O, cell cv32e40p_core_ip/core_i/id_stage_i/register_file_i/CG_WE_GLOBAL/mem_reg[23][31]_i_2. This is not good design practice and will likely impact performance. For SLICE registers, for example, use the CE pin to control the loading of data.
Related violations: <none>

PDRC-153#9 Warning
Gated clock check  
Net cv32e40p_core_ip/core_i/id_stage_i/register_file_i/CG_WE_GLOBAL/clk_en_reg_8[0] is a gated clock net sourced by a combinational pin cv32e40p_core_ip/core_i/id_stage_i/register_file_i/CG_WE_GLOBAL/mem_reg[22][31]_i_2/O, cell cv32e40p_core_ip/core_i/id_stage_i/register_file_i/CG_WE_GLOBAL/mem_reg[22][31]_i_2. This is not good design practice and will likely impact performance. For SLICE registers, for example, use the CE pin to control the loading of data.
Related violations: <none>

PDRC-153#10 Warning
Gated clock check  
Net cv32e40p_core_ip/core_i/id_stage_i/register_file_i/CG_WE_GLOBAL/clk_en_reg_9[0] is a gated clock net sourced by a combinational pin cv32e40p_core_ip/core_i/id_stage_i/register_file_i/CG_WE_GLOBAL/mem_reg[21][31]_i_2/O, cell cv32e40p_core_ip/core_i/id_stage_i/register_file_i/CG_WE_GLOBAL/mem_reg[21][31]_i_2. This is not good design practice and will likely impact performance. For SLICE registers, for example, use the CE pin to control the loading of data.
Related violations: <none>

PDRC-153#11 Warning
Gated clock check  
Net cv32e40p_core_ip/core_i/sleep_unit_i/core_clock_gate_i/bbstub_clk_out1 is a gated clock net sourced by a combinational pin cv32e40p_core_ip/core_i/sleep_unit_i/core_clock_gate_i/clk_en_reg_i_2/O, cell cv32e40p_core_ip/core_i/sleep_unit_i/core_clock_gate_i/clk_en_reg_i_2. This is not good design practice and will likely impact performance. For SLICE registers, for example, use the CE pin to control the loading of data.
Related violations: <none>

PDRC-153#12 Warning
Gated clock check  
Net cv32e40p_core_ip/core_i/sleep_unit_i/core_clock_gate_i/clk_en_reg_1 is a gated clock net sourced by a combinational pin cv32e40p_core_ip/core_i/sleep_unit_i/core_clock_gate_i/clk_en_reg_i_2__13/O, cell cv32e40p_core_ip/core_i/sleep_unit_i/core_clock_gate_i/clk_en_reg_i_2__13. This is not good design practice and will likely impact performance. For SLICE registers, for example, use the CE pin to control the loading of data.
Related violations: <none>


